Archive member included to satisfy reference by file (symbol)

c:/program files (x86)/atmel/studio/7.0/toolchain/arm/arm-gnu-toolchain/bin/../lib/gcc/arm-none-eabi/6.3.1/thumb/v6-m\libgcc.a(_udivsi3.o)
                              src/ASF/sam0/drivers/sercom/i2c/i2c_sam0/i2c_master.o (__aeabi_uidiv)
c:/program files (x86)/atmel/studio/7.0/toolchain/arm/arm-gnu-toolchain/bin/../lib/gcc/arm-none-eabi/6.3.1/thumb/v6-m\libgcc.a(_dvmd_tls.o)
                              c:/program files (x86)/atmel/studio/7.0/toolchain/arm/arm-gnu-toolchain/bin/../lib/gcc/arm-none-eabi/6.3.1/thumb/v6-m\libgcc.a(_udivsi3.o) (__aeabi_idiv0)
c:/program files (x86)/atmel/studio/7.0/toolchain/arm/arm-gnu-toolchain/bin/../lib/gcc/arm-none-eabi/6.3.1/thumb/v6-m\libgcc.a(_aeabi_uldivmod.o)
                              src/ADXL345.o (__aeabi_uldivmod)
c:/program files (x86)/atmel/studio/7.0/toolchain/arm/arm-gnu-toolchain/bin/../lib/gcc/arm-none-eabi/6.3.1/thumb/v6-m\libgcc.a(_muldi3.o)
                              src/ASF/sam0/drivers/sercom/sercom.o (__aeabi_lmul)
c:/program files (x86)/atmel/studio/7.0/toolchain/arm/arm-gnu-toolchain/bin/../lib/gcc/arm-none-eabi/6.3.1/thumb/v6-m\libgcc.a(_udivmoddi4.o)
                              c:/program files (x86)/atmel/studio/7.0/toolchain/arm/arm-gnu-toolchain/bin/../lib/gcc/arm-none-eabi/6.3.1/thumb/v6-m\libgcc.a(_aeabi_uldivmod.o) (__udivmoddi4)
c:/program files (x86)/atmel/studio/7.0/toolchain/arm/arm-gnu-toolchain/bin/../lib/gcc/arm-none-eabi/6.3.1/thumb/v6-m\libgcc.a(adddf3.o)
                              src/ASF/sam0/drivers/sercom/i2c/i2c_sam0/i2c_master.o (__aeabi_dadd)
c:/program files (x86)/atmel/studio/7.0/toolchain/arm/arm-gnu-toolchain/bin/../lib/gcc/arm-none-eabi/6.3.1/thumb/v6-m\libgcc.a(divdf3.o)
                              src/ASF/sam0/drivers/sercom/i2c/i2c_sam0/i2c_master.o (__aeabi_ddiv)
c:/program files (x86)/atmel/studio/7.0/toolchain/arm/arm-gnu-toolchain/bin/../lib/gcc/arm-none-eabi/6.3.1/thumb/v6-m\libgcc.a(muldf3.o)
                              src/ADXL345.o (__aeabi_dmul)
c:/program files (x86)/atmel/studio/7.0/toolchain/arm/arm-gnu-toolchain/bin/../lib/gcc/arm-none-eabi/6.3.1/thumb/v6-m\libgcc.a(subdf3.o)
                              src/ASF/sam0/drivers/sercom/i2c/i2c_sam0/i2c_master.o (__aeabi_dsub)
c:/program files (x86)/atmel/studio/7.0/toolchain/arm/arm-gnu-toolchain/bin/../lib/gcc/arm-none-eabi/6.3.1/thumb/v6-m\libgcc.a(fixdfsi.o)
                              src/ASF/sam0/drivers/sercom/i2c/i2c_sam0/i2c_master.o (__aeabi_d2iz)
c:/program files (x86)/atmel/studio/7.0/toolchain/arm/arm-gnu-toolchain/bin/../lib/gcc/arm-none-eabi/6.3.1/thumb/v6-m\libgcc.a(floatsidf.o)
                              src/ADXL345.o (__aeabi_i2d)
c:/program files (x86)/atmel/studio/7.0/toolchain/arm/arm-gnu-toolchain/bin/../lib/gcc/arm-none-eabi/6.3.1/thumb/v6-m\libgcc.a(floatunsidf.o)
                              src/ASF/sam0/drivers/sercom/i2c/i2c_sam0/i2c_master.o (__aeabi_ui2d)
c:/program files (x86)/atmel/studio/7.0/toolchain/arm/arm-gnu-toolchain/bin/../lib/gcc/arm-none-eabi/6.3.1/thumb/v6-m\libgcc.a(truncdfsf2.o)
                              src/ADXL345.o (__aeabi_d2f)
c:/program files (x86)/atmel/studio/7.0/toolchain/arm/arm-gnu-toolchain/bin/../lib/gcc/arm-none-eabi/6.3.1/thumb/v6-m\libgcc.a(_clzsi2.o)
                              c:/program files (x86)/atmel/studio/7.0/toolchain/arm/arm-gnu-toolchain/bin/../lib/gcc/arm-none-eabi/6.3.1/thumb/v6-m\libgcc.a(adddf3.o) (__clzsi2)
c:/program files (x86)/atmel/studio/7.0/toolchain/arm/arm-gnu-toolchain/bin/../lib/gcc/arm-none-eabi/6.3.1/thumb/v6-m\libgcc.a(_clzdi2.o)
                              c:/program files (x86)/atmel/studio/7.0/toolchain/arm/arm-gnu-toolchain/bin/../lib/gcc/arm-none-eabi/6.3.1/thumb/v6-m\libgcc.a(_udivmoddi4.o) (__clzdi2)
c:/program files (x86)/atmel/studio/7.0/toolchain/arm/arm-gnu-toolchain/bin/../lib/gcc/arm-none-eabi/6.3.1/../../../../arm-none-eabi/lib/thumb/v6-m\libc_nano.a(lib_a-exit.o)
                              c:/program files (x86)/atmel/studio/7.0/toolchain/arm/arm-gnu-toolchain/bin/../lib/gcc/arm-none-eabi/6.3.1/../../../../arm-none-eabi/lib/thumb/v6-m/crt0.o (exit)
c:/program files (x86)/atmel/studio/7.0/toolchain/arm/arm-gnu-toolchain/bin/../lib/gcc/arm-none-eabi/6.3.1/../../../../arm-none-eabi/lib/thumb/v6-m\libc_nano.a(lib_a-impure.o)
                              c:/program files (x86)/atmel/studio/7.0/toolchain/arm/arm-gnu-toolchain/bin/../lib/gcc/arm-none-eabi/6.3.1/../../../../arm-none-eabi/lib/thumb/v6-m\libc_nano.a(lib_a-exit.o) (_global_impure_ptr)
c:/program files (x86)/atmel/studio/7.0/toolchain/arm/arm-gnu-toolchain/bin/../lib/gcc/arm-none-eabi/6.3.1/../../../../arm-none-eabi/lib/thumb/v6-m\libc_nano.a(lib_a-init.o)
                              c:/program files (x86)/atmel/studio/7.0/toolchain/arm/arm-gnu-toolchain/bin/../lib/gcc/arm-none-eabi/6.3.1/../../../../arm-none-eabi/lib/thumb/v6-m/crt0.o (__libc_init_array)
[...]
Memory Configuration

Name             Origin             Length             Attributes
rom              0x00000000         0x00040000         xr
ram              0x20000000         0x00008000         xrw
*default*        0x00000000         0xffffffff

Linker script and memory map

LOAD c:/program files (x86)/atmel/studio/7.0/toolchain/arm/arm-gnu-toolchain/bin/../lib/gcc/arm-none-eabi/6.3.1/thumb/v6-m/crti.o
LOAD c:/program files (x86)/atmel/studio/7.0/toolchain/arm/arm-gnu-toolchain/bin/../lib/gcc/arm-none-eabi/6.3.1/thumb/v6-m/crtbegin.o
LOAD c:/program files (x86)/atmel/studio/7.0/toolchain/arm/arm-gnu-toolchain/bin/../lib/gcc/arm-none-eabi/6.3.1/../../../../arm-none-eabi/lib/thumb/v6-m/crt0.o
LOAD src/ADXL345.o
LOAD src/ASF/sam0/drivers/sercom/i2c/i2c_sam0/i2c_master.o
LOAD src/ASF/sam0/drivers/sercom/sercom.o
LOAD src/ASF/sam0/drivers/sercom/usart/usart.o
LOAD src/ASF/common2/services/delay/sam0/cycle_counter.o
LOAD src/ASF/common/utils/interrupt/interrupt_sam_nvic.o
LOAD src/ASF/sam0/boards/samw25_xplained_pro/board_init.o
LOAD src/ASF/sam0/drivers/port/port.o
LOAD src/ASF/sam0/drivers/system/clock/clock_samd21_r21_da_ha1/clock.o
LOAD src/ASF/sam0/drivers/system/clock/clock_samd21_r21_da_ha1/gclk.o
LOAD src/ASF/sam0/drivers/system/interrupt/system_interrupt.o
LOAD src/ASF/sam0/drivers/system/pinmux/pinmux.o
LOAD src/ASF/sam0/drivers/system/system.o
LOAD src/ASF/sam0/utils/cmsis/samd21/source/gcc/startup_samd21.o
LOAD src/ASF/sam0/utils/cmsis/samd21/source/system_samd21.o
LOAD src/ASF/sam0/utils/syscalls/gcc/syscalls.o
LOAD src/ASF/thirdparty/freertos/freertos-7.4.2/Source/croutine.o
LOAD src/ASF/thirdparty/freertos/freertos-7.4.2/Source/list.o
LOAD src/ASF/thirdparty/freertos/freertos-7.4.2/Source/portable/GCC/ARM_CM0/port.o
LOAD src/ASF/thirdparty/freertos/freertos-7.4.2/Source/portable/MemMang/heap_1.o
LOAD src/ASF/thirdparty/freertos/freertos-7.4.2/Source/queue.o
LOAD src/ASF/thirdparty/freertos/freertos-7.4.2/Source/tasks.o
LOAD src/ASF/thirdparty/freertos/freertos-7.4.2/Source/timers.o
LOAD src/main.o
START GROUP
LOAD ../src/ASF/thirdparty/CMSIS/Lib/GCC\libarm_cortexM0l_math.a
LOAD c:/program files (x86)/atmel/studio/7.0/toolchain/arm/arm-gnu-toolchain/bin/../lib/gcc/arm-none-eabi/6.3.1/../../../../arm-none-eabi/lib/thumb/v6-m\libm.a
END GROUP
START GROUP
LOAD c:/program files (x86)/atmel/studio/7.0/toolchain/arm/arm-gnu-toolchain/bin/../lib/gcc/arm-none-eabi/6.3.1/thumb/v6-m\libgcc.a
LOAD c:/program files (x86)/atmel/studio/7.0/toolchain/arm/arm-gnu-toolchain/bin/../lib/gcc/arm-none-eabi/6.3.1/../../../../arm-none-eabi/lib/thumb/v6-m\libc_nano.a
END GROUP
START GROUP
LOAD c:/program files (x86)/atmel/studio/7.0/toolchain/arm/arm-gnu-toolchain/bin/../lib/gcc/arm-none-eabi/6.3.1/thumb/v6-m\libgcc.a
LOAD c:/program files (x86)/atmel/studio/7.0/toolchain/arm/arm-gnu-toolchain/bin/../lib/gcc/arm-none-eabi/6.3.1/../../../../arm-none-eabi/lib/thumb/v6-m\libc_nano.a
LOAD c:/program files (x86)/atmel/studio/7.0/toolchain/arm/arm-gnu-toolchain/bin/../lib/gcc/arm-none-eabi/6.3.1/../../../../arm-none-eabi/lib/thumb/v6-m\libnosys.a
END GROUP
START GROUP
LOAD c:/program files (x86)/atmel/studio/7.0/toolchain/arm/arm-gnu-toolchain/bin/../lib/gcc/arm-none-eabi/6.3.1/thumb/v6-m\libgcc.a
LOAD c:/program files (x86)/atmel/studio/7.0/toolchain/arm/arm-gnu-toolchain/bin/../lib/gcc/arm-none-eabi/6.3.1/../../../../arm-none-eabi/lib/thumb/v6-m\libc_nano.a
LOAD c:/program files (x86)/atmel/studio/7.0/toolchain/arm/arm-gnu-toolchain/bin/../lib/gcc/arm-none-eabi/6.3.1/../../../../arm-none-eabi/lib/thumb/v6-m\libnosys.a
END GROUP
LOAD c:/program files (x86)/atmel/studio/7.0/toolchain/arm/arm-gnu-toolchain/bin/../lib/gcc/arm-none-eabi/6.3.1/thumb/v6-m/crtend.o
LOAD c:/program files (x86)/atmel/studio/7.0/toolchain/arm/arm-gnu-toolchain/bin/../lib/gcc/arm-none-eabi/6.3.1/thumb/v6-m/crtn.o
                0x00002000                STACK_SIZE = DEFINED (STACK_SIZE)?STACK_SIZE:DEFINED (__stack_size__)?__stack_size__:0x2000

.text           0x00000000     0x4e28
                0x00000000                . = ALIGN (0x4)
                0x00000000                _sfixed = .
 *(.vectors .vectors.*)
 .vectors       0x00000000       0xb4 src/ASF/sam0/utils/cmsis/samd21/source/gcc/startup_samd21.o
                0x00000000                exception_table
 *(.text .text.* .gnu.linkonce.t.*)
 .text          0x000000b4       0x60 c:/program files (x86)/atmel/studio/7.0/toolchain/arm/arm-gnu-toolchain/bin/../lib/gcc/arm-none-eabi/6.3.1/thumb/v6-m/crtbegin.o
 .text.ADXL345_ReadRegister
                0x00000114       0xd0 src/ADXL345.o
                0x00000114                ADXL345_ReadRegister
 .text.ADXL345_get_data
                0x000001e4       0xb0 src/ADXL345.o
                0x000001e4                ADXL345_get_data
 .text.ADXL345_WriteRegister
                0x00000294       0x84 src/ADXL345.o
                0x00000294                ADXL345_WriteRegister
 .text.ADXL345_init
                0x00000318       0x90 src/ADXL345.o
                0x00000318                ADXL345_init
 .text._i2c_master_wait_for_sync
                0x000003a8        0xc src/ASF/sam0/drivers/sercom/i2c/i2c_sam0/i2c_master.o
 .text.i2c_master_init
                0x000003b4      0x2c8 src/ASF/sam0/drivers/sercom/i2c/i2c_sam0/i2c_master.o
                0x000003b4                i2c_master_init
 .text._i2c_master_address_response
                0x0000067c       0x30 src/ASF/sam0/drivers/sercom/i2c/i2c_sam0/i2c_master.o
                0x0000067c                _i2c_master_address_response
 .text._i2c_master_wait_for_bus
                0x000006ac       0x2c src/ASF/sam0/drivers/sercom/i2c/i2c_sam0/i2c_master.o
                0x000006ac                _i2c_master_wait_for_bus
 .text._i2c_master_send_hs_master_code
                0x000006d8       0x20 src/ASF/sam0/drivers/sercom/i2c/i2c_sam0/i2c_master.o
                0x000006d8                _i2c_master_send_hs_master_code
 .text._i2c_master_read_packet
                0x000006f8      0x1a0 src/ASF/sam0/drivers/sercom/i2c/i2c_sam0/i2c_master.o
 .text._i2c_master_write_packet
                0x00000898       0xf4 src/ASF/sam0/drivers/sercom/i2c/i2c_sam0/i2c_master.o
 .text.i2c_master_read_packet_wait
                0x0000098c       0x14 src/ASF/sam0/drivers/sercom/i2c/i2c_sam0/i2c_master.o
                0x0000098c                i2c_master_read_packet_wait
 .text.i2c_master_write_packet_wait
                0x000009a0       0x14 src/ASF/sam0/drivers/sercom/i2c/i2c_sam0/i2c_master.o
                0x000009a0                i2c_master_write_packet_wait
 .text.i2c_master_write_packet_wait_no_stop
                0x000009b4       0x14 src/ASF/sam0/drivers/sercom/i2c/i2c_sam0/i2c_master.o
                0x000009b4                i2c_master_write_packet_wait_no_stop
 .text.long_division
                0x000009c8       0xba src/ASF/sam0/drivers/sercom/sercom.o
 .text._sercom_get_sync_baud_val
                0x00000a82       0x28 src/ASF/sam0/drivers/sercom/sercom.o
                0x00000a82                _sercom_get_sync_baud_val
 *fill*         0x00000aaa        0x2 
 .text._sercom_get_async_baud_val
                0x00000aac       0x94 src/ASF/sam0/drivers/sercom/sercom.o
                0x00000aac                _sercom_get_async_baud_val
 .text.sercom_set_gclk_generator
                0x00000b40       0x4c src/ASF/sam0/drivers/sercom/sercom.o
                0x00000b40                sercom_set_gclk_generator
 .text._sercom_get_default_pad
                0x00000b8c      0x178 src/ASF/sam0/drivers/sercom/sercom.o
                0x00000b8c                _sercom_get_default_pad
 .text._sercom_get_sercom_inst_index
                0x00000d04       0x38 src/ASF/sam0/drivers/sercom/sercom.o
                0x00000d04                _sercom_get_sercom_inst_index
 .text.usart_init
                0x00000d3c      0x2f4 src/ASF/sam0/drivers/sercom/usart/usart.o
                0x00000d3c                usart_init
 .text.usart_write_wait
                0x00001030       0x24 src/ASF/sam0/drivers/sercom/usart/usart.o
                0x00001030                usart_write_wait
 .text.cpu_irq_enter_critical
                0x00001054       0x40 src/ASF/common/utils/interrupt/interrupt_sam_nvic.o
                0x00001054                cpu_irq_enter_critical
 .text.cpu_irq_leave_critical
                0x00001094       0x30 src/ASF/common/utils/interrupt/interrupt_sam_nvic.o
                0x00001094                cpu_irq_leave_critical
 .text.system_board_init
                0x000010c4       0x38 src/ASF/sam0/boards/samw25_xplained_pro/board_init.o
                0x000010c4                board_init
                0x000010c4                system_board_init
 .text.port_pin_set_config
                0x000010fc       0x24 src/ASF/sam0/drivers/port/port.o
                0x000010fc                port_pin_set_config
 .text.system_clock_source_get_hz
                0x00001120       0x94 src/ASF/sam0/drivers/system/clock/clock_samd21_r21_da_ha1/clock.o
                0x00001120                system_clock_source_get_hz
 .text.system_clock_source_osc8m_set_config
                0x000011b4       0x3c src/ASF/sam0/drivers/system/clock/clock_samd21_r21_da_ha1/clock.o
                0x000011b4                system_clock_source_osc8m_set_config
 .text.system_clock_source_xosc32k_set_config
                0x000011f0       0xb8 src/ASF/sam0/drivers/system/clock/clock_samd21_r21_da_ha1/clock.o
                0x000011f0                system_clock_source_xosc32k_set_config
 .text.system_clock_source_dfll_set_config
                0x000012a8       0x80 src/ASF/sam0/drivers/system/clock/clock_samd21_r21_da_ha1/clock.o
                0x000012a8                system_clock_source_dfll_set_config
 .text.system_clock_source_enable
                0x00001328       0xa8 src/ASF/sam0/drivers/system/clock/clock_samd21_r21_da_ha1/clock.o
                0x00001328                system_clock_source_enable
 .text.system_clock_init
                0x000013d0      0x160 src/ASF/sam0/drivers/system/clock/clock_samd21_r21_da_ha1/clock.o
                0x000013d0                system_clock_init
 .text.system_gclk_init
                0x00001530       0x24 src/ASF/sam0/drivers/system/clock/clock_samd21_r21_da_ha1/gclk.o
                0x00001530                system_gclk_init
 .text.system_gclk_gen_set_config
                0x00001554       0xb8 src/ASF/sam0/drivers/system/clock/clock_samd21_r21_da_ha1/gclk.o
                0x00001554                system_gclk_gen_set_config
 .text.system_gclk_gen_enable
                0x0000160c       0x44 src/ASF/sam0/drivers/system/clock/clock_samd21_r21_da_ha1/gclk.o
                0x0000160c                system_gclk_gen_enable
 .text.system_gclk_gen_get_hz
                0x00001650       0x8c src/ASF/sam0/drivers/system/clock/clock_samd21_r21_da_ha1/gclk.o
                0x00001650                system_gclk_gen_get_hz
 .text.system_gclk_chan_enable
                0x000016dc       0x30 src/ASF/sam0/drivers/system/clock/clock_samd21_r21_da_ha1/gclk.o
                0x000016dc                system_gclk_chan_enable
 .text.system_gclk_chan_disable
                0x0000170c       0x5c src/ASF/sam0/drivers/system/clock/clock_samd21_r21_da_ha1/gclk.o
                0x0000170c                system_gclk_chan_disable
 .text.system_gclk_chan_set_config
                0x00001768       0x1c src/ASF/sam0/drivers/system/clock/clock_samd21_r21_da_ha1/gclk.o
                0x00001768                system_gclk_chan_set_config
 .text.system_gclk_chan_get_hz
                0x00001784       0x34 src/ASF/sam0/drivers/system/clock/clock_samd21_r21_da_ha1/gclk.o
                0x00001784                system_gclk_chan_get_hz
 .text._system_pinmux_config
                0x000017b8       0xa8 src/ASF/sam0/drivers/system/pinmux/pinmux.o
 .text.system_pinmux_pin_set_config
                0x00001860       0x30 src/ASF/sam0/drivers/system/pinmux/pinmux.o
                0x00001860                system_pinmux_pin_set_config
 .text._system_dummy_init
                0x00001890        0x2 src/ASF/sam0/drivers/system/system.o
                0x00001890                _system_extint_init
                0x00001890                _system_events_init
                0x00001890                _system_dummy_init
                0x00001890                _system_divas_init
 *fill*         0x00001892        0x2 
 .text.system_init
                0x00001894       0x2c src/ASF/sam0/drivers/system/system.o
                0x00001894                system_init
 .text.Dummy_Handler
                0x000018c0        0x2 src/ASF/sam0/utils/cmsis/samd21/source/gcc/startup_samd21.o
                0x000018c0                DMAC_Handler
                0x000018c0                HardFault_Handler
                0x000018c0                AC_Handler
                0x000018c0                NMI_Handler
                0x000018c0                SERCOM1_Handler
                0x000018c0                ADC_Handler
                0x000018c0                TCC1_Handler
                0x000018c0                SERCOM2_Handler
                0x000018c0                TCC0_Handler
                0x000018c0                RTC_Handler
                0x000018c0                EIC_Handler
                0x000018c0                WDT_Handler
                0x000018c0                TC4_Handler
                0x000018c0                USB_Handler
                0x000018c0                TC3_Handler
                0x000018c0                Dummy_Handler
                0x000018c0                PM_Handler
                0x000018c0                SERCOM5_Handler
                0x000018c0                TCC2_Handler
                0x000018c0                EVSYS_Handler
                0x000018c0                SERCOM3_Handler
                0x000018c0                SERCOM4_Handler
                0x000018c0                I2S_Handler
                0x000018c0                NVMCTRL_Handler
                0x000018c0                SERCOM0_Handler
                0x000018c0                DAC_Handler
                0x000018c0                PTC_Handler
                0x000018c0                TC5_Handler
                0x000018c0                SYSCTRL_Handler
 *fill*         0x000018c2        0x2 
 .text.Reset_Handler
                0x000018c4       0xe4 src/ASF/sam0/utils/cmsis/samd21/source/gcc/startup_samd21.o
                0x000018c4                Reset_Handler
 .text._sbrk    0x000019a8       0x24 src/ASF/sam0/utils/syscalls/gcc/syscalls.o
                0x000019a8                _sbrk
 .text._close   0x000019cc        0x6 src/ASF/sam0/utils/syscalls/gcc/syscalls.o
                0x000019cc                _close
 .text._fstat   0x000019d2        0xa src/ASF/sam0/utils/syscalls/gcc/syscalls.o
                0x000019d2                _fstat
 .text._isatty  0x000019dc        0x4 src/ASF/sam0/utils/syscalls/gcc/syscalls.o
                0x000019dc                _isatty
 .text._lseek   0x000019e0        0x4 src/ASF/sam0/utils/syscalls/gcc/syscalls.o
                0x000019e0                _lseek
 .text.vListInitialise
                0x000019e4       0x16 src/ASF/thirdparty/freertos/freertos-7.4.2/Source/list.o
                0x000019e4                vListInitialise
 .text.vListInitialiseItem
                0x000019fa        0x6 src/ASF/thirdparty/freertos/freertos-7.4.2/Source/list.o
                0x000019fa                vListInitialiseItem
 .text.vListInsertEnd
                0x00001a00       0x1c src/ASF/thirdparty/freertos/freertos-7.4.2/Source/list.o
                0x00001a00                vListInsertEnd
 .text.vListInsert
                0x00001a1c       0x36 src/ASF/thirdparty/freertos/freertos-7.4.2/Source/list.o
                0x00001a1c                vListInsert
 .text.uxListRemove
                0x00001a52       0x28 src/ASF/thirdparty/freertos/freertos-7.4.2/Source/list.o
                0x00001a52                uxListRemove
 *fill*         0x00001a7a        0x2 
 .text.vPortStartFirstTask
                0x00001a7c       0x20 src/ASF/thirdparty/freertos/freertos-7.4.2/Source/portable/GCC/ARM_CM0/port.o
 .text.pxPortInitialiseStack
                0x00001a9c       0x16 src/ASF/thirdparty/freertos/freertos-7.4.2/Source/portable/GCC/ARM_CM0/port.o
                0x00001a9c                pxPortInitialiseStack
 *fill*         0x00001ab2        0x2 
 .text.SVC_Handler
                0x00001ab4       0x28 src/ASF/thirdparty/freertos/freertos-7.4.2/Source/portable/GCC/ARM_CM0/port.o
                0x00001ab4                SVC_Handler
 .text.vPortYield
                0x00001adc       0x18 src/ASF/thirdparty/freertos/freertos-7.4.2/Source/portable/GCC/ARM_CM0/port.o
                0x00001adc                vPortYield
 .text.vPortEnterCritical
                0x00001af4       0x18 src/ASF/thirdparty/freertos/freertos-7.4.2/Source/portable/GCC/ARM_CM0/port.o
                0x00001af4                vPortEnterCritical
 .text.vPortExitCritical
                0x00001b0c       0x14 src/ASF/thirdparty/freertos/freertos-7.4.2/Source/portable/GCC/ARM_CM0/port.o
                0x00001b0c                vPortExitCritical
 .text.PendSV_Handler
                0x00001b20       0x44 src/ASF/thirdparty/freertos/freertos-7.4.2/Source/portable/GCC/ARM_CM0/port.o
                0x00001b20                PendSV_Handler
 .text.SysTick_Handler
                0x00001b64       0x1c src/ASF/thirdparty/freertos/freertos-7.4.2/Source/portable/GCC/ARM_CM0/port.o
                0x00001b64                SysTick_Handler
 .text.vPortSetupTimerInterrupt
                0x00001b80       0x24 src/ASF/thirdparty/freertos/freertos-7.4.2/Source/portable/GCC/ARM_CM0/port.o
                0x00001b80                vPortSetupTimerInterrupt
 .text.xPortStartScheduler
                0x00001ba4       0x3c src/ASF/thirdparty/freertos/freertos-7.4.2/Source/portable/GCC/ARM_CM0/port.o
                0x00001ba4                xPortStartScheduler
 .text.pvPortMalloc
                0x00001be0       0x6c src/ASF/thirdparty/freertos/freertos-7.4.2/Source/portable/MemMang/heap_1.o
                0x00001be0                pvPortMalloc
 .text.vPortFree
                0x00001c4c        0xa src/ASF/thirdparty/freertos/freertos-7.4.2/Source/portable/MemMang/heap_1.o
                0x00001c4c                vPortFree
 *fill*         0x00001c56        0x2 
 .text.prvAddCurrentTaskToDelayedList
                0x00001c58       0x58 src/ASF/thirdparty/freertos/freertos-7.4.2/Source/tasks.o
 .text.xTaskGenericCreate
                0x00001cb0      0x1fc src/ASF/thirdparty/freertos/freertos-7.4.2/Source/tasks.o
                0x00001cb0                xTaskGenericCreate
 .text.vTaskStartScheduler
                0x00001eac       0x54 src/ASF/thirdparty/freertos/freertos-7.4.2/Source/tasks.o
                0x00001eac                vTaskStartScheduler
 .text.vTaskSuspendAll
                0x00001f00       0x10 src/ASF/thirdparty/freertos/freertos-7.4.2/Source/tasks.o
                0x00001f00                vTaskSuspendAll
 .text.xTaskGetTickCount
                0x00001f10       0x20 src/ASF/thirdparty/freertos/freertos-7.4.2/Source/tasks.o
                0x00001f10                xTaskGetTickCount
 .text.vTaskIncrementTick
                0x00001f30      0x11c src/ASF/thirdparty/freertos/freertos-7.4.2/Source/tasks.o
                0x00001f30                vTaskIncrementTick
 .text.xTaskResumeAll
                0x0000204c       0xf4 src/ASF/thirdparty/freertos/freertos-7.4.2/Source/tasks.o
                0x0000204c                xTaskResumeAll
 .text.vTaskDelayUntil
                0x00002140       0x84 src/ASF/thirdparty/freertos/freertos-7.4.2/Source/tasks.o
                0x00002140                vTaskDelayUntil
 .text.prvIdleTask
                0x000021c4       0x90 src/ASF/thirdparty/freertos/freertos-7.4.2/Source/tasks.o
 .text.vTaskSwitchContext
                0x00002254       0xa8 src/ASF/thirdparty/freertos/freertos-7.4.2/Source/tasks.o
                0x00002254                vTaskSwitchContext
 .text.uart_task_handler
                0x000022fc       0x64 src/main.o
 .text.main     0x00002360      0x198 src/main.o
                0x00002360                main
 .text          0x000024f8      0x114 c:/program files (x86)/atmel/studio/7.0/toolchain/arm/arm-gnu-toolchain/bin/../lib/gcc/arm-none-eabi/6.3.1/thumb/v6-m\libgcc.a(_udivsi3.o)
                0x000024f8                __aeabi_uidiv
                0x000024f8                __udivsi3
                0x00002604                __aeabi_uidivmod
 .text          0x0000260c        0x4 c:/program files (x86)/atmel/studio/7.0/toolchain/arm/arm-gnu-toolchain/bin/../lib/gcc/arm-none-eabi/6.3.1/thumb/v6-m\libgcc.a(_dvmd_tls.o)
                0x0000260c                __aeabi_idiv0
                0x0000260c                __aeabi_ldiv0
 .text          0x00002610       0x40 c:/program files (x86)/atmel/studio/7.0/toolchain/arm/arm-gnu-toolchain/bin/../lib/gcc/arm-none-eabi/6.3.1/thumb/v6-m\libgcc.a(_aeabi_uldivmod.o)
                0x00002610                __aeabi_uldivmod
 .text          0x00002650       0x54 c:/program files (x86)/atmel/studio/7.0/toolchain/arm/arm-gnu-toolchain/bin/../lib/gcc/arm-none-eabi/6.3.1/thumb/v6-m\libgcc.a(_muldi3.o)
                0x00002650                __muldi3
                0x00002650                __aeabi_lmul
 .text          0x000026a4      0x180 c:/program files (x86)/atmel/studio/7.0/toolchain/arm/arm-gnu-toolchain/bin/../lib/gcc/arm-none-eabi/6.3.1/thumb/v6-m\libgcc.a(_udivmoddi4.o)
                0x000026a4                __udivmoddi4
 .text          0x00002824      0x620 c:/program files (x86)/atmel/studio/7.0/toolchain/arm/arm-gnu-toolchain/bin/../lib/gcc/arm-none-eabi/6.3.1/thumb/v6-m\libgcc.a(adddf3.o)
                0x00002824                __aeabi_dadd
 .text          0x00002e44      0x668 c:/program files (x86)/atmel/studio/7.0/toolchain/arm/arm-gnu-toolchain/bin/../lib/gcc/arm-none-eabi/6.3.1/thumb/v6-m\libgcc.a(divdf3.o)
                0x00002e44                __aeabi_ddiv
 .text          0x000034ac      0x500 c:/program files (x86)/atmel/studio/7.0/toolchain/arm/arm-gnu-toolchain/bin/../lib/gcc/arm-none-eabi/6.3.1/thumb/v6-m\libgcc.a(muldf3.o)
                0x000034ac                __aeabi_dmul
 .text          0x000039ac      0x62c c:/program files (x86)/atmel/studio/7.0/toolchain/arm/arm-gnu-toolchain/bin/../lib/gcc/arm-none-eabi/6.3.1/thumb/v6-m\libgcc.a(subdf3.o)
                0x000039ac                __aeabi_dsub
 .text          0x00003fd8       0x68 c:/program files (x86)/atmel/studio/7.0/toolchain/arm/arm-gnu-toolchain/bin/../lib/gcc/arm-none-eabi/6.3.1/thumb/v6-m\libgcc.a(fixdfsi.o)
                0x00003fd8                __aeabi_d2iz
 .text          0x00004040       0x84 c:/program files (x86)/atmel/studio/7.0/toolchain/arm/arm-gnu-toolchain/bin/../lib/gcc/arm-none-eabi/6.3.1/thumb/v6-m\libgcc.a(floatsidf.o)
                0x00004040                __aeabi_i2d
 .text          0x000040c4       0x70 c:/program files (x86)/atmel/studio/7.0/toolchain/arm/arm-gnu-toolchain/bin/../lib/gcc/arm-none-eabi/6.3.1/thumb/v6-m\libgcc.a(floatunsidf.o)
                0x000040c4                __aeabi_ui2d
 .text          0x00004134      0x114 c:/program files (x86)/atmel/studio/7.0/toolchain/arm/arm-gnu-toolchain/bin/../lib/gcc/arm-none-eabi/6.3.1/thumb/v6-m\libgcc.a(truncdfsf2.o)
                0x00004134                __aeabi_d2f
 .text          0x00004248       0x3c c:/program files (x86)/atmel/studio/7.0/toolchain/arm/arm-gnu-toolchain/bin/../lib/gcc/arm-none-eabi/6.3.1/thumb/v6-m\libgcc.a(_clzsi2.o)
                0x00004248                __clzsi2
 .text          0x00004284       0x18 c:/program files (x86)/atmel/studio/7.0/toolchain/arm/arm-gnu-toolchain/bin/../lib/gcc/arm-none-eabi/6.3.1/thumb/v6-m\libgcc.a(_clzdi2.o)
                0x00004284                __clzdi2
 .text.__libc_init_array
                0x0000429c       0x48 c:/program files (x86)/atmel/studio/7.0/toolchain/arm/arm-gnu-toolchain/bin/../lib/gcc/arm-none-eabi/6.3.1/../../../../arm-none-eabi/lib/thumb/v6-m\libc_nano.a(lib_a-init.o)
                0x0000429c                __libc_init_array
 .text.memset   0x000042e4       0x10 c:/program files (x86)/atmel/studio/7.0/toolchain/arm/arm-gnu-toolchain/bin/../lib/gcc/arm-none-eabi/6.3.1/../../../../arm-none-eabi/lib/thumb/v6-m\libc_nano.a(lib_a-memset.o)
                0x000042e4                memset
 .text._puts_r  0x000042f4       0xc0 c:/program files (x86)/atmel/studio/7.0/toolchain/arm/arm-gnu-toolchain/bin/../lib/gcc/arm-none-eabi/6.3.1/../../../../arm-none-eabi/lib/thumb/v6-m\libc_nano.a(lib_a-puts.o)
                0x000042f4                _puts_r
 .text.puts     0x000043b4       0x14 c:/program files (x86)/atmel/studio/7.0/toolchain/arm/arm-gnu-toolchain/bin/../lib/gcc/arm-none-eabi/6.3.1/../../../../arm-none-eabi/lib/thumb/v6-m\libc_nano.a(lib_a-puts.o)
                0x000043b4                puts
 .text.strncpy  0x000043c8       0x2a c:/program files (x86)/atmel/studio/7.0/toolchain/arm/arm-gnu-toolchain/bin/../lib/gcc/arm-none-eabi/6.3.1/../../../../arm-none-eabi/lib/thumb/v6-m\libc_nano.a(lib_a-strncpy.o)
                0x000043c8                strncpy
 *fill*         0x000043f2        0x2 
 .text.__swbuf_r
                0x000043f4       0xac c:/program files (x86)/atmel/studio/7.0/toolchain/arm/arm-gnu-toolchain/bin/../lib/gcc/arm-none-eabi/6.3.1/../../../../arm-none-eabi/lib/thumb/v6-m\libc_nano.a(lib_a-wbuf.o)
                0x000043f4                __swbuf_r
 .text.__swsetup_r
                0x000044a0       0xec c:/program files (x86)/atmel/studio/7.0/toolchain/arm/arm-gnu-toolchain/bin/../lib/gcc/arm-none-eabi/6.3.1/../../../../arm-none-eabi/lib/thumb/v6-m\libc_nano.a(lib_a-wsetup.o)
                0x000044a0                __swsetup_r
 .text.__sflush_r
                0x0000458c      0x114 c:/program files (x86)/atmel/studio/7.0/toolchain/arm/arm-gnu-toolchain/bin/../lib/gcc/arm-none-eabi/6.3.1/../../../../arm-none-eabi/lib/thumb/v6-m\libc_nano.a(lib_a-fflush.o)
                0x0000458c                __sflush_r
 .text._fflush_r
                0x000046a0       0x58 c:/program files (x86)/atmel/studio/7.0/toolchain/arm/arm-gnu-toolchain/bin/../lib/gcc/arm-none-eabi/6.3.1/../../../../arm-none-eabi/lib/thumb/v6-m\libc_nano.a(lib_a-fflush.o)
                0x000046a0                _fflush_r
 .text._cleanup_r
                0x000046f8       0x10 c:/program files (x86)/atmel/studio/7.0/toolchain/arm/arm-gnu-toolchain/bin/../lib/gcc/arm-none-eabi/6.3.1/../../../../arm-none-eabi/lib/thumb/v6-m\libc_nano.a(lib_a-findfp.o)
                0x000046f8                _cleanup_r
 .text.std.isra.0
                0x00004708       0x48 c:/program files (x86)/atmel/studio/7.0/toolchain/arm/arm-gnu-toolchain/bin/../lib/gcc/arm-none-eabi/6.3.1/../../../../arm-none-eabi/lib/thumb/v6-m\libc_nano.a(lib_a-findfp.o)
 .text.__sfmoreglue
                0x00004750       0x2c c:/program files (x86)/atmel/studio/7.0/toolchain/arm/arm-gnu-toolchain/bin/../lib/gcc/arm-none-eabi/6.3.1/../../../../arm-none-eabi/lib/thumb/v6-m\libc_nano.a(lib_a-findfp.o)
                0x00004750                __sfmoreglue
 .text.__sinit  0x0000477c       0x68 c:/program files (x86)/atmel/studio/7.0/toolchain/arm/arm-gnu-toolchain/bin/../lib/gcc/arm-none-eabi/6.3.1/../../../../arm-none-eabi/lib/thumb/v6-m\libc_nano.a(lib_a-findfp.o)
                0x0000477c                __sinit
 .text.__sfp    0x000047e4       0x80 c:/program files (x86)/atmel/studio/7.0/toolchain/arm/arm-gnu-toolchain/bin/../lib/gcc/arm-none-eabi/6.3.1/../../../../arm-none-eabi/lib/thumb/v6-m\libc_nano.a(lib_a-findfp.o)
                0x000047e4                __sfp
 .text._fwalk_reent
                0x00004864       0x42 c:/program files (x86)/atmel/studio/7.0/toolchain/arm/arm-gnu-toolchain/bin/../lib/gcc/arm-none-eabi/6.3.1/../../../../arm-none-eabi/lib/thumb/v6-m\libc_nano.a(lib_a-fwalk.o)
                0x00004864                _fwalk_reent
 *fill*         0x000048a6        0x2 
 .text.__swhatbuf_r
                0x000048a8       0x50 c:/program files (x86)/atmel/studio/7.0/toolchain/arm/arm-gnu-toolchain/bin/../lib/gcc/arm-none-eabi/6.3.1/../../../../arm-none-eabi/lib/thumb/v6-m\libc_nano.a(lib_a-makebuf.o)
                0x000048a8                __swhatbuf_r
 .text.__smakebuf_r
                0x000048f8       0x88 c:/program files (x86)/atmel/studio/7.0/toolchain/arm/arm-gnu-toolchain/bin/../lib/gcc/arm-none-eabi/6.3.1/../../../../arm-none-eabi/lib/thumb/v6-m\libc_nano.a(lib_a-makebuf.o)
                0x000048f8                __smakebuf_r
 .text._free_r  0x00004980       0x94 c:/program files (x86)/atmel/studio/7.0/toolchain/arm/arm-gnu-toolchain/bin/../lib/gcc/arm-none-eabi/6.3.1/../../../../arm-none-eabi/lib/thumb/v6-m\libc_nano.a(lib_a-nano-freer.o)
                0x00004980                _free_r
 .text._malloc_r
                0x00004a14       0xbc c:/program files (x86)/atmel/studio/7.0/toolchain/arm/arm-gnu-toolchain/bin/../lib/gcc/arm-none-eabi/6.3.1/../../../../arm-none-eabi/lib/thumb/v6-m\libc_nano.a(lib_a-nano-mallocr.o)
                0x00004a14                _malloc_r
 .text._sbrk_r  0x00004ad0       0x24 c:/program files (x86)/atmel/studio/7.0/toolchain/arm/arm-gnu-toolchain/bin/../lib/gcc/arm-none-eabi/6.3.1/../../../../arm-none-eabi/lib/thumb/v6-m\libc_nano.a(lib_a-sbrkr.o)
                0x00004ad0                _sbrk_r
 .text.__sread  0x00004af4       0x28 c:/program files (x86)/atmel/studio/7.0/toolchain/arm/arm-gnu-toolchain/bin/../lib/gcc/arm-none-eabi/6.3.1/../../../../arm-none-eabi/lib/thumb/v6-m\libc_nano.a(lib_a-stdio.o)
                0x00004af4                __sread
 .text.__swrite
                0x00004b1c       0x38 c:/program files (x86)/atmel/studio/7.0/toolchain/arm/arm-gnu-toolchain/bin/../lib/gcc/arm-none-eabi/6.3.1/../../../../arm-none-eabi/lib/thumb/v6-m\libc_nano.a(lib_a-stdio.o)
                0x00004b1c                __swrite
 .text.__sseek  0x00004b54       0x2c c:/program files (x86)/atmel/studio/7.0/toolchain/arm/arm-gnu-toolchain/bin/../lib/gcc/arm-none-eabi/6.3.1/../../../../arm-none-eabi/lib/thumb/v6-m\libc_nano.a(lib_a-stdio.o)
                0x00004b54                __sseek
 .text.__sclose
                0x00004b80        0xc c:/program files (x86)/atmel/studio/7.0/toolchain/arm/arm-gnu-toolchain/bin/../lib/gcc/arm-none-eabi/6.3.1/../../../../arm-none-eabi/lib/thumb/v6-m\libc_nano.a(lib_a-stdio.o)
                0x00004b80                __sclose
 .text._write_r
                0x00004b8c       0x28 c:/program files (x86)/atmel/studio/7.0/toolchain/arm/arm-gnu-toolchain/bin/../lib/gcc/arm-none-eabi/6.3.1/../../../../arm-none-eabi/lib/thumb/v6-m\libc_nano.a(lib_a-writer.o)
                0x00004b8c                _write_r
 .text._close_r
                0x00004bb4       0x24 c:/program files (x86)/atmel/studio/7.0/toolchain/arm/arm-gnu-toolchain/bin/../lib/gcc/arm-none-eabi/6.3.1/../../../../arm-none-eabi/lib/thumb/v6-m\libc_nano.a(lib_a-closer.o)
                0x00004bb4                _close_r
 .text._fstat_r
                0x00004bd8       0x24 c:/program files (x86)/atmel/studio/7.0/toolchain/arm/arm-gnu-toolchain/bin/../lib/gcc/arm-none-eabi/6.3.1/../../../../arm-none-eabi/lib/thumb/v6-m\libc_nano.a(lib_a-fstatr.o)
                0x00004bd8                _fstat_r
 .text._isatty_r
                0x00004bfc       0x24 c:/program files (x86)/atmel/studio/7.0/toolchain/arm/arm-gnu-toolchain/bin/../lib/gcc/arm-none-eabi/6.3.1/../../../../arm-none-eabi/lib/thumb/v6-m\libc_nano.a(lib_a-isattyr.o)
                0x00004bfc                _isatty_r
 .text._lseek_r
                0x00004c20       0x28 c:/program files (x86)/atmel/studio/7.0/toolchain/arm/arm-gnu-toolchain/bin/../lib/gcc/arm-none-eabi/6.3.1/../../../../arm-none-eabi/lib/thumb/v6-m\libc_nano.a(lib_a-lseekr.o)
                0x00004c20                _lseek_r
 .text.__malloc_lock
                0x00004c48        0x2 c:/program files (x86)/atmel/studio/7.0/toolchain/arm/arm-gnu-toolchain/bin/../lib/gcc/arm-none-eabi/6.3.1/../../../../arm-none-eabi/lib/thumb/v6-m\libc_nano.a(lib_a-mlock.o)
                0x00004c48                __malloc_lock
 .text.__malloc_unlock
                0x00004c4a        0x2 c:/program files (x86)/atmel/studio/7.0/toolchain/arm/arm-gnu-toolchain/bin/../lib/gcc/arm-none-eabi/6.3.1/../../../../arm-none-eabi/lib/thumb/v6-m\libc_nano.a(lib_a-mlock.o)
                0x00004c4a                __malloc_unlock
 .text._read_r  0x00004c4c       0x28 c:/program files (x86)/atmel/studio/7.0/toolchain/arm/arm-gnu-toolchain/bin/../lib/gcc/arm-none-eabi/6.3.1/../../../../arm-none-eabi/lib/thumb/v6-m\libc_nano.a(lib_a-readr.o)
                0x00004c4c                _read_r
 .text._read    0x00004c74       0x10 c:/program files (x86)/atmel/studio/7.0/toolchain/arm/arm-gnu-toolchain/bin/../lib/gcc/arm-none-eabi/6.3.1/../../../../arm-none-eabi/lib/thumb/v6-m\libnosys.a(read.o)
                0x00004c74                _read
 .text._write   0x00004c84       0x10 c:/program files (x86)/atmel/studio/7.0/toolchain/arm/arm-gnu-toolchain/bin/../lib/gcc/arm-none-eabi/6.3.1/../../../../arm-none-eabi/lib/thumb/v6-m\libnosys.a(write.o)
                0x00004c84                _write
 *(.glue_7t)
 .glue_7t       0x00004c94        0x0 linker stubs
 *(.glue_7)
 .glue_7        0x00004c94        0x0 linker stubs
 *(.rodata .rodata* .gnu.linkonce.r.*)
 .rodata        0x00004c94       0x18 src/ASF/sam0/drivers/sercom/sercom.o
 .rodata.system_clock_source_get_hz
                0x00004cac       0x24 src/ASF/sam0/drivers/system/clock/clock_samd21_r21_da_ha1/clock.o
 .rodata.system_clock_source_enable
                0x00004cd0       0x24 src/ASF/sam0/drivers/system/clock/clock_samd21_r21_da_ha1/clock.o
 .rodata.vTaskStartScheduler.str1.4
                0x00004cf4        0x5 src/ASF/thirdparty/freertos/freertos-7.4.2/Source/tasks.o
 *fill*         0x00004cf9        0x3 
 .rodata.main.str1.4
                0x00004cfc       0x28 src/main.o
                                 0x26 (size before relaxing)
 .rodata        0x00004d24       0x40 c:/program files (x86)/atmel/studio/7.0/toolchain/arm/arm-gnu-toolchain/bin/../lib/gcc/arm-none-eabi/6.3.1/thumb/v6-m\libgcc.a(divdf3.o)
 .rodata        0x00004d64       0x40 c:/program files (x86)/atmel/studio/7.0/toolchain/arm/arm-gnu-toolchain/bin/../lib/gcc/arm-none-eabi/6.3.1/thumb/v6-m\libgcc.a(muldf3.o)
 .rodata._global_impure_ptr
                0x00004da4        0x4 c:/program files (x86)/atmel/studio/7.0/toolchain/arm/arm-gnu-toolchain/bin/../lib/gcc/arm-none-eabi/6.3.1/../../../../arm-none-eabi/lib/thumb/v6-m\libc_nano.a(lib_a-impure.o)
                0x00004da4                _global_impure_ptr
 .rodata.__sf_fake_stderr
                0x00004da8       0x20 c:/program files (x86)/atmel/studio/7.0/toolchain/arm/arm-gnu-toolchain/bin/../lib/gcc/arm-none-eabi/6.3.1/../../../../arm-none-eabi/lib/thumb/v6-m\libc_nano.a(lib_a-findfp.o)
                0x00004da8                __sf_fake_stderr
 .rodata.__sf_fake_stdin
                0x00004dc8       0x20 c:/program files (x86)/atmel/studio/7.0/toolchain/arm/arm-gnu-toolchain/bin/../lib/gcc/arm-none-eabi/6.3.1/../../../../arm-none-eabi/lib/thumb/v6-m\libc_nano.a(lib_a-findfp.o)
                0x00004dc8                __sf_fake_stdin
 .rodata.__sf_fake_stdout
                0x00004de8       0x20 c:/program files (x86)/atmel/studio/7.0/toolchain/arm/arm-gnu-toolchain/bin/../lib/gcc/arm-none-eabi/6.3.1/../../../../arm-none-eabi/lib/thumb/v6-m\libc_nano.a(lib_a-findfp.o)
                0x00004de8                __sf_fake_stdout
 *(.ARM.extab* .gnu.linkonce.armextab.*)
                0x00004e08                . = ALIGN (0x4)
 *(.init)
 .init          0x00004e08        0x4 c:/program files (x86)/atmel/studio/7.0/toolchain/arm/arm-gnu-toolchain/bin/../lib/gcc/arm-none-eabi/6.3.1/thumb/v6-m/crti.o
                0x00004e08                _init
 .init          0x00004e0c        0x8 c:/program files (x86)/atmel/studio/7.0/toolchain/arm/arm-gnu-toolchain/bin/../lib/gcc/arm-none-eabi/6.3.1/thumb/v6-m/crtn.o
                0x00004e14                . = ALIGN (0x4)
                0x00004e14                __preinit_array_start = .
 *(.preinit_array)
                0x00004e14                __preinit_array_end = .
                0x00004e14                . = ALIGN (0x4)
                0x00004e14                __init_array_start = .
 *(SORT(.init_array.*))
 *(.init_array)
 .init_array    0x00004e14        0x4 c:/program files (x86)/atmel/studio/7.0/toolchain/arm/arm-gnu-toolchain/bin/../lib/gcc/arm-none-eabi/6.3.1/thumb/v6-m/crtbegin.o
                0x00004e18                __init_array_end = .
                0x00004e18                . = ALIGN (0x4)
 *crtbegin.o(.ctors)
 *(EXCLUDE_FILE(*crtend.o) .ctors)
 *(SORT(.ctors.*))
 *crtend.o(.ctors)
                0x00004e18                . = ALIGN (0x4)
 *(.fini)
 .fini          0x00004e18        0x4 c:/program files (x86)/atmel/studio/7.0/toolchain/arm/arm-gnu-toolchain/bin/../lib/gcc/arm-none-eabi/6.3.1/thumb/v6-m/crti.o
                0x00004e18                _fini
 .fini          0x00004e1c        0x8 c:/program files (x86)/atmel/studio/7.0/toolchain/arm/arm-gnu-toolchain/bin/../lib/gcc/arm-none-eabi/6.3.1/thumb/v6-m/crtn.o
                0x00004e24                . = ALIGN (0x4)
                0x00004e24                __fini_array_start = .
 *(.fini_array)
 .fini_array    0x00004e24        0x4 c:/program files (x86)/atmel/studio/7.0/toolchain/arm/arm-gnu-toolchain/bin/../lib/gcc/arm-none-eabi/6.3.1/thumb/v6-m/crtbegin.o
 *(SORT(.fini_array.*))
                0x00004e28                __fini_array_end = .
 *crtbegin.o(.dtors)
 *(EXCLUDE_FILE(*crtend.o) .dtors)
 *(SORT(.dtors.*))
 *crtend.o(.dtors)
                0x00004e28                . = ALIGN (0x4)
                0x00004e28                _efixed = .
                [!provide]                PROVIDE (__exidx_start, .)

.vfp11_veneer   0x00004e28        0x0
 .vfp11_veneer  0x00004e28        0x0 linker stubs

.v4_bx          0x00004e28        0x0
 .v4_bx         0x00004e28        0x0 linker stubs

.iplt           0x00004e28        0x0
 .iplt          0x00004e28        0x0 c:/program files (x86)/atmel/studio/7.0/toolchain/arm/arm-gnu-toolchain/bin/../lib/gcc/arm-none-eabi/6.3.1/thumb/v6-m/crtbegin.o

.ARM.exidx      0x00004e28        0x8
 *(.ARM.exidx* .gnu.linkonce.armexidx.*)
 .ARM.exidx     0x00004e28        0x8 c:/program files (x86)/atmel/studio/7.0/toolchain/arm/arm-gnu-toolchain/bin/../lib/gcc/arm-none-eabi/6.3.1/thumb/v6-m\libgcc.a(_udivmoddi4.o)
                [!provide]                PROVIDE (__exidx_end, .)

.eh_frame       0x00004e30        0x0
 .eh_frame      0x00004e30        0x0 c:/program files (x86)/atmel/studio/7.0/toolchain/arm/arm-gnu-toolchain/bin/../lib/gcc/arm-none-eabi/6.3.1/thumb/v6-m/crtbegin.o

.rel.dyn        0x00004e30        0x0
 .rel.iplt      0x00004e30        0x0 c:/program files (x86)/atmel/studio/7.0/toolchain/arm/arm-gnu-toolchain/bin/../lib/gcc/arm-none-eabi/6.3.1/thumb/v6-m/crtbegin.o

.jcr            0x00004e30        0x0
 .jcr           0x00004e30        0x0 c:/program files (x86)/atmel/studio/7.0/toolchain/arm/arm-gnu-toolchain/bin/../lib/gcc/arm-none-eabi/6.3.1/thumb/v6-m/crtbegin.o

.igot.plt       0x00004e30        0x0
 .igot.plt      0x00004e30        0x0 c:/program files (x86)/atmel/studio/7.0/toolchain/arm/arm-gnu-toolchain/bin/../lib/gcc/arm-none-eabi/6.3.1/thumb/v6-m/crtbegin.o
                0x00004e30                . = ALIGN (0x4)
                0x00004e30                _etext = .

.relocate       0x20000000       0x7c load address 0x00004e30
                0x20000000                . = ALIGN (0x4)
                0x20000000                _srelocate = .
 *(.ramfunc .ramfunc.*)
 .ramfunc       0x20000000        0xc src/ASF/common2/services/delay/sam0/cycle_counter.o
                0x20000000                portable_delay_cycles
 *(.data .data.*)
 .data.g_interrupt_enabled
                0x2000000c        0x1 src/ASF/common/utils/interrupt/interrupt_sam_nvic.o
                0x2000000c                g_interrupt_enabled
 *fill*         0x2000000d        0x3 
 .data.uxCriticalNesting
                0x20000010        0x4 src/ASF/thirdparty/freertos/freertos-7.4.2/Source/portable/GCC/ARM_CM0/port.o
 .data.xNextTaskUnblockTime
                0x20000014        0x4 src/ASF/thirdparty/freertos/freertos-7.4.2/Source/tasks.o
 .data._impure_ptr
                0x20000018        0x4 c:/program files (x86)/atmel/studio/7.0/toolchain/arm/arm-gnu-toolchain/bin/../lib/gcc/arm-none-eabi/6.3.1/../../../../arm-none-eabi/lib/thumb/v6-m\libc_nano.a(lib_a-impure.o)
                0x20000018                _impure_ptr
 .data.impure_data
                0x2000001c       0x60 c:/program files (x86)/atmel/studio/7.0/toolchain/arm/arm-gnu-toolchain/bin/../lib/gcc/arm-none-eabi/6.3.1/../../../../arm-none-eabi/lib/thumb/v6-m\libc_nano.a(lib_a-impure.o)
                0x2000007c                . = ALIGN (0x4)
                0x2000007c                _erelocate = .

.bss            0x2000007c     0x3c34 load address 0x00004eac
                0x2000007c                . = ALIGN (0x4)
                0x2000007c                _sbss = .
                0x2000007c                _szero = .
 *(.bss .bss.*)
 .bss           0x2000007c       0x1c c:/program files (x86)/atmel/studio/7.0/toolchain/arm/arm-gnu-toolchain/bin/../lib/gcc/arm-none-eabi/6.3.1/thumb/v6-m/crtbegin.o
 .bss._sercom_config
                0x20000098        0x2 src/ASF/sam0/drivers/sercom/sercom.o
 *fill*         0x2000009a        0x2 
 .bss.cpu_irq_critical_section_counter
                0x2000009c        0x4 src/ASF/common/utils/interrupt/interrupt_sam_nvic.o
 .bss.cpu_irq_prev_interrupt_state
                0x200000a0        0x1 src/ASF/common/utils/interrupt/interrupt_sam_nvic.o
 *fill*         0x200000a1        0x3 
 .bss._system_clock_inst
                0x200000a4       0x18 src/ASF/sam0/drivers/system/clock/clock_samd21_r21_da_ha1/clock.o
 .bss.heap.5296
                0x200000bc        0x4 src/ASF/sam0/utils/syscalls/gcc/syscalls.o
 .bss.pucAlignedHeap.4960
                0x200000c0        0x4 src/ASF/thirdparty/freertos/freertos-7.4.2/Source/portable/MemMang/heap_1.o
 .bss.ucHeap    0x200000c4     0x3a98 src/ASF/thirdparty/freertos/freertos-7.4.2/Source/portable/MemMang/heap_1.o
 .bss.xNextFreeByte
                0x20003b5c        0x4 src/ASF/thirdparty/freertos/freertos-7.4.2/Source/portable/MemMang/heap_1.o
 .bss.pxCurrentTCB
                0x20003b60        0x4 src/ASF/thirdparty/freertos/freertos-7.4.2/Source/tasks.o
                0x20003b60                pxCurrentTCB
 .bss.pxDelayedTaskList
                0x20003b64        0x4 src/ASF/thirdparty/freertos/freertos-7.4.2/Source/tasks.o
 .bss.pxOverflowDelayedTaskList
                0x20003b68        0x4 src/ASF/thirdparty/freertos/freertos-7.4.2/Source/tasks.o
 .bss.pxReadyTasksLists
                0x20003b6c       0x64 src/ASF/thirdparty/freertos/freertos-7.4.2/Source/tasks.o
 .bss.uxCurrentNumberOfTasks
                0x20003bd0        0x4 src/ASF/thirdparty/freertos/freertos-7.4.2/Source/tasks.o
 .bss.uxMissedTicks
                0x20003bd4        0x4 src/ASF/thirdparty/freertos/freertos-7.4.2/Source/tasks.o
 .bss.uxSchedulerSuspended
                0x20003bd8        0x4 src/ASF/thirdparty/freertos/freertos-7.4.2/Source/tasks.o
 .bss.uxTaskNumber
                0x20003bdc        0x4 src/ASF/thirdparty/freertos/freertos-7.4.2/Source/tasks.o
 .bss.uxTasksDeleted
                0x20003be0        0x4 src/ASF/thirdparty/freertos/freertos-7.4.2/Source/tasks.o
 .bss.uxTopReadyPriority
                0x20003be4        0x4 src/ASF/thirdparty/freertos/freertos-7.4.2/Source/tasks.o
 .bss.uxTopUsedPriority
                0x20003be8        0x4 src/ASF/thirdparty/freertos/freertos-7.4.2/Source/tasks.o
 .bss.xDelayedTaskList1
                0x20003bec       0x14 src/ASF/thirdparty/freertos/freertos-7.4.2/Source/tasks.o
 .bss.xDelayedTaskList2
                0x20003c00       0x14 src/ASF/thirdparty/freertos/freertos-7.4.2/Source/tasks.o
 .bss.xMissedYield
                0x20003c14        0x4 src/ASF/thirdparty/freertos/freertos-7.4.2/Source/tasks.o
 .bss.xNumOfOverflows
                0x20003c18        0x4 src/ASF/thirdparty/freertos/freertos-7.4.2/Source/tasks.o
 .bss.xPendingReadyList
                0x20003c1c       0x14 src/ASF/thirdparty/freertos/freertos-7.4.2/Source/tasks.o
 .bss.xSchedulerRunning
                0x20003c30        0x4 src/ASF/thirdparty/freertos/freertos-7.4.2/Source/tasks.o
 .bss.xSuspendedTaskList
                0x20003c34       0x14 src/ASF/thirdparty/freertos/freertos-7.4.2/Source/tasks.o
 .bss.xTasksWaitingTermination
                0x20003c48       0x14 src/ASF/thirdparty/freertos/freertos-7.4.2/Source/tasks.o
 .bss.xTickCount
                0x20003c5c        0x4 src/ASF/thirdparty/freertos/freertos-7.4.2/Source/tasks.o
 .bss.__malloc_free_list
                0x20003c60        0x4 c:/program files (x86)/atmel/studio/7.0/toolchain/arm/arm-gnu-toolchain/bin/../lib/gcc/arm-none-eabi/6.3.1/../../../../arm-none-eabi/lib/thumb/v6-m\libc_nano.a(lib_a-nano-mallocr.o)
                0x20003c60                __malloc_free_list
 .bss.__malloc_sbrk_start
                0x20003c64        0x4 c:/program files (x86)/atmel/studio/7.0/toolchain/arm/arm-gnu-toolchain/bin/../lib/gcc/arm-none-eabi/6.3.1/../../../../arm-none-eabi/lib/thumb/v6-m\libc_nano.a(lib_a-nano-mallocr.o)
                0x20003c64                __malloc_sbrk_start
 *(COMMON)
 COMMON         0x20003c68       0x44 src/main.o
                0x20003c68                acc_sensor
                0x20003c84                usart_master_module
                0x20003c90                data_packet
                0x20003c9c                uart_task_handle
                0x20003ca0                i2c_master
 COMMON         0x20003cac        0x4 c:/program files (x86)/atmel/studio/7.0/toolchain/arm/arm-gnu-toolchain/bin/../lib/gcc/arm-none-eabi/6.3.1/../../../../arm-none-eabi/lib/thumb/v6-m\libc_nano.a(lib_a-reent.o)
                0x20003cac                errno
                0x20003cb0                . = ALIGN (0x4)
                0x20003cb0                _ebss = .
                0x20003cb0                _ezero = .

.stack          0x20003cb0     0x2000 load address 0x00008ae0
                0x20003cb0                . = ALIGN (0x8)
                0x20003cb0                _sstack = .
                0x20005cb0                . = (. + STACK_SIZE)
 *fill*         0x20003cb0     0x2000 
                0x20005cb0                . = ALIGN (0x8)
                0x20005cb0                _estack = .
                0x20005cb0                . = ALIGN (0x4)
                0x20005cb0                _end = .
OUTPUT(DSP_MCU.elf elf32-littlearm)

.ARM.attributes
                0x00000000       0x28
 .ARM.attributes
                0x00000000       0x1e c:/program files (x86)/atmel/studio/7.0/toolchain/arm/arm-gnu-toolchain/bin/../lib/gcc/arm-none-eabi/6.3.1/thumb/v6-m/crti.o
 .ARM.attributes
                0x0000001e       0x2c c:/program files (x86)/atmel/studio/7.0/toolchain/arm/arm-gnu-toolchain/bin/../lib/gcc/arm-none-eabi/6.3.1/thumb/v6-m/crtbegin.o
 .ARM.attributes
                0x0000004a       0x32 src/ADXL345.o
 .ARM.attributes
                0x0000007c       0x32 src/ASF/sam0/drivers/sercom/i2c/i2c_sam0/i2c_master.o
 .ARM.attributes
                0x000000ae       0x32 src/ASF/sam0/drivers/sercom/sercom.o
 .ARM.attributes
                0x000000e0       0x32 src/ASF/sam0/drivers/sercom/usart/usart.o
 .ARM.attributes
                0x00000112       0x32 src/ASF/common2/services/delay/sam0/cycle_counter.o
 .ARM.attributes
                0x00000144       0x32 src/ASF/common/utils/interrupt/interrupt_sam_nvic.o
 .ARM.attributes
                0x00000176       0x32 src/ASF/sam0/boards/samw25_xplained_pro/board_init.o
 .ARM.attributes
                0x000001a8       0x32 src/ASF/sam0/drivers/port/port.o
 .ARM.attributes
                0x000001da       0x32 src/ASF/sam0/drivers/system/clock/clock_samd21_r21_da_ha1/clock.o
 .ARM.attributes
                0x0000020c       0x32 src/ASF/sam0/drivers/system/clock/clock_samd21_r21_da_ha1/gclk.o
 .ARM.attributes
                0x0000023e       0x32 src/ASF/sam0/drivers/system/pinmux/pinmux.o
 .ARM.attributes
                0x00000270       0x32 src/ASF/sam0/drivers/system/system.o
 .ARM.attributes
                0x000002a2       0x32 src/ASF/sam0/utils/cmsis/samd21/source/gcc/startup_samd21.o
 .ARM.attributes
                0x000002d4       0x32 src/ASF/sam0/utils/syscalls/gcc/syscalls.o
 .ARM.attributes
                0x00000306       0x32 src/ASF/thirdparty/freertos/freertos-7.4.2/Source/list.o
 .ARM.attributes
                0x00000338       0x32 src/ASF/thirdparty/freertos/freertos-7.4.2/Source/portable/GCC/ARM_CM0/port.o
 .ARM.attributes
                0x0000036a       0x32 src/ASF/thirdparty/freertos/freertos-7.4.2/Source/portable/MemMang/heap_1.o
 .ARM.attributes
                0x0000039c       0x32 src/ASF/thirdparty/freertos/freertos-7.4.2/Source/tasks.o
 .ARM.attributes
                0x000003ce       0x32 src/main.o
 .ARM.attributes
                0x00000400       0x1e c:/program files (x86)/atmel/studio/7.0/toolchain/arm/arm-gnu-toolchain/bin/../lib/gcc/arm-none-eabi/6.3.1/thumb/v6-m\libgcc.a(_udivsi3.o)
 .ARM.attributes
                0x0000041e       0x1e c:/program files (x86)/atmel/studio/7.0/toolchain/arm/arm-gnu-toolchain/bin/../lib/gcc/arm-none-eabi/6.3.1/thumb/v6-m\libgcc.a(_dvmd_tls.o)
 .ARM.attributes
                0x0000043c       0x1e c:/program files (x86)/atmel/studio/7.0/toolchain/arm/arm-gnu-toolchain/bin/../lib/gcc/arm-none-eabi/6.3.1/thumb/v6-m\libgcc.a(_aeabi_uldivmod.o)
 .ARM.attributes
                0x0000045a       0x2c c:/program files (x86)/atmel/studio/7.0/toolchain/arm/arm-gnu-toolchain/bin/../lib/gcc/arm-none-eabi/6.3.1/thumb/v6-m\libgcc.a(_muldi3.o)
 .ARM.attributes
                0x00000486       0x2c c:/program files (x86)/atmel/studio/7.0/toolchain/arm/arm-gnu-toolchain/bin/../lib/gcc/arm-none-eabi/6.3.1/thumb/v6-m\libgcc.a(_udivmoddi4.o)
 .ARM.attributes
                0x000004b2       0x2c c:/program files (x86)/atmel/studio/7.0/toolchain/arm/arm-gnu-toolchain/bin/../lib/gcc/arm-none-eabi/6.3.1/thumb/v6-m\libgcc.a(adddf3.o)
 .ARM.attributes
                0x000004de       0x2c c:/program files (x86)/atmel/studio/7.0/toolchain/arm/arm-gnu-toolchain/bin/../lib/gcc/arm-none-eabi/6.3.1/thumb/v6-m\libgcc.a(divdf3.o)
 .ARM.attributes
                0x0000050a       0x2c c:/program files (x86)/atmel/studio/7.0/toolchain/arm/arm-gnu-toolchain/bin/../lib/gcc/arm-none-eabi/6.3.1/thumb/v6-m\libgcc.a(muldf3.o)
 .ARM.attributes
                0x00000536       0x2c c:/program files (x86)/atmel/studio/7.0/toolchain/arm/arm-gnu-toolchain/bin/../lib/gcc/arm-none-eabi/6.3.1/thumb/v6-m\libgcc.a(subdf3.o)
 .ARM.attributes
                0x00000562       0x2c c:/program files (x86)/atmel/studio/7.0/toolchain/arm/arm-gnu-toolchain/bin/../lib/gcc/arm-none-eabi/6.3.1/thumb/v6-m\libgcc.a(fixdfsi.o)
 .ARM.attributes
                0x0000058e       0x2c c:/program files (x86)/atmel/studio/7.0/toolchain/arm/arm-gnu-toolchain/bin/../lib/gcc/arm-none-eabi/6.3.1/thumb/v6-m\libgcc.a(floatsidf.o)
 .ARM.attributes
                0x000005ba       0x2c c:/program files (x86)/atmel/studio/7.0/toolchain/arm/arm-gnu-toolchain/bin/../lib/gcc/arm-none-eabi/6.3.1/thumb/v6-m\libgcc.a(floatunsidf.o)
 .ARM.attributes
                0x000005e6       0x2c c:/program files (x86)/atmel/studio/7.0/toolchain/arm/arm-gnu-toolchain/bin/../lib/gcc/arm-none-eabi/6.3.1/thumb/v6-m\libgcc.a(truncdfsf2.o)
 .ARM.attributes
                0x00000612       0x1e c:/program files (x86)/atmel/studio/7.0/toolchain/arm/arm-gnu-toolchain/bin/../lib/gcc/arm-none-eabi/6.3.1/thumb/v6-m\libgcc.a(_clzsi2.o)
 .ARM.attributes
                0x00000630       0x1e c:/program files (x86)/atmel/studio/7.0/toolchain/arm/arm-gnu-toolchain/bin/../lib/gcc/arm-none-eabi/6.3.1/thumb/v6-m\libgcc.a(_clzdi2.o)
 .ARM.attributes
                0x0000064e       0x2c c:/program files (x86)/atmel/studio/7.0/toolchain/arm/arm-gnu-toolchain/bin/../lib/gcc/arm-none-eabi/6.3.1/../../../../arm-none-eabi/lib/thumb/v6-m\libc_nano.a(lib_a-impure.o)
 .ARM.attributes
                0x0000067a       0x2c c:/program files (x86)/atmel/studio/7.0/toolchain/arm/arm-gnu-toolchain/bin/../lib/gcc/arm-none-eabi/6.3.1/../../../../arm-none-eabi/lib/thumb/v6-m\libc_nano.a(lib_a-init.o)
 .ARM.attributes
                0x000006a6       0x2c c:/program files (x86)/atmel/studio/7.0/toolchain/arm/arm-gnu-toolchain/bin/../lib/gcc/arm-none-eabi/6.3.1/../../../../arm-none-eabi/lib/thumb/v6-m\libc_nano.a(lib_a-memset.o)
 .ARM.attributes
                0x000006d2       0x2c c:/program files (x86)/atmel/studio/7.0/toolchain/arm/arm-gnu-toolchain/bin/../lib/gcc/arm-none-eabi/6.3.1/../../../../arm-none-eabi/lib/thumb/v6-m\libc_nano.a(lib_a-puts.o)
 .ARM.attributes
                0x000006fe       0x2c c:/program files (x86)/atmel/studio/7.0/toolchain/arm/arm-gnu-toolchain/bin/../lib/gcc/arm-none-eabi/6.3.1/../../../../arm-none-eabi/lib/thumb/v6-m\libc_nano.a(lib_a-strncpy.o)
 .ARM.attributes
                0x0000072a       0x2c c:/program files (x86)/atmel/studio/7.0/toolchain/arm/arm-gnu-toolchain/bin/../lib/gcc/arm-none-eabi/6.3.1/../../../../arm-none-eabi/lib/thumb/v6-m\libc_nano.a(lib_a-wbuf.o)
 .ARM.attributes
                0x00000756       0x2c c:/program files (x86)/atmel/studio/7.0/toolchain/arm/arm-gnu-toolchain/bin/../lib/gcc/arm-none-eabi/6.3.1/../../../../arm-none-eabi/lib/thumb/v6-m\libc_nano.a(lib_a-wsetup.o)
 .ARM.attributes
                0x00000782       0x2c c:/program files (x86)/atmel/studio/7.0/toolchain/arm/arm-gnu-toolchain/bin/../lib/gcc/arm-none-eabi/6.3.1/../../../../arm-none-eabi/lib/thumb/v6-m\libc_nano.a(lib_a-fflush.o)
 .ARM.attributes
                0x000007ae       0x2c c:/program files (x86)/atmel/studio/7.0/toolchain/arm/arm-gnu-toolchain/bin/../lib/gcc/arm-none-eabi/6.3.1/../../../../arm-none-eabi/lib/thumb/v6-m\libc_nano.a(lib_a-findfp.o)
 .ARM.attributes
                0x000007da       0x2c c:/program files (x86)/atmel/studio/7.0/toolchain/arm/arm-gnu-toolchain/bin/../lib/gcc/arm-none-eabi/6.3.1/../../../../arm-none-eabi/lib/thumb/v6-m\libc_nano.a(lib_a-fwalk.o)
 .ARM.attributes
                0x00000806       0x2c c:/program files (x86)/atmel/studio/7.0/toolchain/arm/arm-gnu-toolchain/bin/../lib/gcc/arm-none-eabi/6.3.1/../../../../arm-none-eabi/lib/thumb/v6-m\libc_nano.a(lib_a-makebuf.o)
 .ARM.attributes
                0x00000832       0x2c c:/program files (x86)/atmel/studio/7.0/toolchain/arm/arm-gnu-toolchain/bin/../lib/gcc/arm-none-eabi/6.3.1/../../../../arm-none-eabi/lib/thumb/v6-m\libc_nano.a(lib_a-nano-freer.o)
 .ARM.attributes
                0x0000085e       0x2c c:/program files (x86)/atmel/studio/7.0/toolchain/arm/arm-gnu-toolchain/bin/../lib/gcc/arm-none-eabi/6.3.1/../../../../arm-none-eabi/lib/thumb/v6-m\libc_nano.a(lib_a-nano-mallocr.o)
 .ARM.attributes
                0x0000088a       0x2c c:/program files (x86)/atmel/studio/7.0/toolchain/arm/arm-gnu-toolchain/bin/../lib/gcc/arm-none-eabi/6.3.1/../../../../arm-none-eabi/lib/thumb/v6-m\libc_nano.a(lib_a-sbrkr.o)
 .ARM.attributes
                0x000008b6       0x2c c:/program files (x86)/atmel/studio/7.0/toolchain/arm/arm-gnu-toolchain/bin/../lib/gcc/arm-none-eabi/6.3.1/../../../../arm-none-eabi/lib/thumb/v6-m\libc_nano.a(lib_a-stdio.o)
 .ARM.attributes
                0x000008e2       0x2c c:/program files (x86)/atmel/studio/7.0/toolchain/arm/arm-gnu-toolchain/bin/../lib/gcc/arm-none-eabi/6.3.1/../../../../arm-none-eabi/lib/thumb/v6-m\libc_nano.a(lib_a-writer.o)
 .ARM.attributes
                0x0000090e       0x2c c:/program files (x86)/atmel/studio/7.0/toolchain/arm/arm-gnu-toolchain/bin/../lib/gcc/arm-none-eabi/6.3.1/../../../../arm-none-eabi/lib/thumb/v6-m\libc_nano.a(lib_a-closer.o)
 .ARM.attributes
                0x0000093a       0x2c c:/program files (x86)/atmel/studio/7.0/toolchain/arm/arm-gnu-toolchain/bin/../lib/gcc/arm-none-eabi/6.3.1/../../../../arm-none-eabi/lib/thumb/v6-m\libc_nano.a(lib_a-fstatr.o)
 .ARM.attributes
                0x00000966       0x2c c:/program files (x86)/atmel/studio/7.0/toolchain/arm/arm-gnu-toolchain/bin/../lib/gcc/arm-none-eabi/6.3.1/../../../../arm-none-eabi/lib/thumb/v6-m\libc_nano.a(lib_a-isattyr.o)
 .ARM.attributes
                0x00000992       0x2c c:/program files (x86)/atmel/studio/7.0/toolchain/arm/arm-gnu-toolchain/bin/../lib/gcc/arm-none-eabi/6.3.1/../../../../arm-none-eabi/lib/thumb/v6-m\libc_nano.a(lib_a-lseekr.o)
 .ARM.attributes
                0x000009be       0x2c c:/program files (x86)/atmel/studio/7.0/toolchain/arm/arm-gnu-toolchain/bin/../lib/gcc/arm-none-eabi/6.3.1/../../../../arm-none-eabi/lib/thumb/v6-m\libc_nano.a(lib_a-mlock.o)
 .ARM.attributes
                0x000009ea       0x2c c:/program files (x86)/atmel/studio/7.0/toolchain/arm/arm-gnu-toolchain/bin/../lib/gcc/arm-none-eabi/6.3.1/../../../../arm-none-eabi/lib/thumb/v6-m\libc_nano.a(lib_a-readr.o)
 .ARM.attributes
                0x00000a16       0x2c c:/program files (x86)/atmel/studio/7.0/toolchain/arm/arm-gnu-toolchain/bin/../lib/gcc/arm-none-eabi/6.3.1/../../../../arm-none-eabi/lib/thumb/v6-m\libc_nano.a(lib_a-reent.o)
 .ARM.attributes
                0x00000a42       0x2c c:/program files (x86)/atmel/studio/7.0/toolchain/arm/arm-gnu-toolchain/bin/../lib/gcc/arm-none-eabi/6.3.1/../../../../arm-none-eabi/lib/thumb/v6-m\libnosys.a(read.o)
 .ARM.attributes
                0x00000a6e       0x2c c:/program files (x86)/atmel/studio/7.0/toolchain/arm/arm-gnu-toolchain/bin/../lib/gcc/arm-none-eabi/6.3.1/../../../../arm-none-eabi/lib/thumb/v6-m\libnosys.a(write.o)
 .ARM.attributes
                0x00000a9a       0x1e c:/program files (x86)/atmel/studio/7.0/toolchain/arm/arm-gnu-toolchain/bin/../lib/gcc/arm-none-eabi/6.3.1/thumb/v6-m/crtn.o

.comment        0x00000000       0x59
 .comment       0x00000000       0x59 src/ADXL345.o
                                 0x5a (size before relaxing)
 .comment       0x00000059       0x5a src/ASF/sam0/drivers/sercom/i2c/i2c_sam0/i2c_master.o
 .comment       0x00000059       0x5a src/ASF/sam0/drivers/sercom/sercom.o
 .comment       0x00000059       0x5a src/ASF/sam0/drivers/sercom/usart/usart.o
 .comment       0x00000059       0x5a src/ASF/common2/services/delay/sam0/cycle_counter.o
 .comment       0x00000059       0x5a src/ASF/common/utils/interrupt/interrupt_sam_nvic.o
 .comment       0x00000059       0x5a src/ASF/sam0/boards/samw25_xplained_pro/board_init.o
 .comment       0x00000059       0x5a src/ASF/sam0/drivers/port/port.o
 .comment       0x00000059       0x5a src/ASF/sam0/drivers/system/clock/clock_samd21_r21_da_ha1/clock.o
 .comment       0x00000059       0x5a src/ASF/sam0/drivers/system/clock/clock_samd21_r21_da_ha1/gclk.o
 .comment       0x00000059       0x5a src/ASF/sam0/drivers/system/pinmux/pinmux.o
 .comment       0x00000059       0x5a src/ASF/sam0/drivers/system/system.o
 .comment       0x00000059       0x5a src/ASF/sam0/utils/cmsis/samd21/source/gcc/startup_samd21.o
 .comment       0x00000059       0x5a src/ASF/sam0/utils/syscalls/gcc/syscalls.o
 .comment       0x00000059       0x5a src/ASF/thirdparty/freertos/freertos-7.4.2/Source/list.o
 .comment       0x00000059       0x5a src/ASF/thirdparty/freertos/freertos-7.4.2/Source/portable/GCC/ARM_CM0/port.o
 .comment       0x00000059       0x5a src/ASF/thirdparty/freertos/freertos-7.4.2/Source/portable/MemMang/heap_1.o
 .comment       0x00000059       0x5a src/ASF/thirdparty/freertos/freertos-7.4.2/Source/tasks.o
 .comment       0x00000059       0x5a src/main.o

.debug_info     0x00000000    0x257ed
 .debug_info    0x00000000     0x2e1a src/ADXL345.o
 .debug_info    0x00002e1a     0x4bb9 src/ASF/sam0/drivers/sercom/i2c/i2c_sam0/i2c_master.o
 .debug_info    0x000079d3     0x2dd3 src/ASF/sam0/drivers/sercom/sercom.o
 .debug_info    0x0000a7a6     0x4825 src/ASF/sam0/drivers/sercom/usart/usart.o
 .debug_info    0x0000efcb      0xa64 src/ASF/common2/services/delay/sam0/cycle_counter.o
 .debug_info    0x0000fa2f      0xb05 src/ASF/common/utils/interrupt/interrupt_sam_nvic.o
 .debug_info    0x00010534     0x12ad src/ASF/sam0/boards/samw25_xplained_pro/board_init.o
 .debug_info    0x000117e1     0x12b6 src/ASF/sam0/drivers/port/port.o
 .debug_info    0x00012a97     0x39d4 src/ASF/sam0/drivers/system/clock/clock_samd21_r21_da_ha1/clock.o
 .debug_info    0x0001646b     0x1ec7 src/ASF/sam0/drivers/system/clock/clock_samd21_r21_da_ha1/gclk.o
 .debug_info    0x00018332     0x13f3 src/ASF/sam0/drivers/system/pinmux/pinmux.o
 .debug_info    0x00019725      0xa73 src/ASF/sam0/drivers/system/system.o
 .debug_info    0x0001a198     0x3a3f src/ASF/sam0/utils/cmsis/samd21/source/gcc/startup_samd21.o
 .debug_info    0x0001dbd7      0xd98 src/ASF/sam0/utils/syscalls/gcc/syscalls.o
 .debug_info    0x0001e96f      0xbbd src/ASF/thirdparty/freertos/freertos-7.4.2/Source/list.o
 .debug_info    0x0001f52c      0x21e src/ASF/thirdparty/freertos/freertos-7.4.2/Source/portable/GCC/ARM_CM0/port.o
 .debug_info    0x0001f74a      0xa98 src/ASF/thirdparty/freertos/freertos-7.4.2/Source/portable/MemMang/heap_1.o
 .debug_info    0x000201e2     0x1f4d src/ASF/thirdparty/freertos/freertos-7.4.2/Source/tasks.o
 .debug_info    0x0002212f     0x36be src/main.o

.debug_abbrev   0x00000000     0x3897
 .debug_abbrev  0x00000000      0x2cf src/ADXL345.o
 .debug_abbrev  0x000002cf      0x4f4 src/ASF/sam0/drivers/sercom/i2c/i2c_sam0/i2c_master.o
 .debug_abbrev  0x000007c3      0x378 src/ASF/sam0/drivers/sercom/sercom.o
 .debug_abbrev  0x00000b3b      0x45c src/ASF/sam0/drivers/sercom/usart/usart.o
 .debug_abbrev  0x00000f97      0x1e7 src/ASF/common2/services/delay/sam0/cycle_counter.o
 .debug_abbrev  0x0000117e      0x23b src/ASF/common/utils/interrupt/interrupt_sam_nvic.o
 .debug_abbrev  0x000013b9      0x2dc src/ASF/sam0/boards/samw25_xplained_pro/board_init.o
 .debug_abbrev  0x00001695      0x298 src/ASF/sam0/drivers/port/port.o
 .debug_abbrev  0x0000192d      0x493 src/ASF/sam0/drivers/system/clock/clock_samd21_r21_da_ha1/clock.o
 .debug_abbrev  0x00001dc0      0x40d src/ASF/sam0/drivers/system/clock/clock_samd21_r21_da_ha1/gclk.o
 .debug_abbrev  0x000021cd      0x361 src/ASF/sam0/drivers/system/pinmux/pinmux.o
 .debug_abbrev  0x0000252e      0x1e1 src/ASF/sam0/drivers/system/system.o
 .debug_abbrev  0x0000270f      0x234 src/ASF/sam0/utils/cmsis/samd21/source/gcc/startup_samd21.o
 .debug_abbrev  0x00002943      0x257 src/ASF/sam0/utils/syscalls/gcc/syscalls.o
 .debug_abbrev  0x00002b9a      0x221 src/ASF/thirdparty/freertos/freertos-7.4.2/Source/list.o
 .debug_abbrev  0x00002dbb      0x131 src/ASF/thirdparty/freertos/freertos-7.4.2/Source/portable/GCC/ARM_CM0/port.o
 .debug_abbrev  0x00002eec      0x240 src/ASF/thirdparty/freertos/freertos-7.4.2/Source/portable/MemMang/heap_1.o
 .debug_abbrev  0x0000312c      0x3a8 src/ASF/thirdparty/freertos/freertos-7.4.2/Source/tasks.o
 .debug_abbrev  0x000034d4      0x3c3 src/main.o

.debug_loc      0x00000000     0x595b
 .debug_loc     0x00000000      0x51a src/ADXL345.o
 .debug_loc     0x0000051a      0xed9 src/ASF/sam0/drivers/sercom/i2c/i2c_sam0/i2c_master.o
 .debug_loc     0x000013f3      0x9d5 src/ASF/sam0/drivers/sercom/sercom.o
 .debug_loc     0x00001dc8      0xcec src/ASF/sam0/drivers/sercom/usart/usart.o
 .debug_loc     0x00002ab4       0x8a src/ASF/sam0/boards/samw25_xplained_pro/board_init.o
 .debug_loc     0x00002b3e      0x13d src/ASF/sam0/drivers/port/port.o
 .debug_loc     0x00002c7b      0xf7d src/ASF/sam0/drivers/system/clock/clock_samd21_r21_da_ha1/clock.o
 .debug_loc     0x00003bf8      0x504 src/ASF/sam0/drivers/system/clock/clock_samd21_r21_da_ha1/gclk.o
 .debug_loc     0x000040fc      0x36d src/ASF/sam0/drivers/system/pinmux/pinmux.o
 .debug_loc     0x00004469       0x20 src/ASF/sam0/drivers/system/system.o
 .debug_loc     0x00004489       0x40 src/ASF/sam0/utils/cmsis/samd21/source/gcc/startup_samd21.o
 .debug_loc     0x000044c9       0xef src/ASF/sam0/utils/syscalls/gcc/syscalls.o
 .debug_loc     0x000045b8       0x9b src/ASF/thirdparty/freertos/freertos-7.4.2/Source/list.o
 .debug_loc     0x00004653       0xbd src/ASF/thirdparty/freertos/freertos-7.4.2/Source/portable/GCC/ARM_CM0/port.o
 .debug_loc     0x00004710       0x7f src/ASF/thirdparty/freertos/freertos-7.4.2/Source/portable/MemMang/heap_1.o
 .debug_loc     0x0000478f      0xf79 src/ASF/thirdparty/freertos/freertos-7.4.2/Source/tasks.o
 .debug_loc     0x00005708      0x253 src/main.o

.debug_aranges  0x00000000      0x5f8
 .debug_aranges
                0x00000000       0x38 src/ADXL345.o
 .debug_aranges
                0x00000038       0xa0 src/ASF/sam0/drivers/sercom/i2c/i2c_sam0/i2c_master.o
 .debug_aranges
                0x000000d8       0x48 src/ASF/sam0/drivers/sercom/sercom.o
 .debug_aranges
                0x00000120       0x40 src/ASF/sam0/drivers/sercom/usart/usart.o
 .debug_aranges
                0x00000160       0x28 src/ASF/common2/services/delay/sam0/cycle_counter.o
 .debug_aranges
                0x00000188       0x28 src/ASF/common/utils/interrupt/interrupt_sam_nvic.o
 .debug_aranges
                0x000001b0       0x20 src/ASF/sam0/boards/samw25_xplained_pro/board_init.o
 .debug_aranges
                0x000001d0       0x28 src/ASF/sam0/drivers/port/port.o
 .debug_aranges
                0x000001f8       0x78 src/ASF/sam0/drivers/system/clock/clock_samd21_r21_da_ha1/clock.o
 .debug_aranges
                0x00000270       0x80 src/ASF/sam0/drivers/system/clock/clock_samd21_r21_da_ha1/gclk.o
 .debug_aranges
                0x000002f0       0x40 src/ASF/sam0/drivers/system/pinmux/pinmux.o
 .debug_aranges
                0x00000330       0x28 src/ASF/sam0/drivers/system/system.o
 .debug_aranges
                0x00000358       0x28 src/ASF/sam0/utils/cmsis/samd21/source/gcc/startup_samd21.o
 .debug_aranges
                0x00000380       0x60 src/ASF/sam0/utils/syscalls/gcc/syscalls.o
 .debug_aranges
                0x000003e0       0x40 src/ASF/thirdparty/freertos/freertos-7.4.2/Source/list.o
 .debug_aranges
                0x00000420       0x70 src/ASF/thirdparty/freertos/freertos-7.4.2/Source/portable/GCC/ARM_CM0/port.o
 .debug_aranges
                0x00000490       0x38 src/ASF/thirdparty/freertos/freertos-7.4.2/Source/portable/MemMang/heap_1.o
 .debug_aranges
                0x000004c8      0x108 src/ASF/thirdparty/freertos/freertos-7.4.2/Source/tasks.o
 .debug_aranges
                0x000005d0       0x28 src/main.o

.debug_ranges   0x00000000      0x6c8
 .debug_ranges  0x00000000       0x28 src/ADXL345.o
 .debug_ranges  0x00000028       0xa8 src/ASF/sam0/drivers/sercom/i2c/i2c_sam0/i2c_master.o
 .debug_ranges  0x000000d0       0x50 src/ASF/sam0/drivers/sercom/sercom.o
 .debug_ranges  0x00000120      0x148 src/ASF/sam0/drivers/sercom/usart/usart.o
 .debug_ranges  0x00000268       0x18 src/ASF/common2/services/delay/sam0/cycle_counter.o
 .debug_ranges  0x00000280       0x18 src/ASF/common/utils/interrupt/interrupt_sam_nvic.o
 .debug_ranges  0x00000298       0x10 src/ASF/sam0/boards/samw25_xplained_pro/board_init.o
 .debug_ranges  0x000002a8       0x18 src/ASF/sam0/drivers/port/port.o
 .debug_ranges  0x000002c0       0x68 src/ASF/sam0/drivers/system/clock/clock_samd21_r21_da_ha1/clock.o
 .debug_ranges  0x00000328       0x88 src/ASF/sam0/drivers/system/clock/clock_samd21_r21_da_ha1/gclk.o
 .debug_ranges  0x000003b0       0x30 src/ASF/sam0/drivers/system/pinmux/pinmux.o
 .debug_ranges  0x000003e0       0x18 src/ASF/sam0/drivers/system/system.o
 .debug_ranges  0x000003f8       0x18 src/ASF/sam0/utils/cmsis/samd21/source/gcc/startup_samd21.o
 .debug_ranges  0x00000410       0x50 src/ASF/sam0/utils/syscalls/gcc/syscalls.o
 .debug_ranges  0x00000460       0x30 src/ASF/thirdparty/freertos/freertos-7.4.2/Source/list.o
 .debug_ranges  0x00000490       0x60 src/ASF/thirdparty/freertos/freertos-7.4.2/Source/portable/GCC/ARM_CM0/port.o
 .debug_ranges  0x000004f0       0x28 src/ASF/thirdparty/freertos/freertos-7.4.2/Source/portable/MemMang/heap_1.o
 .debug_ranges  0x00000518      0x198 src/ASF/thirdparty/freertos/freertos-7.4.2/Source/tasks.o
 .debug_ranges  0x000006b0       0x18 src/main.o

.debug_macro    0x00000000    0x1aa5f
 .debug_macro   0x00000000      0x6d9 src/ADXL345.o
 .debug_macro   0x000006d9      0x8c8 src/ADXL345.o
 .debug_macro   0x00000fa1      0x16d src/ADXL345.o
 .debug_macro   0x0000110e      0x71d src/ADXL345.o
 .debug_macro   0x0000182b       0x22 src/ADXL345.o
 .debug_macro   0x0000184d       0x87 src/ADXL345.o
 .debug_macro   0x000018d4       0x51 src/ADXL345.o
 .debug_macro   0x00001925       0xef src/ADXL345.o
 .debug_macro   0x00001a14       0x6a src/ADXL345.o
 .debug_macro   0x00001a7e      0x1df src/ADXL345.o
 .debug_macro   0x00001c5d       0x10 src/ADXL345.o
 .debug_macro   0x00001c6d       0x76 src/ADXL345.o
 .debug_macro   0x00001ce3       0x16 src/ADXL345.o
 .debug_macro   0x00001cf9      0x6db src/ADXL345.o
 .debug_macro   0x000023d4      0xdd8 src/ADXL345.o
 .debug_macro   0x000031ac       0x22 src/ADXL345.o
 .debug_macro   0x000031ce       0x40 src/ADXL345.o
 .debug_macro   0x0000320e       0x1c src/ADXL345.o
 .debug_macro   0x0000322a       0x22 src/ADXL345.o
 .debug_macro   0x0000324c       0xb5 src/ADXL345.o
 .debug_macro   0x00003301      0x3ad src/ADXL345.o
 .debug_macro   0x000036ae      0x681 src/ADXL345.o
 .debug_macro   0x00003d2f      0x8b5 src/ADXL345.o
 .debug_macro   0x000045e4      0x230 src/ADXL345.o
 .debug_macro   0x00004814      0xd60 src/ADXL345.o
 .debug_macro   0x00005574      0x4cb src/ADXL345.o
 .debug_macro   0x00005a3f      0x9f8 src/ADXL345.o
 .debug_macro   0x00006437      0x82b src/ADXL345.o
 .debug_macro   0x00006c62      0x455 src/ADXL345.o
 .debug_macro   0x000070b7       0x5e src/ADXL345.o
 .debug_macro   0x00007115      0x8fd src/ADXL345.o
 .debug_macro   0x00007a12      0x21c src/ADXL345.o
 .debug_macro   0x00007c2e      0x95b src/ADXL345.o
 .debug_macro   0x00008589       0x5e src/ADXL345.o
 .debug_macro   0x000085e7      0x667 src/ADXL345.o
 .debug_macro   0x00008c4e      0x3af src/ADXL345.o
 .debug_macro   0x00008ffd      0xc7a src/ADXL345.o
 .debug_macro   0x00009c77     0x1092 src/ADXL345.o
 .debug_macro   0x0000ad09      0xc4a src/ADXL345.o
 .debug_macro   0x0000b953      0x6ba src/ADXL345.o
 .debug_macro   0x0000c00d     0x1bbf src/ADXL345.o
 .debug_macro   0x0000dbcc     0x1440 src/ADXL345.o
 .debug_macro   0x0000f00c      0x344 src/ADXL345.o
 .debug_macro   0x0000f350       0x7c src/ADXL345.o
 .debug_macro   0x0000f3cc       0xa0 src/ADXL345.o
 .debug_macro   0x0000f46c       0x4c src/ADXL345.o
 .debug_macro   0x0000f4b8       0xca src/ADXL345.o
 .debug_macro   0x0000f582       0x94 src/ADXL345.o
 .debug_macro   0x0000f616       0x58 src/ADXL345.o
 .debug_macro   0x0000f66e      0x37d src/ADXL345.o
 .debug_macro   0x0000f9eb       0x82 src/ADXL345.o
 .debug_macro   0x0000fa6d      0x18d src/ADXL345.o
 .debug_macro   0x0000fbfa       0xb8 src/ADXL345.o
 .debug_macro   0x0000fcb2       0xa0 src/ADXL345.o
 .debug_macro   0x0000fd52       0xb8 src/ADXL345.o
 .debug_macro   0x0000fe0a       0x1c src/ADXL345.o
 .debug_macro   0x0000fe26       0x1c src/ADXL345.o
 .debug_macro   0x0000fe42       0x1c src/ADXL345.o
 .debug_macro   0x0000fe5e       0x82 src/ADXL345.o
 .debug_macro   0x0000fee0      0x15a src/ADXL345.o
 .debug_macro   0x0001003a       0xdc src/ADXL345.o
 .debug_macro   0x00010116      0x128 src/ADXL345.o
 .debug_macro   0x0001023e      0x128 src/ADXL345.o
 .debug_macro   0x00010366      0x128 src/ADXL345.o
 .debug_macro   0x0001048e      0x128 src/ADXL345.o
 .debug_macro   0x000105b6      0x128 src/ADXL345.o
 .debug_macro   0x000106de      0x128 src/ADXL345.o
 .debug_macro   0x00010806      0x124 src/ADXL345.o
 .debug_macro   0x0001092a       0xe2 src/ADXL345.o
 .debug_macro   0x00010a0c       0xe2 src/ADXL345.o
 .debug_macro   0x00010aee       0xe2 src/ADXL345.o
 .debug_macro   0x00010bd0      0x130 src/ADXL345.o
 .debug_macro   0x00010d00      0x106 src/ADXL345.o
 .debug_macro   0x00010e06       0xfa src/ADXL345.o
 .debug_macro   0x00010f00      0x40f src/ADXL345.o
 .debug_macro   0x0001130f       0x40 src/ADXL345.o
 .debug_macro   0x0001134f      0x361 src/ADXL345.o
 .debug_macro   0x000116b0     0x16e3 src/ADXL345.o
 .debug_macro   0x00012d93       0x6d src/ADXL345.o
 .debug_macro   0x00012e00       0x58 src/ADXL345.o
 .debug_macro   0x00012e58       0x35 src/ADXL345.o
 .debug_macro   0x00012e8d       0x9c src/ADXL345.o
 .debug_macro   0x00012f29       0x16 src/ADXL345.o
 .debug_macro   0x00012f3f       0x35 src/ADXL345.o
 .debug_macro   0x00012f74      0x34d src/ADXL345.o
 .debug_macro   0x000132c1       0x10 src/ADXL345.o
 .debug_macro   0x000132d1       0x58 src/ADXL345.o
 .debug_macro   0x00013329       0x1f src/ADXL345.o
 .debug_macro   0x00013348       0x43 src/ADXL345.o
 .debug_macro   0x0001338b       0x20 src/ADXL345.o
 .debug_macro   0x000133ab      0x187 src/ADXL345.o
 .debug_macro   0x00013532       0x10 src/ADXL345.o
 .debug_macro   0x00013542       0x1c src/ADXL345.o
 .debug_macro   0x0001355e       0x52 src/ADXL345.o
 .debug_macro   0x000135b0       0x40 src/ADXL345.o
 .debug_macro   0x000135f0       0x10 src/ADXL345.o
 .debug_macro   0x00013600       0x40 src/ADXL345.o
 .debug_macro   0x00013640       0xd7 src/ADXL345.o
 .debug_macro   0x00013717       0x16 src/ADXL345.o
 .debug_macro   0x0001372d      0x18b src/ADXL345.o
 .debug_macro   0x000138b8       0x16 src/ADXL345.o
 .debug_macro   0x000138ce       0x16 src/ADXL345.o
 .debug_macro   0x000138e4       0x29 src/ADXL345.o
 .debug_macro   0x0001390d       0x51 src/ADXL345.o
 .debug_macro   0x0001395e       0x3e src/ADXL345.o
 .debug_macro   0x0001399c      0x3df src/ADXL345.o
 .debug_macro   0x00013d7b       0x11 src/ADXL345.o
 .debug_macro   0x00013d8c       0x2e src/ADXL345.o
 .debug_macro   0x00013dba       0x16 src/ADXL345.o
 .debug_macro   0x00013dd0       0x46 src/ADXL345.o
 .debug_macro   0x00013e16      0x118 src/ADXL345.o
 .debug_macro   0x00013f2e       0xb1 src/ADXL345.o
 .debug_macro   0x00013fdf       0x12 src/ADXL345.o
 .debug_macro   0x00013ff1       0x1f src/ADXL345.o
 .debug_macro   0x00014010      0x1d9 src/ADXL345.o
 .debug_macro   0x000141e9       0x16 src/ADXL345.o
 .debug_macro   0x000141ff       0x5e src/ADXL345.o
 .debug_macro   0x0001425d       0x43 src/ADXL345.o
 .debug_macro   0x000142a0       0x9c src/ADXL345.o
 .debug_macro   0x0001433c       0x78 src/ADXL345.o
 .debug_macro   0x000143b4       0x5d src/ADXL345.o
 .debug_macro   0x00014411       0x5b src/ADXL345.o
 .debug_macro   0x0001446c      0x2df src/ADXL345.o
 .debug_macro   0x0001474b      0x6ce src/ADXL345.o
 .debug_macro   0x00014e19       0x18 src/ADXL345.o
 .debug_macro   0x00014e31       0x12 src/ADXL345.o
 .debug_macro   0x00014e43       0x16 src/ADXL345.o
 .debug_macro   0x00014e59       0x2e src/ADXL345.o
 .debug_macro   0x00014e87       0xb2 src/ADXL345.o
 .debug_macro   0x00014f39       0x10 src/ADXL345.o
 .debug_macro   0x00014f49       0x27 src/ADXL345.o
 .debug_macro   0x00014f70       0x50 src/ADXL345.o
 .debug_macro   0x00014fc0       0x64 src/ADXL345.o
 .debug_macro   0x00015024      0x59e src/ASF/sam0/drivers/sercom/i2c/i2c_sam0/i2c_master.o
 .debug_macro   0x000155c2      0x598 src/ASF/sam0/drivers/sercom/sercom.o
 .debug_macro   0x00015b5a      0x590 src/ASF/sam0/drivers/sercom/usart/usart.o
 .debug_macro   0x000160ea       0x51 src/ASF/sam0/drivers/sercom/usart/usart.o
 .debug_macro   0x0001613b      0x546 src/ASF/common2/services/delay/sam0/cycle_counter.o
 .debug_macro   0x00016681      0x50b src/ASF/common/utils/interrupt/interrupt_sam_nvic.o
 .debug_macro   0x00016b8c      0x547 src/ASF/sam0/boards/samw25_xplained_pro/board_init.o
 .debug_macro   0x000170d3      0x525 src/ASF/sam0/drivers/port/port.o
 .debug_macro   0x000175f8      0x58a src/ASF/sam0/drivers/system/clock/clock_samd21_r21_da_ha1/clock.o
 .debug_macro   0x00017b82      0x291 src/ASF/sam0/drivers/system/clock/clock_samd21_r21_da_ha1/clock.o
 .debug_macro   0x00017e13      0x541 src/ASF/sam0/drivers/system/clock/clock_samd21_r21_da_ha1/gclk.o
 .debug_macro   0x00018354      0x51b src/ASF/sam0/drivers/system/pinmux/pinmux.o
 .debug_macro   0x0001886f       0x12 src/ASF/sam0/drivers/system/pinmux/pinmux.o
 .debug_macro   0x00018881      0x54e src/ASF/sam0/drivers/system/system.o
 .debug_macro   0x00018dcf      0x2f2 src/ASF/sam0/utils/cmsis/samd21/source/gcc/startup_samd21.o
 .debug_macro   0x000190c1       0x3a src/ASF/sam0/utils/cmsis/samd21/source/gcc/startup_samd21.o
 .debug_macro   0x000190fb      0x1d6 src/ASF/sam0/utils/syscalls/gcc/syscalls.o
 .debug_macro   0x000192d1       0x52 src/ASF/sam0/utils/syscalls/gcc/syscalls.o
 .debug_macro   0x00019323       0x8d src/ASF/sam0/utils/syscalls/gcc/syscalls.o
 .debug_macro   0x000193b0       0x57 src/ASF/sam0/utils/syscalls/gcc/syscalls.o
 .debug_macro   0x00019407       0x97 src/ASF/sam0/utils/syscalls/gcc/syscalls.o
 .debug_macro   0x0001949e      0x353 src/ASF/sam0/utils/syscalls/gcc/syscalls.o
 .debug_macro   0x000197f1       0xf6 src/ASF/sam0/utils/syscalls/gcc/syscalls.o
 .debug_macro   0x000198e7       0x4c src/ASF/sam0/utils/syscalls/gcc/syscalls.o
 .debug_macro   0x00019933       0x16 src/ASF/sam0/utils/syscalls/gcc/syscalls.o
 .debug_macro   0x00019949       0x10 src/ASF/sam0/utils/syscalls/gcc/syscalls.o
 .debug_macro   0x00019959       0x10 src/ASF/sam0/utils/syscalls/gcc/syscalls.o
 .debug_macro   0x00019969       0x35 src/ASF/sam0/utils/syscalls/gcc/syscalls.o
 .debug_macro   0x0001999e      0x122 src/ASF/sam0/utils/syscalls/gcc/syscalls.o
 .debug_macro   0x00019ac0      0x17f src/ASF/thirdparty/freertos/freertos-7.4.2/Source/list.o
 .debug_macro   0x00019c3f      0x10e src/ASF/thirdparty/freertos/freertos-7.4.2/Source/list.o
 .debug_macro   0x00019d4d       0x86 src/ASF/thirdparty/freertos/freertos-7.4.2/Source/list.o
 .debug_macro   0x00019dd3      0x122 src/ASF/thirdparty/freertos/freertos-7.4.2/Source/portable/GCC/ARM_CM0/port.o
 .debug_macro   0x00019ef5      0x1a0 src/ASF/thirdparty/freertos/freertos-7.4.2/Source/portable/MemMang/heap_1.o
 .debug_macro   0x0001a095      0x2ee src/ASF/thirdparty/freertos/freertos-7.4.2/Source/tasks.o
 .debug_macro   0x0001a383      0x6dc src/main.o

.debug_line     0x00000000     0xb6a6
 .debug_line    0x00000000      0xe32 src/ADXL345.o
 .debug_line    0x00000e32      0xdf9 src/ASF/sam0/drivers/sercom/i2c/i2c_sam0/i2c_master.o
 .debug_line    0x00001c2b      0xbde src/ASF/sam0/drivers/sercom/sercom.o
 .debug_line    0x00002809      0xcdd src/ASF/sam0/drivers/sercom/usart/usart.o
 .debug_line    0x000034e6      0x98a src/ASF/common2/services/delay/sam0/cycle_counter.o
 .debug_line    0x00003e70      0x8d3 src/ASF/common/utils/interrupt/interrupt_sam_nvic.o
 .debug_line    0x00004743      0x97e src/ASF/sam0/boards/samw25_xplained_pro/board_init.o
 .debug_line    0x000050c1      0x905 src/ASF/sam0/drivers/port/port.o
 .debug_line    0x000059c6      0xcc8 src/ASF/sam0/drivers/system/clock/clock_samd21_r21_da_ha1/clock.o
 .debug_line    0x0000668e      0xc81 src/ASF/sam0/drivers/system/clock/clock_samd21_r21_da_ha1/gclk.o
 .debug_line    0x0000730f      0x952 src/ASF/sam0/drivers/system/pinmux/pinmux.o
 .debug_line    0x00007c61      0x9fc src/ASF/sam0/drivers/system/system.o
 .debug_line    0x0000865d      0x657 src/ASF/sam0/utils/cmsis/samd21/source/gcc/startup_samd21.o
 .debug_line    0x00008cb4      0x409 src/ASF/sam0/utils/syscalls/gcc/syscalls.o
 .debug_line    0x000090bd      0x470 src/ASF/thirdparty/freertos/freertos-7.4.2/Source/list.o
 .debug_line    0x0000952d      0x430 src/ASF/thirdparty/freertos/freertos-7.4.2/Source/portable/GCC/ARM_CM0/port.o
 .debug_line    0x0000995d      0x484 src/ASF/thirdparty/freertos/freertos-7.4.2/Source/portable/MemMang/heap_1.o
 .debug_line    0x00009de1      0xa71 src/ASF/thirdparty/freertos/freertos-7.4.2/Source/tasks.o
 .debug_line    0x0000a852      0xe54 src/main.o

.debug_str      0x00000000    0x8f32d
 .debug_str     0x00000000    0x87d19 src/ADXL345.o
                              0x886f1 (size before relaxing)
 .debug_str     0x00087d19      0xdb2 src/ASF/sam0/drivers/sercom/i2c/i2c_sam0/i2c_master.o
                              0x82d4b (size before relaxing)
 .debug_str     0x00088acb      0x4be src/ASF/sam0/drivers/sercom/sercom.o
                              0x8239e (size before relaxing)
 .debug_str     0x00088f89      0x6a8 src/ASF/sam0/drivers/sercom/usart/usart.o
                              0x82f82 (size before relaxing)
 .debug_str     0x00089631       0x42 src/ASF/common2/services/delay/sam0/cycle_counter.o
                              0x80f8c (size before relaxing)
 .debug_str     0x00089673       0x94 src/ASF/common/utils/interrupt/interrupt_sam_nvic.o
                              0x80cbd (size before relaxing)
 .debug_str     0x00089707      0x301 src/ASF/sam0/boards/samw25_xplained_pro/board_init.o
                              0x8387b (size before relaxing)
 .debug_str     0x00089a08       0x5e src/ASF/sam0/drivers/port/port.o
                              0x810e9 (size before relaxing)
 .debug_str     0x00089a66     0x2862 src/ASF/sam0/drivers/system/clock/clock_samd21_r21_da_ha1/clock.o
                              0x83f14 (size before relaxing)
 .debug_str     0x0008c2c8      0x233 src/ASF/sam0/drivers/system/clock/clock_samd21_r21_da_ha1/gclk.o
                              0x81980 (size before relaxing)
 .debug_str     0x0008c4fb      0x179 src/ASF/sam0/drivers/system/pinmux/pinmux.o
                              0x8115f (size before relaxing)
 .debug_str     0x0008c674       0x47 src/ASF/sam0/drivers/system/system.o
                              0x80d9a (size before relaxing)
 .debug_str     0x0008c6bb      0xf21 src/ASF/sam0/utils/cmsis/samd21/source/gcc/startup_samd21.o
                              0x6bd4d (size before relaxing)
 .debug_str     0x0008d5dc      0x77a src/ASF/sam0/utils/syscalls/gcc/syscalls.o
                               0x73a7 (size before relaxing)
 .debug_str     0x0008dd56      0x160 src/ASF/thirdparty/freertos/freertos-7.4.2/Source/list.o
                               0x80b6 (size before relaxing)
 .debug_str     0x0008deb6      0x3bc src/ASF/thirdparty/freertos/freertos-7.4.2/Source/portable/GCC/ARM_CM0/port.o
                               0x58d7 (size before relaxing)
 .debug_str     0x0008e272      0x17a src/ASF/thirdparty/freertos/freertos-7.4.2/Source/portable/MemMang/heap_1.o
                               0x83f2 (size before relaxing)
 .debug_str     0x0008e3ec      0xd91 src/ASF/thirdparty/freertos/freertos-7.4.2/Source/tasks.o
                               0xa9a6 (size before relaxing)
 .debug_str     0x0008f17d      0x1b0 src/main.o
                              0x8946a (size before relaxing)

.debug_frame    0x00000000     0x1680
 .debug_frame   0x00000000       0xa4 src/ADXL345.o
 .debug_frame   0x000000a4      0x1e8 src/ASF/sam0/drivers/sercom/i2c/i2c_sam0/i2c_master.o
 .debug_frame   0x0000028c       0xbc src/ASF/sam0/drivers/sercom/sercom.o
 .debug_frame   0x00000348       0xac src/ASF/sam0/drivers/sercom/usart/usart.o
 .debug_frame   0x000003f4       0x30 src/ASF/common2/services/delay/sam0/cycle_counter.o
 .debug_frame   0x00000424       0x30 src/ASF/common/utils/interrupt/interrupt_sam_nvic.o
 .debug_frame   0x00000454       0x30 src/ASF/sam0/boards/samw25_xplained_pro/board_init.o
 .debug_frame   0x00000484       0x44 src/ASF/sam0/drivers/port/port.o
 .debug_frame   0x000004c8      0x150 src/ASF/sam0/drivers/system/clock/clock_samd21_r21_da_ha1/clock.o
 .debug_frame   0x00000618      0x148 src/ASF/sam0/drivers/system/clock/clock_samd21_r21_da_ha1/gclk.o
 .debug_frame   0x00000760       0x98 src/ASF/sam0/drivers/system/pinmux/pinmux.o
 .debug_frame   0x000007f8       0x38 src/ASF/sam0/drivers/system/system.o
 .debug_frame   0x00000830       0x40 src/ASF/sam0/utils/cmsis/samd21/source/gcc/startup_samd21.o
 .debug_frame   0x00000870       0xa0 src/ASF/sam0/utils/syscalls/gcc/syscalls.o
 .debug_frame   0x00000910       0x68 src/ASF/thirdparty/freertos/freertos-7.4.2/Source/list.o
 .debug_frame   0x00000978       0xd8 src/ASF/thirdparty/freertos/freertos-7.4.2/Source/portable/GCC/ARM_CM0/port.o
 .debug_frame   0x00000a50       0x5c src/ASF/thirdparty/freertos/freertos-7.4.2/Source/portable/MemMang/heap_1.o
 .debug_frame   0x00000aac      0x304 src/ASF/thirdparty/freertos/freertos-7.4.2/Source/tasks.o
 .debug_frame   0x00000db0       0x4c src/main.o
 .debug_frame   0x00000dfc       0x20 c:/program files (x86)/atmel/studio/7.0/toolchain/arm/arm-gnu-toolchain/bin/../lib/gcc/arm-none-eabi/6.3.1/thumb/v6-m\libgcc.a(_udivsi3.o)
 .debug_frame   0x00000e1c       0x34 c:/program files (x86)/atmel/studio/7.0/toolchain/arm/arm-gnu-toolchain/bin/../lib/gcc/arm-none-eabi/6.3.1/thumb/v6-m\libgcc.a(_muldi3.o)
 .debug_frame   0x00000e50       0x3c c:/program files (x86)/atmel/studio/7.0/toolchain/arm/arm-gnu-toolchain/bin/../lib/gcc/arm-none-eabi/6.3.1/thumb/v6-m\libgcc.a(_udivmoddi4.o)
 .debug_frame   0x00000e8c       0x3c c:/program files (x86)/atmel/studio/7.0/toolchain/arm/arm-gnu-toolchain/bin/../lib/gcc/arm-none-eabi/6.3.1/thumb/v6-m\libgcc.a(adddf3.o)
 .debug_frame   0x00000ec8       0x3c c:/program files (x86)/atmel/studio/7.0/toolchain/arm/arm-gnu-toolchain/bin/../lib/gcc/arm-none-eabi/6.3.1/thumb/v6-m\libgcc.a(divdf3.o)
 .debug_frame   0x00000f04       0x3c c:/program files (x86)/atmel/studio/7.0/toolchain/arm/arm-gnu-toolchain/bin/../lib/gcc/arm-none-eabi/6.3.1/thumb/v6-m\libgcc.a(muldf3.o)
 .debug_frame   0x00000f40       0x38 c:/program files (x86)/atmel/studio/7.0/toolchain/arm/arm-gnu-toolchain/bin/../lib/gcc/arm-none-eabi/6.3.1/thumb/v6-m\libgcc.a(subdf3.o)
 .debug_frame   0x00000f78       0x2c c:/program files (x86)/atmel/studio/7.0/toolchain/arm/arm-gnu-toolchain/bin/../lib/gcc/arm-none-eabi/6.3.1/thumb/v6-m\libgcc.a(fixdfsi.o)
 .debug_frame   0x00000fa4       0x2c c:/program files (x86)/atmel/studio/7.0/toolchain/arm/arm-gnu-toolchain/bin/../lib/gcc/arm-none-eabi/6.3.1/thumb/v6-m\libgcc.a(floatsidf.o)
 .debug_frame   0x00000fd0       0x28 c:/program files (x86)/atmel/studio/7.0/toolchain/arm/arm-gnu-toolchain/bin/../lib/gcc/arm-none-eabi/6.3.1/thumb/v6-m\libgcc.a(floatunsidf.o)
 .debug_frame   0x00000ff8       0x30 c:/program files (x86)/atmel/studio/7.0/toolchain/arm/arm-gnu-toolchain/bin/../lib/gcc/arm-none-eabi/6.3.1/thumb/v6-m\libgcc.a(truncdfsf2.o)
 .debug_frame   0x00001028       0x2c c:/program files (x86)/atmel/studio/7.0/toolchain/arm/arm-gnu-toolchain/bin/../lib/gcc/arm-none-eabi/6.3.1/../../../../arm-none-eabi/lib/thumb/v6-m\libc_nano.a(lib_a-init.o)
 .debug_frame   0x00001054       0x20 c:/program files (x86)/atmel/studio/7.0/toolchain/arm/arm-gnu-toolchain/bin/../lib/gcc/arm-none-eabi/6.3.1/../../../../arm-none-eabi/lib/thumb/v6-m\libc_nano.a(lib_a-memset.o)
 .debug_frame   0x00001074       0x44 c:/program files (x86)/atmel/studio/7.0/toolchain/arm/arm-gnu-toolchain/bin/../lib/gcc/arm-none-eabi/6.3.1/../../../../arm-none-eabi/lib/thumb/v6-m\libc_nano.a(lib_a-puts.o)
 .debug_frame   0x000010b8       0x2c c:/program files (x86)/atmel/studio/7.0/toolchain/arm/arm-gnu-toolchain/bin/../lib/gcc/arm-none-eabi/6.3.1/../../../../arm-none-eabi/lib/thumb/v6-m\libc_nano.a(lib_a-strncpy.o)
 .debug_frame   0x000010e4       0x48 c:/program files (x86)/atmel/studio/7.0/toolchain/arm/arm-gnu-toolchain/bin/../lib/gcc/arm-none-eabi/6.3.1/../../../../arm-none-eabi/lib/thumb/v6-m\libc_nano.a(lib_a-wbuf.o)
 .debug_frame   0x0000112c       0x2c c:/program files (x86)/atmel/studio/7.0/toolchain/arm/arm-gnu-toolchain/bin/../lib/gcc/arm-none-eabi/6.3.1/../../../../arm-none-eabi/lib/thumb/v6-m\libc_nano.a(lib_a-wsetup.o)
 .debug_frame   0x00001158       0x68 c:/program files (x86)/atmel/studio/7.0/toolchain/arm/arm-gnu-toolchain/bin/../lib/gcc/arm-none-eabi/6.3.1/../../../../arm-none-eabi/lib/thumb/v6-m\libc_nano.a(lib_a-fflush.o)
 .debug_frame   0x000011c0      0x140 c:/program files (x86)/atmel/studio/7.0/toolchain/arm/arm-gnu-toolchain/bin/../lib/gcc/arm-none-eabi/6.3.1/../../../../arm-none-eabi/lib/thumb/v6-m\libc_nano.a(lib_a-findfp.o)
 .debug_frame   0x00001300       0x58 c:/program files (x86)/atmel/studio/7.0/toolchain/arm/arm-gnu-toolchain/bin/../lib/gcc/arm-none-eabi/6.3.1/../../../../arm-none-eabi/lib/thumb/v6-m\libc_nano.a(lib_a-fwalk.o)
 .debug_frame   0x00001358       0x54 c:/program files (x86)/atmel/studio/7.0/toolchain/arm/arm-gnu-toolchain/bin/../lib/gcc/arm-none-eabi/6.3.1/../../../../arm-none-eabi/lib/thumb/v6-m\libc_nano.a(lib_a-makebuf.o)
 .debug_frame   0x000013ac       0x2c c:/program files (x86)/atmel/studio/7.0/toolchain/arm/arm-gnu-toolchain/bin/../lib/gcc/arm-none-eabi/6.3.1/../../../../arm-none-eabi/lib/thumb/v6-m\libc_nano.a(lib_a-nano-freer.o)
 .debug_frame   0x000013d8       0x2c c:/program files (x86)/atmel/studio/7.0/toolchain/arm/arm-gnu-toolchain/bin/../lib/gcc/arm-none-eabi/6.3.1/../../../../arm-none-eabi/lib/thumb/v6-m\libc_nano.a(lib_a-nano-mallocr.o)
 .debug_frame   0x00001404       0x2c c:/program files (x86)/atmel/studio/7.0/toolchain/arm/arm-gnu-toolchain/bin/../lib/gcc/arm-none-eabi/6.3.1/../../../../arm-none-eabi/lib/thumb/v6-m\libc_nano.a(lib_a-sbrkr.o)
 .debug_frame   0x00001430       0x90 c:/program files (x86)/atmel/studio/7.0/toolchain/arm/arm-gnu-toolchain/bin/../lib/gcc/arm-none-eabi/6.3.1/../../../../arm-none-eabi/lib/thumb/v6-m\libc_nano.a(lib_a-stdio.o)
 .debug_frame   0x000014c0       0x2c c:/program files (x86)/atmel/studio/7.0/toolchain/arm/arm-gnu-toolchain/bin/../lib/gcc/arm-none-eabi/6.3.1/../../../../arm-none-eabi/lib/thumb/v6-m\libc_nano.a(lib_a-writer.o)
 .debug_frame   0x000014ec       0x2c c:/program files (x86)/atmel/studio/7.0/toolchain/arm/arm-gnu-toolchain/bin/../lib/gcc/arm-none-eabi/6.3.1/../../../../arm-none-eabi/lib/thumb/v6-m\libc_nano.a(lib_a-closer.o)
 .debug_frame   0x00001518       0x2c c:/program files (x86)/atmel/studio/7.0/toolchain/arm/arm-gnu-toolchain/bin/../lib/gcc/arm-none-eabi/6.3.1/../../../../arm-none-eabi/lib/thumb/v6-m\libc_nano.a(lib_a-fstatr.o)
 .debug_frame   0x00001544       0x2c c:/program files (x86)/atmel/studio/7.0/toolchain/arm/arm-gnu-toolchain/bin/../lib/gcc/arm-none-eabi/6.3.1/../../../../arm-none-eabi/lib/thumb/v6-m\libc_nano.a(lib_a-isattyr.o)
 .debug_frame   0x00001570       0x2c c:/program files (x86)/atmel/studio/7.0/toolchain/arm/arm-gnu-toolchain/bin/../lib/gcc/arm-none-eabi/6.3.1/../../../../arm-none-eabi/lib/thumb/v6-m\libc_nano.a(lib_a-lseekr.o)
 .debug_frame   0x0000159c       0x30 c:/program files (x86)/atmel/studio/7.0/toolchain/arm/arm-gnu-toolchain/bin/../lib/gcc/arm-none-eabi/6.3.1/../../../../arm-none-eabi/lib/thumb/v6-m\libc_nano.a(lib_a-mlock.o)
 .debug_frame   0x000015cc       0x2c c:/program files (x86)/atmel/studio/7.0/toolchain/arm/arm-gnu-toolchain/bin/../lib/gcc/arm-none-eabi/6.3.1/../../../../arm-none-eabi/lib/thumb/v6-m\libc_nano.a(lib_a-readr.o)
 .debug_frame   0x000015f8       0x48 c:/program files (x86)/atmel/studio/7.0/toolchain/arm/arm-gnu-toolchain/bin/../lib/gcc/arm-none-eabi/6.3.1/../../../../arm-none-eabi/lib/thumb/v6-m\libc_nano.a(lib_a-reent.o)
 .debug_frame   0x00001640       0x20 c:/program files (x86)/atmel/studio/7.0/toolchain/arm/arm-gnu-toolchain/bin/../lib/gcc/arm-none-eabi/6.3.1/../../../../arm-none-eabi/lib/thumb/v6-m\libnosys.a(read.o)
 .debug_frame   0x00001660       0x20 c:/program files (x86)/atmel/studio/7.0/toolchain/arm/arm-gnu-toolchain/bin/../lib/gcc/arm-none-eabi/6.3.1/../../../../arm-none-eabi/lib/thumb/v6-m\libnosys.a(write.o)

.stab           0x00000000       0x3c
 .stab          0x00000000       0x24 c:/program files (x86)/atmel/studio/7.0/toolchain/arm/arm-gnu-toolchain/bin/../lib/gcc/arm-none-eabi/6.3.1/../../../../arm-none-eabi/lib/thumb/v6-m\libnosys.a(read.o)
 .stab          0x00000024       0x18 c:/program files (x86)/atmel/studio/7.0/toolchain/arm/arm-gnu-toolchain/bin/../lib/gcc/arm-none-eabi/6.3.1/../../../../arm-none-eabi/lib/thumb/v6-m\libnosys.a(write.o)
                                 0x24 (size before relaxing)

.stabstr        0x00000000       0x72
 .stabstr       0x00000000       0x72 c:/program files (x86)/atmel/studio/7.0/toolchain/arm/arm-gnu-toolchain/bin/../lib/gcc/arm-none-eabi/6.3.1/../../../../arm-none-eabi/lib/thumb/v6-m\libnosys.a(read.o)

Cross Reference Table

Symbol                                            File
AC_Handler                                        src/ASF/sam0/utils/cmsis/samd21/source/gcc/startup_samd21.o
ADC_Handler                                       src/ASF/sam0/utils/cmsis/samd21/source/gcc/startup_samd21.o
ADXL345_ReadRegister                              src/ADXL345.o
ADXL345_WriteRegister                             src/ADXL345.o
ADXL345_get_data                                  src/ADXL345.o
                                                  src/main.o
ADXL345_init                                      src/ADXL345.o
                                                  src/main.o
DAC_Handler                                       src/ASF/sam0/utils/cmsis/samd21/source/gcc/startup_samd21.o