Archive member included to satisfy reference by file (symbol)

c:/program files (x86)/atmel/studio/7.0/toolchain/arm/arm-gnu-toolchain/bin/../lib/gcc/arm-none-eabi/6.3.1/../../../../arm-none-eabi/lib/thumb/v6-m\libc_nano.a(lib_a-exit.o)
                              c:/program files (x86)/atmel/studio/7.0/toolchain/arm/arm-gnu-toolchain/bin/../lib/gcc/arm-none-eabi/6.3.1/../../../../arm-none-eabi/lib/thumb/v6-m/crt0.o (exit)
c:/program files (x86)/atmel/studio/7.0/toolchain/arm/arm-gnu-toolchain/bin/../lib/gcc/arm-none-eabi/6.3.1/../../../../arm-none-eabi/lib/thumb/v6-m\libc_nano.a(lib_a-impure.o)
                              c:/program files (x86)/atmel/studio/7.0/toolchain/arm/arm-gnu-toolchain/bin/../lib/gcc/arm-none-eabi/6.3.1/../../../../arm-none-eabi/lib/thumb/v6-m\libc_nano.a(lib_a-exit.o) (_global_impure_ptr)
c:/program files (x86)/atmel/studio/7.0/toolchain/arm/arm-gnu-toolchain/bin/../lib/gcc/arm-none-eabi/6.3.1/../../../../arm-none-eabi/lib/thumb/v6-m\libc_nano.a(lib_a-init.o)
                              c:/program files (x86)/atmel/studio/7.0/toolchain/arm/arm-gnu-toolchain/bin/../lib/gcc/arm-none-eabi/6.3.1/../../../../arm-none-eabi/lib/thumb/v6-m/crt0.o (__libc_init_array)
c:/program files (x86)/atmel/studio/7.0/toolchain/arm/arm-gnu-toolchain/bin/../lib/gcc/arm-none-eabi/6.3.1/../../../../arm-none-eabi/lib/thumb/v6-m\libc_nano.a(lib_a-memset.o)
                              c:/program files (x86)/atmel/studio/7.0/toolchain/arm/arm-gnu-toolchain/bin/../lib/gcc/arm-none-eabi/6.3.1/../../../../arm-none-eabi/lib/thumb/v6-m/crt0.o (memset)
c:/program files (x86)/atmel/studio/7.0/toolchain/arm/arm-gnu-toolchain/bin/../lib/gcc/arm-none-eabi/6.3.1/../../../../arm-none-eabi/lib/thumb/v6-m\libc_nano.a(lib_a-puts.o)
                              src/main.o (puts)
c:/program files (x86)/atmel/studio/7.0/toolchain/arm/arm-gnu-toolchain/bin/../lib/gcc/arm-none-eabi/6.3.1/../../../../arm-none-eabi/lib/thumb/v6-m\libc_nano.a(lib_a-setbuf.o)
                              src/Printf.o (setbuf)
c:/program files (x86)/atmel/studio/7.0/toolchain/arm/arm-gnu-toolchain/bin/../lib/gcc/arm-none-eabi/6.3.1/../../../../arm-none-eabi/lib/thumb/v6-m\libc_nano.a(lib_a-setvbuf.o)
                              c:/program files (x86)/atmel/studio/7.0/toolchain/arm/arm-gnu-toolchain/bin/../lib/gcc/arm-none-eabi/6.3.1/../../../../arm-none-eabi/lib/thumb/v6-m\libc_nano.a(lib_a-setbuf.o) (setvbuf)
c:/program files (x86)/atmel/studio/7.0/toolchain/arm/arm-gnu-toolchain/bin/../lib/gcc/arm-none-eabi/6.3.1/../../../../arm-none-eabi/lib/thumb/v6-m\libc_nano.a(lib_a-wbuf.o)
                              c:/program files (x86)/atmel/studio/7.0/toolchain/arm/arm-gnu-toolchain/bin/../lib/gcc/arm-none-eabi/6.3.1/../../../../arm-none-eabi/lib/thumb/v6-m\libc_nano.a(lib_a-puts.o) (__swbuf_r)
c:/program files (x86)/atmel/studio/7.0/toolchain/arm/arm-gnu-toolchain/bin/../lib/gcc/arm-none-eabi/6.3.1/../../../../arm-none-eabi/lib/thumb/v6-m\libc_nano.a(lib_a-wsetup.o)
                              c:/program files (x86)/atmel/studio/7.0/toolchain/arm/arm-gnu-toolchain/bin/../lib/gcc/arm-none-eabi/6.3.1/../../../../arm-none-eabi/lib/thumb/v6-m\libc_nano.a(lib_a-puts.o) (__swsetup_r)
c:/program files (x86)/atmel/studio/7.0/toolchain/arm/arm-gnu-toolchain/bin/../lib/gcc/arm-none-eabi/6.3.1/../../../../arm-none-eabi/lib/thumb/v6-m\libc_nano.a(lib_a-fflush.o)
                              c:/program files (x86)/atmel/studio/7.0/toolchain/arm/arm-gnu-toolchain/bin/../lib/gcc/arm-none-eabi/6.3.1/../../../../arm-none-eabi/lib/thumb/v6-m\libc_nano.a(lib_a-setvbuf.o) (_fflush_r)
c:/program files (x86)/atmel/studio/7.0/toolchain/arm/arm-gnu-toolchain/bin/../lib/gcc/arm-none-eabi/6.3.1/../../../../arm-none-eabi/lib/thumb/v6-m\libc_nano.a(lib_a-findfp.o)
                              c:/program files (x86)/atmel/studio/7.0/toolchain/arm/arm-gnu-toolchain/bin/../lib/gcc/arm-none-eabi/6.3.1/../../../../arm-none-eabi/lib/thumb/v6-m\libc_nano.a(lib_a-puts.o) (__sinit)
c:/program files (x86)/atmel/studio/7.0/toolchain/arm/arm-gnu-toolchain/bin/../lib/gcc/arm-none-eabi/6.3.1/../../../../arm-none-eabi/lib/thumb/v6-m\libc_nano.a(lib_a-fwalk.o)
                              c:/program files (x86)/atmel/studio/7.0/toolchain/arm/arm-gnu-toolchain/bin/../lib/gcc/arm-none-eabi/6.3.1/../../../../arm-none-eabi/lib/thumb/v6-m\libc_nano.a(lib_a-findfp.o) (_fwalk)
c:/program files (x86)/atmel/studio/7.0/toolchain/arm/arm-gnu-toolchain/bin/../lib/gcc/arm-none-eabi/6.3.1/../../../../arm-none-eabi/lib/thumb/v6-m\libc_nano.a(lib_a-makebuf.o)
                              c:/program files (x86)/atmel/studio/7.0/toolchain/arm/arm-gnu-toolchain/bin/../lib/gcc/arm-none-eabi/6.3.1/../../../../arm-none-eabi/lib/thumb/v6-m\libc_nano.a(lib_a-setvbuf.o) (__swhatbuf_r)
c:/program files (x86)/atmel/studio/7.0/toolchain/arm/arm-gnu-toolchain/bin/../lib/gcc/arm-none-eabi/6.3.1/../../../../arm-none-eabi/lib/thumb/v6-m\libc_nano.a(lib_a-malloc.o)
[...]
Memory Configuration

Name             Origin             Length             Attributes
rom              0x00000000         0x00040000         xr
ram              0x20000000         0x00008000         xrw
*default*        0x00000000         0xffffffff

Linker script and memory map

LOAD c:/program files (x86)/atmel/studio/7.0/toolchain/arm/arm-gnu-toolchain/bin/../lib/gcc/arm-none-eabi/6.3.1/thumb/v6-m/crti.o
LOAD c:/program files (x86)/atmel/studio/7.0/toolchain/arm/arm-gnu-toolchain/bin/../lib/gcc/arm-none-eabi/6.3.1/thumb/v6-m/crtbegin.o
LOAD c:/program files (x86)/atmel/studio/7.0/toolchain/arm/arm-gnu-toolchain/bin/../lib/gcc/arm-none-eabi/6.3.1/../../../../arm-none-eabi/lib/thumb/v6-m/crt0.o
LOAD src/ADXL345.o
LOAD src/ASF/sam0/drivers/sercom/i2c/i2c_sam0/i2c_master.o
LOAD src/ASF/sam0/drivers/tcc/tcc.o
LOAD src/ASF/sam0/drivers/tcc/tcc_callback.o
LOAD src/ASF/sam0/utils/stdio/read.o
LOAD src/ASF/sam0/utils/stdio/write.o
LOAD src/ASF/sam0/drivers/sercom/usart/usart.o
LOAD src/ASF/sam0/drivers/sercom/usart/usart_interrupt.o
LOAD src/ASF/sam0/drivers/sercom/sercom.o
LOAD src/ASF/sam0/drivers/sercom/sercom_interrupt.o
LOAD src/ASF/common2/services/delay/sam0/cycle_counter.o
LOAD src/FIR_Filter.o
LOAD src/Printf.o
LOAD src/ASF/common/utils/interrupt/interrupt_sam_nvic.o
LOAD src/ASF/sam0/boards/samw25_xplained_pro/board_init.o
LOAD src/ASF/sam0/drivers/port/port.o
LOAD src/ASF/sam0/drivers/system/clock/clock_samd21_r21_da_ha1/clock.o
LOAD src/ASF/sam0/drivers/system/clock/clock_samd21_r21_da_ha1/gclk.o
LOAD src/ASF/sam0/drivers/system/interrupt/system_interrupt.o
LOAD src/ASF/sam0/drivers/system/pinmux/pinmux.o
LOAD src/ASF/sam0/drivers/system/system.o
LOAD src/ASF/sam0/utils/cmsis/samd21/source/gcc/startup_samd21.o
LOAD src/ASF/sam0/utils/cmsis/samd21/source/system_samd21.o
LOAD src/ASF/sam0/utils/syscalls/gcc/syscalls.o
LOAD src/main.o
START GROUP
LOAD ../src/ASF/thirdparty/CMSIS/Lib/GCC\libarm_cortexM0l_math.a
LOAD c:/program files (x86)/atmel/studio/7.0/toolchain/arm/arm-gnu-toolchain/bin/../lib/gcc/arm-none-eabi/6.3.1/../../../../arm-none-eabi/lib/thumb/v6-m\libm.a
END GROUP
LOAD c:/program files (x86)/atmel/studio/7.0/toolchain/arm/arm-gnu-toolchain/bin/../lib/gcc/arm-none-eabi/6.3.1/../../../../arm-none-eabi/lib/thumb/v6-m\libc_nano.a
LOAD c:/program files (x86)/atmel/studio/7.0/toolchain/arm/arm-gnu-toolchain/bin/../lib/gcc/arm-none-eabi/6.3.1/../../../../arm-none-eabi/lib/thumb/v6-m\librdimon_nano.a
START GROUP
LOAD c:/program files (x86)/atmel/studio/7.0/toolchain/arm/arm-gnu-toolchain/bin/../lib/gcc/arm-none-eabi/6.3.1/thumb/v6-m\libgcc.a
LOAD c:/program files (x86)/atmel/studio/7.0/toolchain/arm/arm-gnu-toolchain/bin/../lib/gcc/arm-none-eabi/6.3.1/../../../../arm-none-eabi/lib/thumb/v6-m\libc_nano.a
END GROUP
START GROUP
LOAD c:/program files (x86)/atmel/studio/7.0/toolchain/arm/arm-gnu-toolchain/bin/../lib/gcc/arm-none-eabi/6.3.1/thumb/v6-m\libgcc.a
LOAD c:/program files (x86)/atmel/studio/7.0/toolchain/arm/arm-gnu-toolchain/bin/../lib/gcc/arm-none-eabi/6.3.1/../../../../arm-none-eabi/lib/thumb/v6-m\libc_nano.a
END GROUP
LOAD c:/program files (x86)/atmel/studio/7.0/toolchain/arm/arm-gnu-toolchain/bin/../lib/gcc/arm-none-eabi/6.3.1/thumb/v6-m/crtend.o
LOAD c:/program files (x86)/atmel/studio/7.0/toolchain/arm/arm-gnu-toolchain/bin/../lib/gcc/arm-none-eabi/6.3.1/thumb/v6-m/crtn.o
                0x00002000                STACK_SIZE = DEFINED (STACK_SIZE)?STACK_SIZE:DEFINED (__stack_size__)?__stack_size__:0x2000

.text           0x00000000     0x5388
                0x00000000                . = ALIGN (0x4)
                0x00000000                _sfixed = .
 *(.vectors .vectors.*)
 .vectors       0x00000000       0xb4 src/ASF/sam0/utils/cmsis/samd21/source/gcc/startup_samd21.o
                0x00000000                exception_table
 *(.text .text.* .gnu.linkonce.t.*)
 .text          0x000000b4       0x60 c:/program files (x86)/atmel/studio/7.0/toolchain/arm/arm-gnu-toolchain/bin/../lib/gcc/arm-none-eabi/6.3.1/thumb/v6-m/crtbegin.o
 .text.ADXL345_ReadRegister
                0x00000114       0xd0 src/ADXL345.o
                0x00000114                ADXL345_ReadRegister
 .text.ADXL345_get_data
                0x000001e4       0xb0 src/ADXL345.o
                0x000001e4                ADXL345_get_data
 .text.ADXL345_WriteRegister
                0x00000294       0x84 src/ADXL345.o
                0x00000294                ADXL345_WriteRegister
 .text.ADXL345_init
                0x00000318       0x90 src/ADXL345.o
                0x00000318                ADXL345_init
 .text._i2c_master_wait_for_sync
                0x000003a8        0xc src/ASF/sam0/drivers/sercom/i2c/i2c_sam0/i2c_master.o
 .text.i2c_master_init
                0x000003b4      0x2c8 src/ASF/sam0/drivers/sercom/i2c/i2c_sam0/i2c_master.o
                0x000003b4                i2c_master_init
 .text._i2c_master_address_response
                0x0000067c       0x30 src/ASF/sam0/drivers/sercom/i2c/i2c_sam0/i2c_master.o
                0x0000067c                _i2c_master_address_response
 .text._i2c_master_wait_for_bus
                0x000006ac       0x2c src/ASF/sam0/drivers/sercom/i2c/i2c_sam0/i2c_master.o
                0x000006ac                _i2c_master_wait_for_bus
 .text._i2c_master_send_hs_master_code
                0x000006d8       0x20 src/ASF/sam0/drivers/sercom/i2c/i2c_sam0/i2c_master.o
                0x000006d8                _i2c_master_send_hs_master_code
 .text._i2c_master_read_packet
                0x000006f8      0x1a0 src/ASF/sam0/drivers/sercom/i2c/i2c_sam0/i2c_master.o
 .text._i2c_master_write_packet
                0x00000898       0xf4 src/ASF/sam0/drivers/sercom/i2c/i2c_sam0/i2c_master.o
 .text.i2c_master_read_packet_wait
                0x0000098c       0x14 src/ASF/sam0/drivers/sercom/i2c/i2c_sam0/i2c_master.o
                0x0000098c                i2c_master_read_packet_wait
 .text.i2c_master_write_packet_wait
                0x000009a0       0x14 src/ASF/sam0/drivers/sercom/i2c/i2c_sam0/i2c_master.o
                0x000009a0                i2c_master_write_packet_wait
 .text.i2c_master_write_packet_wait_no_stop
                0x000009b4       0x14 src/ASF/sam0/drivers/sercom/i2c/i2c_sam0/i2c_master.o
                0x000009b4                i2c_master_write_packet_wait_no_stop
 .text._tcc_get_inst_index
                0x000009c8       0x34 src/ASF/sam0/drivers/tcc/tcc.o
                0x000009c8                _tcc_get_inst_index
 .text.tcc_get_config_defaults
                0x000009fc      0x14c src/ASF/sam0/drivers/tcc/tcc.o
                0x000009fc                tcc_get_config_defaults
 .text.tcc_init
                0x00000b48      0x40c src/ASF/sam0/drivers/tcc/tcc.o
                0x00000b48                tcc_init
 .text.tcc_register_callback
                0x00000f54       0x18 src/ASF/sam0/drivers/tcc/tcc_callback.o
                0x00000f54                tcc_register_callback
 .text.tcc_enable_callback
                0x00000f6c       0x40 src/ASF/sam0/drivers/tcc/tcc_callback.o
                0x00000f6c                tcc_enable_callback
 .text._tcc_interrupt_handler
                0x00000fac       0x4c src/ASF/sam0/drivers/tcc/tcc_callback.o
                0x00000fac                _tcc_interrupt_handler
 .text.TCC0_Handler
                0x00000ff8       0x10 src/ASF/sam0/drivers/tcc/tcc_callback.o
                0x00000ff8                TCC0_Handler
 .text.TCC1_Handler
                0x00001008       0x10 src/ASF/sam0/drivers/tcc/tcc_callback.o
                0x00001008                TCC1_Handler
 .text.TCC2_Handler
                0x00001018       0x10 src/ASF/sam0/drivers/tcc/tcc_callback.o
                0x00001018                TCC2_Handler
 .text._read    0x00001028       0x44 src/ASF/sam0/utils/stdio/read.o
                0x00001028                _read
 .text._write   0x0000106c       0x50 src/ASF/sam0/utils/stdio/write.o
                0x0000106c                _write
 .text.usart_init
                0x000010bc      0x33c src/ASF/sam0/drivers/sercom/usart/usart.o
                0x000010bc                usart_init
 .text.usart_write_wait
                0x000013f8       0x26 src/ASF/sam0/drivers/sercom/usart/usart.o
                0x000013f8                usart_write_wait
 .text.usart_read_wait
                0x0000141e       0x6a src/ASF/sam0/drivers/sercom/usart/usart.o
                0x0000141e                usart_read_wait
 .text._usart_interrupt_handler
                0x00001488      0x194 src/ASF/sam0/drivers/sercom/usart/usart_interrupt.o
                0x00001488                _usart_interrupt_handler
 .text.long_division
                0x0000161c       0xba src/ASF/sam0/drivers/sercom/sercom.o
 .text._sercom_get_sync_baud_val
                0x000016d6       0x28 src/ASF/sam0/drivers/sercom/sercom.o
                0x000016d6                _sercom_get_sync_baud_val
 *fill*         0x000016fe        0x2 
 .text._sercom_get_async_baud_val
                0x00001700       0x94 src/ASF/sam0/drivers/sercom/sercom.o
                0x00001700                _sercom_get_async_baud_val
 .text.sercom_set_gclk_generator
                0x00001794       0x4c src/ASF/sam0/drivers/sercom/sercom.o
                0x00001794                sercom_set_gclk_generator
 .text._sercom_get_default_pad
                0x000017e0      0x178 src/ASF/sam0/drivers/sercom/sercom.o
                0x000017e0                _sercom_get_default_pad
 .text._sercom_get_sercom_inst_index
                0x00001958       0x38 src/ASF/sam0/drivers/sercom/sercom.o
                0x00001958                _sercom_get_sercom_inst_index
 .text._sercom_default_handler
                0x00001990        0x2 src/ASF/sam0/drivers/sercom/sercom_interrupt.o
 *fill*         0x00001992        0x2 
 .text._sercom_set_handler
                0x00001994       0x3c src/ASF/sam0/drivers/sercom/sercom_interrupt.o
                0x00001994                _sercom_set_handler
 .text._sercom_get_interrupt_vector
                0x000019d0       0x30 src/ASF/sam0/drivers/sercom/sercom_interrupt.o
                0x000019d0                _sercom_get_interrupt_vector
 .text.SERCOM0_Handler
                0x00001a00       0x10 src/ASF/sam0/drivers/sercom/sercom_interrupt.o
                0x00001a00                SERCOM0_Handler
 .text.SERCOM1_Handler
                0x00001a10       0x10 src/ASF/sam0/drivers/sercom/sercom_interrupt.o
                0x00001a10                SERCOM1_Handler
 .text.SERCOM2_Handler
                0x00001a20       0x10 src/ASF/sam0/drivers/sercom/sercom_interrupt.o
                0x00001a20                SERCOM2_Handler
 .text.SERCOM3_Handler
                0x00001a30       0x10 src/ASF/sam0/drivers/sercom/sercom_interrupt.o
                0x00001a30                SERCOM3_Handler
 .text.SERCOM4_Handler
                0x00001a40       0x10 src/ASF/sam0/drivers/sercom/sercom_interrupt.o
                0x00001a40                SERCOM4_Handler
 .text.SERCOM5_Handler
                0x00001a50       0x10 src/ASF/sam0/drivers/sercom/sercom_interrupt.o
                0x00001a50                SERCOM5_Handler
 .text.FIR_filter_init
                0x00001a60       0x1a src/FIR_Filter.o
                0x00001a60                FIR_filter_init
 *fill*         0x00001a7a        0x2 
 .text.FIR_update
                0x00001a7c       0xa4 src/FIR_Filter.o
                0x00001a7c                FIR_update
 .text.usart_serial_getchar
                0x00001b20       0x2c src/Printf.o
 .text.usart_serial_putchar
                0x00001b4c       0x18 src/Printf.o
 .text.configure_console
                0x00001b64       0xf4 src/Printf.o
                0x00001b64                configure_console
 .text.cpu_irq_enter_critical
                0x00001c58       0x40 src/ASF/common/utils/interrupt/interrupt_sam_nvic.o
                0x00001c58                cpu_irq_enter_critical
 .text.cpu_irq_leave_critical
                0x00001c98       0x30 src/ASF/common/utils/interrupt/interrupt_sam_nvic.o
                0x00001c98                cpu_irq_leave_critical
 .text.system_board_init
                0x00001cc8       0x38 src/ASF/sam0/boards/samw25_xplained_pro/board_init.o
                0x00001cc8                board_init
                0x00001cc8                system_board_init
 .text.port_pin_set_config
                0x00001d00       0x24 src/ASF/sam0/drivers/port/port.o
                0x00001d00                port_pin_set_config
 .text.system_clock_source_get_hz
                0x00001d24       0x94 src/ASF/sam0/drivers/system/clock/clock_samd21_r21_da_ha1/clock.o
                0x00001d24                system_clock_source_get_hz
 .text.system_clock_source_osc8m_set_config
                0x00001db8       0x3c src/ASF/sam0/drivers/system/clock/clock_samd21_r21_da_ha1/clock.o
                0x00001db8                system_clock_source_osc8m_set_config
 .text.system_clock_source_xosc32k_set_config
                0x00001df4       0xb8 src/ASF/sam0/drivers/system/clock/clock_samd21_r21_da_ha1/clock.o
                0x00001df4                system_clock_source_xosc32k_set_config
 .text.system_clock_source_dfll_set_config
                0x00001eac       0x80 src/ASF/sam0/drivers/system/clock/clock_samd21_r21_da_ha1/clock.o
                0x00001eac                system_clock_source_dfll_set_config
 .text.system_clock_source_enable
                0x00001f2c       0xa8 src/ASF/sam0/drivers/system/clock/clock_samd21_r21_da_ha1/clock.o
                0x00001f2c                system_clock_source_enable
 .text.system_clock_init
                0x00001fd4      0x160 src/ASF/sam0/drivers/system/clock/clock_samd21_r21_da_ha1/clock.o
                0x00001fd4                system_clock_init
 .text.system_gclk_init
                0x00002134       0x24 src/ASF/sam0/drivers/system/clock/clock_samd21_r21_da_ha1/gclk.o
                0x00002134                system_gclk_init
 .text.system_gclk_gen_set_config
                0x00002158       0xb8 src/ASF/sam0/drivers/system/clock/clock_samd21_r21_da_ha1/gclk.o
                0x00002158                system_gclk_gen_set_config
 .text.system_gclk_gen_enable
                0x00002210       0x44 src/ASF/sam0/drivers/system/clock/clock_samd21_r21_da_ha1/gclk.o
                0x00002210                system_gclk_gen_enable
 .text.system_gclk_gen_get_hz
                0x00002254       0x8c src/ASF/sam0/drivers/system/clock/clock_samd21_r21_da_ha1/gclk.o
                0x00002254                system_gclk_gen_get_hz
 .text.system_gclk_chan_enable
                0x000022e0       0x30 src/ASF/sam0/drivers/system/clock/clock_samd21_r21_da_ha1/gclk.o
                0x000022e0                system_gclk_chan_enable
 .text.system_gclk_chan_disable
                0x00002310       0x5c src/ASF/sam0/drivers/system/clock/clock_samd21_r21_da_ha1/gclk.o
                0x00002310                system_gclk_chan_disable
 .text.system_gclk_chan_set_config
                0x0000236c       0x1c src/ASF/sam0/drivers/system/clock/clock_samd21_r21_da_ha1/gclk.o
                0x0000236c                system_gclk_chan_set_config
 .text.system_gclk_chan_get_hz
                0x00002388       0x34 src/ASF/sam0/drivers/system/clock/clock_samd21_r21_da_ha1/gclk.o
                0x00002388                system_gclk_chan_get_hz
 .text._system_pinmux_config
                0x000023bc       0xa8 src/ASF/sam0/drivers/system/pinmux/pinmux.o
 .text.system_pinmux_pin_set_config
                0x00002464       0x30 src/ASF/sam0/drivers/system/pinmux/pinmux.o
                0x00002464                system_pinmux_pin_set_config
 .text._system_dummy_init
                0x00002494        0x2 src/ASF/sam0/drivers/system/system.o
                0x00002494                _system_extint_init
                0x00002494                _system_events_init
                0x00002494                _system_dummy_init
                0x00002494                _system_divas_init
 *fill*         0x00002496        0x2 
 .text.system_init
                0x00002498       0x2c src/ASF/sam0/drivers/system/system.o
                0x00002498                system_init
 .text.Dummy_Handler
                0x000024c4        0x2 src/ASF/sam0/utils/cmsis/samd21/source/gcc/startup_samd21.o
                0x000024c4                DMAC_Handler
                0x000024c4                HardFault_Handler
                0x000024c4                AC_Handler
                0x000024c4                SysTick_Handler
                0x000024c4                PendSV_Handler
                0x000024c4                NMI_Handler
                0x000024c4                ADC_Handler
                0x000024c4                RTC_Handler
                0x000024c4                EIC_Handler
                0x000024c4                WDT_Handler
                0x000024c4                TC4_Handler
                0x000024c4                USB_Handler
                0x000024c4                TC3_Handler
                0x000024c4                Dummy_Handler
                0x000024c4                PM_Handler
                0x000024c4                SVC_Handler
                0x000024c4                EVSYS_Handler
                0x000024c4                I2S_Handler
                0x000024c4                NVMCTRL_Handler
                0x000024c4                DAC_Handler
                0x000024c4                PTC_Handler
                0x000024c4                TC5_Handler
                0x000024c4                SYSCTRL_Handler
 *fill*         0x000024c6        0x2 
 .text.Reset_Handler
                0x000024c8       0xe4 src/ASF/sam0/utils/cmsis/samd21/source/gcc/startup_samd21.o
                0x000024c8                Reset_Handler
 .text._sbrk    0x000025ac       0x24 src/ASF/sam0/utils/syscalls/gcc/syscalls.o
                0x000025ac                _sbrk
 .text._close   0x000025d0        0x6 src/ASF/sam0/utils/syscalls/gcc/syscalls.o
                0x000025d0                _close
 .text._fstat   0x000025d6        0xa src/ASF/sam0/utils/syscalls/gcc/syscalls.o
                0x000025d6                _fstat
 .text._isatty  0x000025e0        0x4 src/ASF/sam0/utils/syscalls/gcc/syscalls.o
                0x000025e0                _isatty
 .text._lseek   0x000025e4        0x4 src/ASF/sam0/utils/syscalls/gcc/syscalls.o
                0x000025e4                _lseek
 .text.tcc_callback
                0x000025e8       0x2c src/main.o
 .text.main     0x00002614      0x15c src/main.o
                0x00002614                main
 .text.__libc_init_array
                0x00002770       0x48 c:/program files (x86)/atmel/studio/7.0/toolchain/arm/arm-gnu-toolchain/bin/../lib/gcc/arm-none-eabi/6.3.1/../../../../arm-none-eabi/lib/thumb/v6-m\libc_nano.a(lib_a-init.o)
                0x00002770                __libc_init_array
 .text.memset   0x000027b8       0x10 c:/program files (x86)/atmel/studio/7.0/toolchain/arm/arm-gnu-toolchain/bin/../lib/gcc/arm-none-eabi/6.3.1/../../../../arm-none-eabi/lib/thumb/v6-m\libc_nano.a(lib_a-memset.o)
                0x000027b8                memset
 .text._puts_r  0x000027c8       0xc0 c:/program files (x86)/atmel/studio/7.0/toolchain/arm/arm-gnu-toolchain/bin/../lib/gcc/arm-none-eabi/6.3.1/../../../../arm-none-eabi/lib/thumb/v6-m\libc_nano.a(lib_a-puts.o)
                0x000027c8                _puts_r
 .text.puts     0x00002888       0x14 c:/program files (x86)/atmel/studio/7.0/toolchain/arm/arm-gnu-toolchain/bin/../lib/gcc/arm-none-eabi/6.3.1/../../../../arm-none-eabi/lib/thumb/v6-m\libc_nano.a(lib_a-puts.o)
                0x00002888                puts
 .text.setbuf   0x0000289c       0x12 c:/program files (x86)/atmel/studio/7.0/toolchain/arm/arm-gnu-toolchain/bin/../lib/gcc/arm-none-eabi/6.3.1/../../../../arm-none-eabi/lib/thumb/v6-m\libc_nano.a(lib_a-setbuf.o)
                0x0000289c                setbuf
 *fill*         0x000028ae        0x2 
 .text.setvbuf  0x000028b0      0x158 c:/program files (x86)/atmel/studio/7.0/toolchain/arm/arm-gnu-toolchain/bin/../lib/gcc/arm-none-eabi/6.3.1/../../../../arm-none-eabi/lib/thumb/v6-m\libc_nano.a(lib_a-setvbuf.o)
                0x000028b0                setvbuf
 .text.__swbuf_r
                0x00002a08       0xac c:/program files (x86)/atmel/studio/7.0/toolchain/arm/arm-gnu-toolchain/bin/../lib/gcc/arm-none-eabi/6.3.1/../../../../arm-none-eabi/lib/thumb/v6-m\libc_nano.a(lib_a-wbuf.o)
                0x00002a08                __swbuf_r
 .text.__swsetup_r
                0x00002ab4       0xec c:/program files (x86)/atmel/studio/7.0/toolchain/arm/arm-gnu-toolchain/bin/../lib/gcc/arm-none-eabi/6.3.1/../../../../arm-none-eabi/lib/thumb/v6-m\libc_nano.a(lib_a-wsetup.o)
                0x00002ab4                __swsetup_r
 .text.__sflush_r
                0x00002ba0      0x114 c:/program files (x86)/atmel/studio/7.0/toolchain/arm/arm-gnu-toolchain/bin/../lib/gcc/arm-none-eabi/6.3.1/../../../../arm-none-eabi/lib/thumb/v6-m\libc_nano.a(lib_a-fflush.o)
                0x00002ba0                __sflush_r
 .text._fflush_r
                0x00002cb4       0x58 c:/program files (x86)/atmel/studio/7.0/toolchain/arm/arm-gnu-toolchain/bin/../lib/gcc/arm-none-eabi/6.3.1/../../../../arm-none-eabi/lib/thumb/v6-m\libc_nano.a(lib_a-fflush.o)
                0x00002cb4                _fflush_r
 .text._cleanup_r
                0x00002d0c       0x10 c:/program files (x86)/atmel/studio/7.0/toolchain/arm/arm-gnu-toolchain/bin/../lib/gcc/arm-none-eabi/6.3.1/../../../../arm-none-eabi/lib/thumb/v6-m\libc_nano.a(lib_a-findfp.o)
                0x00002d0c                _cleanup_r
 .text.std.isra.0
                0x00002d1c       0x48 c:/program files (x86)/atmel/studio/7.0/toolchain/arm/arm-gnu-toolchain/bin/../lib/gcc/arm-none-eabi/6.3.1/../../../../arm-none-eabi/lib/thumb/v6-m\libc_nano.a(lib_a-findfp.o)
 .text.__sfmoreglue
                0x00002d64       0x2c c:/program files (x86)/atmel/studio/7.0/toolchain/arm/arm-gnu-toolchain/bin/../lib/gcc/arm-none-eabi/6.3.1/../../../../arm-none-eabi/lib/thumb/v6-m\libc_nano.a(lib_a-findfp.o)
                0x00002d64                __sfmoreglue
 .text.__sinit  0x00002d90       0x68 c:/program files (x86)/atmel/studio/7.0/toolchain/arm/arm-gnu-toolchain/bin/../lib/gcc/arm-none-eabi/6.3.1/../../../../arm-none-eabi/lib/thumb/v6-m\libc_nano.a(lib_a-findfp.o)
                0x00002d90                __sinit
 .text.__sfp    0x00002df8       0x80 c:/program files (x86)/atmel/studio/7.0/toolchain/arm/arm-gnu-toolchain/bin/../lib/gcc/arm-none-eabi/6.3.1/../../../../arm-none-eabi/lib/thumb/v6-m\libc_nano.a(lib_a-findfp.o)
                0x00002df8                __sfp
 .text._fwalk_reent
                0x00002e78       0x42 c:/program files (x86)/atmel/studio/7.0/toolchain/arm/arm-gnu-toolchain/bin/../lib/gcc/arm-none-eabi/6.3.1/../../../../arm-none-eabi/lib/thumb/v6-m\libc_nano.a(lib_a-fwalk.o)
                0x00002e78                _fwalk_reent
 *fill*         0x00002eba        0x2 
 .text.__swhatbuf_r
                0x00002ebc       0x50 c:/program files (x86)/atmel/studio/7.0/toolchain/arm/arm-gnu-toolchain/bin/../lib/gcc/arm-none-eabi/6.3.1/../../../../arm-none-eabi/lib/thumb/v6-m\libc_nano.a(lib_a-makebuf.o)
                0x00002ebc                __swhatbuf_r
 .text.__smakebuf_r
                0x00002f0c       0x88 c:/program files (x86)/atmel/studio/7.0/toolchain/arm/arm-gnu-toolchain/bin/../lib/gcc/arm-none-eabi/6.3.1/../../../../arm-none-eabi/lib/thumb/v6-m\libc_nano.a(lib_a-makebuf.o)
                0x00002f0c                __smakebuf_r
 .text.malloc   0x00002f94       0x14 c:/program files (x86)/atmel/studio/7.0/toolchain/arm/arm-gnu-toolchain/bin/../lib/gcc/arm-none-eabi/6.3.1/../../../../arm-none-eabi/lib/thumb/v6-m\libc_nano.a(lib_a-malloc.o)
                0x00002f94                malloc
 .text._free_r  0x00002fa8       0x94 c:/program files (x86)/atmel/studio/7.0/toolchain/arm/arm-gnu-toolchain/bin/../lib/gcc/arm-none-eabi/6.3.1/../../../../arm-none-eabi/lib/thumb/v6-m\libc_nano.a(lib_a-nano-freer.o)
                0x00002fa8                _free_r
 .text._malloc_r
                0x0000303c       0xbc c:/program files (x86)/atmel/studio/7.0/toolchain/arm/arm-gnu-toolchain/bin/../lib/gcc/arm-none-eabi/6.3.1/../../../../arm-none-eabi/lib/thumb/v6-m\libc_nano.a(lib_a-nano-mallocr.o)
                0x0000303c                _malloc_r
 .text._sbrk_r  0x000030f8       0x24 c:/program files (x86)/atmel/studio/7.0/toolchain/arm/arm-gnu-toolchain/bin/../lib/gcc/arm-none-eabi/6.3.1/../../../../arm-none-eabi/lib/thumb/v6-m\libc_nano.a(lib_a-sbrkr.o)
                0x000030f8                _sbrk_r
 .text.__sread  0x0000311c       0x28 c:/program files (x86)/atmel/studio/7.0/toolchain/arm/arm-gnu-toolchain/bin/../lib/gcc/arm-none-eabi/6.3.1/../../../../arm-none-eabi/lib/thumb/v6-m\libc_nano.a(lib_a-stdio.o)
                0x0000311c                __sread
 .text.__swrite
                0x00003144       0x38 c:/program files (x86)/atmel/studio/7.0/toolchain/arm/arm-gnu-toolchain/bin/../lib/gcc/arm-none-eabi/6.3.1/../../../../arm-none-eabi/lib/thumb/v6-m\libc_nano.a(lib_a-stdio.o)
                0x00003144                __swrite
 .text.__sseek  0x0000317c       0x2c c:/program files (x86)/atmel/studio/7.0/toolchain/arm/arm-gnu-toolchain/bin/../lib/gcc/arm-none-eabi/6.3.1/../../../../arm-none-eabi/lib/thumb/v6-m\libc_nano.a(lib_a-stdio.o)
                0x0000317c                __sseek
 .text.__sclose
                0x000031a8        0xc c:/program files (x86)/atmel/studio/7.0/toolchain/arm/arm-gnu-toolchain/bin/../lib/gcc/arm-none-eabi/6.3.1/../../../../arm-none-eabi/lib/thumb/v6-m\libc_nano.a(lib_a-stdio.o)
                0x000031a8                __sclose
 .text._write_r
                0x000031b4       0x28 c:/program files (x86)/atmel/studio/7.0/toolchain/arm/arm-gnu-toolchain/bin/../lib/gcc/arm-none-eabi/6.3.1/../../../../arm-none-eabi/lib/thumb/v6-m\libc_nano.a(lib_a-writer.o)
                0x000031b4                _write_r
 .text._close_r
                0x000031dc       0x24 c:/program files (x86)/atmel/studio/7.0/toolchain/arm/arm-gnu-toolchain/bin/../lib/gcc/arm-none-eabi/6.3.1/../../../../arm-none-eabi/lib/thumb/v6-m\libc_nano.a(lib_a-closer.o)
                0x000031dc                _close_r
 .text._fstat_r
                0x00003200       0x24 c:/program files (x86)/atmel/studio/7.0/toolchain/arm/arm-gnu-toolchain/bin/../lib/gcc/arm-none-eabi/6.3.1/../../../../arm-none-eabi/lib/thumb/v6-m\libc_nano.a(lib_a-fstatr.o)
                0x00003200                _fstat_r
 .text._isatty_r
                0x00003224       0x24 c:/program files (x86)/atmel/studio/7.0/toolchain/arm/arm-gnu-toolchain/bin/../lib/gcc/arm-none-eabi/6.3.1/../../../../arm-none-eabi/lib/thumb/v6-m\libc_nano.a(lib_a-isattyr.o)
                0x00003224                _isatty_r
 .text._lseek_r
                0x00003248       0x28 c:/program files (x86)/atmel/studio/7.0/toolchain/arm/arm-gnu-toolchain/bin/../lib/gcc/arm-none-eabi/6.3.1/../../../../arm-none-eabi/lib/thumb/v6-m\libc_nano.a(lib_a-lseekr.o)
                0x00003248                _lseek_r
 .text.__malloc_lock
                0x00003270        0x2 c:/program files (x86)/atmel/studio/7.0/toolchain/arm/arm-gnu-toolchain/bin/../lib/gcc/arm-none-eabi/6.3.1/../../../../arm-none-eabi/lib/thumb/v6-m\libc_nano.a(lib_a-mlock.o)
                0x00003270                __malloc_lock
 .text.__malloc_unlock
                0x00003272        0x2 c:/program files (x86)/atmel/studio/7.0/toolchain/arm/arm-gnu-toolchain/bin/../lib/gcc/arm-none-eabi/6.3.1/../../../../arm-none-eabi/lib/thumb/v6-m\libc_nano.a(lib_a-mlock.o)
                0x00003272                __malloc_unlock
 .text._read_r  0x00003274       0x28 c:/program files (x86)/atmel/studio/7.0/toolchain/arm/arm-gnu-toolchain/bin/../lib/gcc/arm-none-eabi/6.3.1/../../../../arm-none-eabi/lib/thumb/v6-m\libc_nano.a(lib_a-readr.o)
                0x00003274                _read_r
 .text          0x0000329c      0x114 c:/program files (x86)/atmel/studio/7.0/toolchain/arm/arm-gnu-toolchain/bin/../lib/gcc/arm-none-eabi/6.3.1/thumb/v6-m\libgcc.a(_udivsi3.o)
                0x0000329c                __aeabi_uidiv
                0x0000329c                __udivsi3
                0x000033a8                __aeabi_uidivmod
 .text          0x000033b0        0x4 c:/program files (x86)/atmel/studio/7.0/toolchain/arm/arm-gnu-toolchain/bin/../lib/gcc/arm-none-eabi/6.3.1/thumb/v6-m\libgcc.a(_dvmd_tls.o)
                0x000033b0                __aeabi_idiv0
                0x000033b0                __aeabi_ldiv0
 .text          0x000033b4       0x40 c:/program files (x86)/atmel/studio/7.0/toolchain/arm/arm-gnu-toolchain/bin/../lib/gcc/arm-none-eabi/6.3.1/thumb/v6-m\libgcc.a(_aeabi_uldivmod.o)
                0x000033b4                __aeabi_uldivmod
 .text          0x000033f4       0x54 c:/program files (x86)/atmel/studio/7.0/toolchain/arm/arm-gnu-toolchain/bin/../lib/gcc/arm-none-eabi/6.3.1/thumb/v6-m\libgcc.a(_muldi3.o)
                0x000033f4                __muldi3
                0x000033f4                __aeabi_lmul
 .text          0x00003448      0x180 c:/program files (x86)/atmel/studio/7.0/toolchain/arm/arm-gnu-toolchain/bin/../lib/gcc/arm-none-eabi/6.3.1/thumb/v6-m\libgcc.a(_udivmoddi4.o)
                0x00003448                __udivmoddi4
 .text          0x000035c8      0x620 c:/program files (x86)/atmel/studio/7.0/toolchain/arm/arm-gnu-toolchain/bin/../lib/gcc/arm-none-eabi/6.3.1/thumb/v6-m\libgcc.a(adddf3.o)
                0x000035c8                __aeabi_dadd
 .text          0x00003be8      0x668 c:/program files (x86)/atmel/studio/7.0/toolchain/arm/arm-gnu-toolchain/bin/../lib/gcc/arm-none-eabi/6.3.1/thumb/v6-m\libgcc.a(divdf3.o)
                0x00003be8                __aeabi_ddiv
 .text          0x00004250      0x500 c:/program files (x86)/atmel/studio/7.0/toolchain/arm/arm-gnu-toolchain/bin/../lib/gcc/arm-none-eabi/6.3.1/thumb/v6-m\libgcc.a(muldf3.o)
                0x00004250                __aeabi_dmul
 .text          0x00004750      0x62c c:/program files (x86)/atmel/studio/7.0/toolchain/arm/arm-gnu-toolchain/bin/../lib/gcc/arm-none-eabi/6.3.1/thumb/v6-m\libgcc.a(subdf3.o)
                0x00004750                __aeabi_dsub
 .text          0x00004d7c       0x68 c:/program files (x86)/atmel/studio/7.0/toolchain/arm/arm-gnu-toolchain/bin/../lib/gcc/arm-none-eabi/6.3.1/thumb/v6-m\libgcc.a(fixdfsi.o)
                0x00004d7c                __aeabi_d2iz
 .text          0x00004de4       0x84 c:/program files (x86)/atmel/studio/7.0/toolchain/arm/arm-gnu-toolchain/bin/../lib/gcc/arm-none-eabi/6.3.1/thumb/v6-m\libgcc.a(floatsidf.o)
                0x00004de4                __aeabi_i2d
 .text          0x00004e68       0x70 c:/program files (x86)/atmel/studio/7.0/toolchain/arm/arm-gnu-toolchain/bin/../lib/gcc/arm-none-eabi/6.3.1/thumb/v6-m\libgcc.a(floatunsidf.o)
                0x00004e68                __aeabi_ui2d
 .text          0x00004ed8       0xa4 c:/program files (x86)/atmel/studio/7.0/toolchain/arm/arm-gnu-toolchain/bin/../lib/gcc/arm-none-eabi/6.3.1/thumb/v6-m\libgcc.a(extendsfdf2.o)
                0x00004ed8                __aeabi_f2d
 .text          0x00004f7c      0x114 c:/program files (x86)/atmel/studio/7.0/toolchain/arm/arm-gnu-toolchain/bin/../lib/gcc/arm-none-eabi/6.3.1/thumb/v6-m\libgcc.a(truncdfsf2.o)
                0x00004f7c                __aeabi_d2f
 .text          0x00005090       0x3c c:/program files (x86)/atmel/studio/7.0/toolchain/arm/arm-gnu-toolchain/bin/../lib/gcc/arm-none-eabi/6.3.1/thumb/v6-m\libgcc.a(_clzsi2.o)
                0x00005090                __clzsi2
 .text          0x000050cc       0x18 c:/program files (x86)/atmel/studio/7.0/toolchain/arm/arm-gnu-toolchain/bin/../lib/gcc/arm-none-eabi/6.3.1/thumb/v6-m\libgcc.a(_clzdi2.o)
                0x000050cc                __clzdi2
 *(.glue_7t)
 .glue_7t       0x000050e4        0x0 linker stubs
 *(.glue_7)
 .glue_7        0x000050e4        0x0 linker stubs
 *(.rodata .rodata* .gnu.linkonce.r.*)
 .rodata._tcc_apbcmasks
                0x000050e4        0xc src/ASF/sam0/drivers/tcc/tcc.o
                0x000050e4                _tcc_apbcmasks
 .rodata._tcc_cc_nums
                0x000050f0        0x3 src/ASF/sam0/drivers/tcc/tcc.o
                0x000050f0                _tcc_cc_nums
 *fill*         0x000050f3        0x1 
 .rodata._tcc_gclk_ids
                0x000050f4        0x3 src/ASF/sam0/drivers/tcc/tcc.o
                0x000050f4                _tcc_gclk_ids
 *fill*         0x000050f7        0x1 
 .rodata._tcc_maxs
                0x000050f8        0xc src/ASF/sam0/drivers/tcc/tcc.o
                0x000050f8                _tcc_maxs
 .rodata._tcc_ow_nums
                0x00005104        0x3 src/ASF/sam0/drivers/tcc/tcc.o
                0x00005104                _tcc_ow_nums
 *fill*         0x00005107        0x1 
 .rodata._tcc_intflag
                0x00005108       0x30 src/ASF/sam0/drivers/tcc/tcc_callback.o
                0x00005108                _tcc_intflag
 .rodata.tcc_interrupt_vectors.12510
                0x00005138        0x3 src/ASF/sam0/drivers/tcc/tcc_callback.o
 *fill*         0x0000513b        0x1 
 .rodata        0x0000513c       0x18 src/ASF/sam0/drivers/sercom/sercom.o
 *fill*         0x00005154        0x4 
 .rodata.impulse_response
                0x00005158       0x80 src/FIR_Filter.o
 .rodata.system_clock_source_get_hz
                0x000051d8       0x24 src/ASF/sam0/drivers/system/clock/clock_samd21_r21_da_ha1/clock.o
 .rodata.system_clock_source_enable
                0x000051fc       0x24 src/ASF/sam0/drivers/system/clock/clock_samd21_r21_da_ha1/clock.o
 .rodata.main.str1.4
                0x00005220       0x64 src/main.o
                                 0x62 (size before relaxing)
 .rodata._global_impure_ptr
                0x00005284        0x4 c:/program files (x86)/atmel/studio/7.0/toolchain/arm/arm-gnu-toolchain/bin/../lib/gcc/arm-none-eabi/6.3.1/../../../../arm-none-eabi/lib/thumb/v6-m\libc_nano.a(lib_a-impure.o)
                0x00005284                _global_impure_ptr
 .rodata.__sf_fake_stderr
                0x00005288       0x20 c:/program files (x86)/atmel/studio/7.0/toolchain/arm/arm-gnu-toolchain/bin/../lib/gcc/arm-none-eabi/6.3.1/../../../../arm-none-eabi/lib/thumb/v6-m\libc_nano.a(lib_a-findfp.o)
                0x00005288                __sf_fake_stderr
 .rodata.__sf_fake_stdin
                0x000052a8       0x20 c:/program files (x86)/atmel/studio/7.0/toolchain/arm/arm-gnu-toolchain/bin/../lib/gcc/arm-none-eabi/6.3.1/../../../../arm-none-eabi/lib/thumb/v6-m\libc_nano.a(lib_a-findfp.o)
                0x000052a8                __sf_fake_stdin
 .rodata.__sf_fake_stdout
                0x000052c8       0x20 c:/program files (x86)/atmel/studio/7.0/toolchain/arm/arm-gnu-toolchain/bin/../lib/gcc/arm-none-eabi/6.3.1/../../../../arm-none-eabi/lib/thumb/v6-m\libc_nano.a(lib_a-findfp.o)
                0x000052c8                __sf_fake_stdout
 .rodata        0x000052e8       0x40 c:/program files (x86)/atmel/studio/7.0/toolchain/arm/arm-gnu-toolchain/bin/../lib/gcc/arm-none-eabi/6.3.1/thumb/v6-m\libgcc.a(divdf3.o)
 .rodata        0x00005328       0x40 c:/program files (x86)/atmel/studio/7.0/toolchain/arm/arm-gnu-toolchain/bin/../lib/gcc/arm-none-eabi/6.3.1/thumb/v6-m\libgcc.a(muldf3.o)
 *(.ARM.extab* .gnu.linkonce.armextab.*)
                0x00005368                . = ALIGN (0x4)
 *(.init)
 .init          0x00005368        0x4 c:/program files (x86)/atmel/studio/7.0/toolchain/arm/arm-gnu-toolchain/bin/../lib/gcc/arm-none-eabi/6.3.1/thumb/v6-m/crti.o
                0x00005368                _init
 .init          0x0000536c        0x8 c:/program files (x86)/atmel/studio/7.0/toolchain/arm/arm-gnu-toolchain/bin/../lib/gcc/arm-none-eabi/6.3.1/thumb/v6-m/crtn.o
                0x00005374                . = ALIGN (0x4)
                0x00005374                __preinit_array_start = .
 *(.preinit_array)
                0x00005374                __preinit_array_end = .
                0x00005374                . = ALIGN (0x4)
                0x00005374                __init_array_start = .
 *(SORT(.init_array.*))
 *(.init_array)
 .init_array    0x00005374        0x4 c:/program files (x86)/atmel/studio/7.0/toolchain/arm/arm-gnu-toolchain/bin/../lib/gcc/arm-none-eabi/6.3.1/thumb/v6-m/crtbegin.o
                0x00005378                __init_array_end = .
                0x00005378                . = ALIGN (0x4)
 *crtbegin.o(.ctors)
 *(EXCLUDE_FILE(*crtend.o) .ctors)
 *(SORT(.ctors.*))
 *crtend.o(.ctors)
                0x00005378                . = ALIGN (0x4)
 *(.fini)
 .fini          0x00005378        0x4 c:/program files (x86)/atmel/studio/7.0/toolchain/arm/arm-gnu-toolchain/bin/../lib/gcc/arm-none-eabi/6.3.1/thumb/v6-m/crti.o
                0x00005378                _fini
 .fini          0x0000537c        0x8 c:/program files (x86)/atmel/studio/7.0/toolchain/arm/arm-gnu-toolchain/bin/../lib/gcc/arm-none-eabi/6.3.1/thumb/v6-m/crtn.o
                0x00005384                . = ALIGN (0x4)
                0x00005384                __fini_array_start = .
 *(.fini_array)
 .fini_array    0x00005384        0x4 c:/program files (x86)/atmel/studio/7.0/toolchain/arm/arm-gnu-toolchain/bin/../lib/gcc/arm-none-eabi/6.3.1/thumb/v6-m/crtbegin.o
 *(SORT(.fini_array.*))
                0x00005388                __fini_array_end = .
 *crtbegin.o(.dtors)
 *(EXCLUDE_FILE(*crtend.o) .dtors)
 *(SORT(.dtors.*))
 *crtend.o(.dtors)
                0x00005388                . = ALIGN (0x4)
                0x00005388                _efixed = .
                [!provide]                PROVIDE (__exidx_start, .)

.vfp11_veneer   0x00005388        0x0
 .vfp11_veneer  0x00005388        0x0 linker stubs

.v4_bx          0x00005388        0x0
 .v4_bx         0x00005388        0x0 linker stubs

.iplt           0x00005388        0x0
 .iplt          0x00005388        0x0 c:/program files (x86)/atmel/studio/7.0/toolchain/arm/arm-gnu-toolchain/bin/../lib/gcc/arm-none-eabi/6.3.1/thumb/v6-m/crtbegin.o

.ARM.exidx      0x00005388        0x8
 *(.ARM.exidx* .gnu.linkonce.armexidx.*)
 .ARM.exidx     0x00005388        0x8 c:/program files (x86)/atmel/studio/7.0/toolchain/arm/arm-gnu-toolchain/bin/../lib/gcc/arm-none-eabi/6.3.1/thumb/v6-m\libgcc.a(_udivmoddi4.o)
                [!provide]                PROVIDE (__exidx_end, .)

.eh_frame       0x00005390        0x0
 .eh_frame      0x00005390        0x0 c:/program files (x86)/atmel/studio/7.0/toolchain/arm/arm-gnu-toolchain/bin/../lib/gcc/arm-none-eabi/6.3.1/thumb/v6-m/crtbegin.o

.rel.dyn        0x00005390        0x0
 .rel.iplt      0x00005390        0x0 c:/program files (x86)/atmel/studio/7.0/toolchain/arm/arm-gnu-toolchain/bin/../lib/gcc/arm-none-eabi/6.3.1/thumb/v6-m/crtbegin.o

.jcr            0x00005390        0x0
 .jcr           0x00005390        0x0 c:/program files (x86)/atmel/studio/7.0/toolchain/arm/arm-gnu-toolchain/bin/../lib/gcc/arm-none-eabi/6.3.1/thumb/v6-m/crtbegin.o

.igot.plt       0x00005390        0x0
 .igot.plt      0x00005390        0x0 c:/program files (x86)/atmel/studio/7.0/toolchain/arm/arm-gnu-toolchain/bin/../lib/gcc/arm-none-eabi/6.3.1/thumb/v6-m/crtbegin.o
                0x00005390                . = ALIGN (0x4)
                0x00005390                _etext = .

.relocate       0x20000000       0x74 load address 0x00005390
                0x20000000                . = ALIGN (0x4)
                0x20000000                _srelocate = .
 *(.ramfunc .ramfunc.*)
 .ramfunc       0x20000000        0xc src/ASF/common2/services/delay/sam0/cycle_counter.o
                0x20000000                portable_delay_cycles
 *(.data .data.*)
 .data.g_interrupt_enabled
                0x2000000c        0x1 src/ASF/common/utils/interrupt/interrupt_sam_nvic.o
                0x2000000c                g_interrupt_enabled
 *fill*         0x2000000d        0x3 
 .data._impure_ptr
                0x20000010        0x4 c:/program files (x86)/atmel/studio/7.0/toolchain/arm/arm-gnu-toolchain/bin/../lib/gcc/arm-none-eabi/6.3.1/../../../../arm-none-eabi/lib/thumb/v6-m\libc_nano.a(lib_a-impure.o)
                0x20000010                _impure_ptr
 .data.impure_data
                0x20000014       0x60 c:/program files (x86)/atmel/studio/7.0/toolchain/arm/arm-gnu-toolchain/bin/../lib/gcc/arm-none-eabi/6.3.1/../../../../arm-none-eabi/lib/thumb/v6-m\libc_nano.a(lib_a-impure.o)
                0x20000074                . = ALIGN (0x4)
                0x20000074                _erelocate = .

.bss            0x20000074      0x194 load address 0x00005404
                0x20000074                . = ALIGN (0x4)
                0x20000074                _sbss = .
                0x20000074                _szero = .
 *(.bss .bss.*)
 .bss           0x20000074       0x1c c:/program files (x86)/atmel/studio/7.0/toolchain/arm/arm-gnu-toolchain/bin/../lib/gcc/arm-none-eabi/6.3.1/thumb/v6-m/crtbegin.o
 .bss._sercom_config
                0x20000090        0x2 src/ASF/sam0/drivers/sercom/sercom.o
 .bss._handler_table_initialized
                0x20000092        0x1 src/ASF/sam0/drivers/sercom/sercom_interrupt.o
 *fill*         0x20000093        0x1 
 .bss._sercom_interrupt_handlers
                0x20000094       0x18 src/ASF/sam0/drivers/sercom/sercom_interrupt.o
 .bss.usart_instance
                0x200000ac       0x34 src/Printf.o
 .bss.cpu_irq_critical_section_counter
                0x200000e0        0x4 src/ASF/common/utils/interrupt/interrupt_sam_nvic.o
 .bss.cpu_irq_prev_interrupt_state
                0x200000e4        0x1 src/ASF/common/utils/interrupt/interrupt_sam_nvic.o
 *fill*         0x200000e5        0x3 
 .bss._system_clock_inst
                0x200000e8       0x18 src/ASF/sam0/drivers/system/clock/clock_samd21_r21_da_ha1/clock.o
 .bss.heap.5296
                0x20000100        0x4 src/ASF/sam0/utils/syscalls/gcc/syscalls.o
 .bss.filt_acc  0x20000104        0xc src/main.o
                0x20000104                filt_acc
 .bss.__malloc_free_list
                0x20000110        0x4 c:/program files (x86)/atmel/studio/7.0/toolchain/arm/arm-gnu-toolchain/bin/../lib/gcc/arm-none-eabi/6.3.1/../../../../arm-none-eabi/lib/thumb/v6-m\libc_nano.a(lib_a-nano-mallocr.o)
                0x20000110                __malloc_free_list
 .bss.__malloc_sbrk_start
                0x20000114        0x4 c:/program files (x86)/atmel/studio/7.0/toolchain/arm/arm-gnu-toolchain/bin/../lib/gcc/arm-none-eabi/6.3.1/../../../../arm-none-eabi/lib/thumb/v6-m\libc_nano.a(lib_a-nano-mallocr.o)
                0x20000114                __malloc_sbrk_start
 *(COMMON)
 COMMON         0x20000118        0xc src/ASF/sam0/drivers/tcc/tcc_callback.o
                0x20000118                _tcc_instances
 COMMON         0x20000124        0x4 src/ASF/sam0/utils/stdio/read.o
                0x20000124                ptr_get
 COMMON         0x20000128        0x8 src/ASF/sam0/utils/stdio/write.o
                0x20000128                ptr_put
                0x2000012c                stdio_base
 COMMON         0x20000130       0x18 src/ASF/sam0/drivers/sercom/sercom_interrupt.o
                0x20000130                _sercom_instances
 COMMON         0x20000148       0xbc src/main.o
                0x20000148                acc_sensor
                0x20000164                data_packet
                0x20000170                tcc_instance
                0x200001b0                i2c_master
                0x200001bc                LowPass_z
 COMMON         0x20000204        0x4 c:/program files (x86)/atmel/studio/7.0/toolchain/arm/arm-gnu-toolchain/bin/../lib/gcc/arm-none-eabi/6.3.1/../../../../arm-none-eabi/lib/thumb/v6-m\libc_nano.a(lib_a-reent.o)
                0x20000204                errno
                0x20000208                . = ALIGN (0x4)
                0x20000208                _ebss = .
                0x20000208                _ezero = .

.stack          0x20000208     0x2000 load address 0x00005598
                0x20000208                . = ALIGN (0x8)
                0x20000208                _sstack = .
                0x20002208                . = (. + STACK_SIZE)
 *fill*         0x20000208     0x2000 
                0x20002208                . = ALIGN (0x8)
                0x20002208                _estack = .
                0x20002208                . = ALIGN (0x4)
                0x20002208                _end = .
OUTPUT(SensorFusion2.elf elf32-littlearm)

.ARM.attributes
                0x00000000       0x28
 .ARM.attributes
                0x00000000       0x1e c:/program files (x86)/atmel/studio/7.0/toolchain/arm/arm-gnu-toolchain/bin/../lib/gcc/arm-none-eabi/6.3.1/thumb/v6-m/crti.o
 .ARM.attributes
                0x0000001e       0x2c c:/program files (x86)/atmel/studio/7.0/toolchain/arm/arm-gnu-toolchain/bin/../lib/gcc/arm-none-eabi/6.3.1/thumb/v6-m/crtbegin.o
 .ARM.attributes
                0x0000004a       0x32 src/ADXL345.o
 .ARM.attributes
                0x0000007c       0x32 src/ASF/sam0/drivers/sercom/i2c/i2c_sam0/i2c_master.o
 .ARM.attributes
                0x000000ae       0x32 src/ASF/sam0/drivers/tcc/tcc.o
 .ARM.attributes
                0x000000e0       0x32 src/ASF/sam0/drivers/tcc/tcc_callback.o
 .ARM.attributes
                0x00000112       0x32 src/ASF/sam0/utils/stdio/read.o
 .ARM.attributes
                0x00000144       0x32 src/ASF/sam0/utils/stdio/write.o
 .ARM.attributes
                0x00000176       0x32 src/ASF/sam0/drivers/sercom/usart/usart.o
 .ARM.attributes
                0x000001a8       0x32 src/ASF/sam0/drivers/sercom/usart/usart_interrupt.o
 .ARM.attributes
                0x000001da       0x32 src/ASF/sam0/drivers/sercom/sercom.o
 .ARM.attributes
                0x0000020c       0x32 src/ASF/sam0/drivers/sercom/sercom_interrupt.o
 .ARM.attributes
                0x0000023e       0x32 src/ASF/common2/services/delay/sam0/cycle_counter.o
 .ARM.attributes
                0x00000270       0x32 src/FIR_Filter.o
 .ARM.attributes
                0x000002a2       0x32 src/Printf.o
 .ARM.attributes
                0x000002d4       0x32 src/ASF/common/utils/interrupt/interrupt_sam_nvic.o
 .ARM.attributes
                0x00000306       0x32 src/ASF/sam0/boards/samw25_xplained_pro/board_init.o
 .ARM.attributes
                0x00000338       0x32 src/ASF/sam0/drivers/port/port.o
 .ARM.attributes
                0x0000036a       0x32 src/ASF/sam0/drivers/system/clock/clock_samd21_r21_da_ha1/clock.o
 .ARM.attributes
                0x0000039c       0x32 src/ASF/sam0/drivers/system/clock/clock_samd21_r21_da_ha1/gclk.o
 .ARM.attributes
                0x000003ce       0x32 src/ASF/sam0/drivers/system/pinmux/pinmux.o
 .ARM.attributes
                0x00000400       0x32 src/ASF/sam0/drivers/system/system.o
 .ARM.attributes
                0x00000432       0x32 src/ASF/sam0/utils/cmsis/samd21/source/gcc/startup_samd21.o
 .ARM.attributes
                0x00000464       0x32 src/ASF/sam0/utils/syscalls/gcc/syscalls.o
 .ARM.attributes
                0x00000496       0x32 src/main.o
 .ARM.attributes
                0x000004c8       0x2c c:/program files (x86)/atmel/studio/7.0/toolchain/arm/arm-gnu-toolchain/bin/../lib/gcc/arm-none-eabi/6.3.1/../../../../arm-none-eabi/lib/thumb/v6-m\libc_nano.a(lib_a-impure.o)
 .ARM.attributes
                0x000004f4       0x2c c:/program files (x86)/atmel/studio/7.0/toolchain/arm/arm-gnu-toolchain/bin/../lib/gcc/arm-none-eabi/6.3.1/../../../../arm-none-eabi/lib/thumb/v6-m\libc_nano.a(lib_a-init.o)
 .ARM.attributes
                0x00000520       0x2c c:/program files (x86)/atmel/studio/7.0/toolchain/arm/arm-gnu-toolchain/bin/../lib/gcc/arm-none-eabi/6.3.1/../../../../arm-none-eabi/lib/thumb/v6-m\libc_nano.a(lib_a-memset.o)
 .ARM.attributes
                0x0000054c       0x2c c:/program files (x86)/atmel/studio/7.0/toolchain/arm/arm-gnu-toolchain/bin/../lib/gcc/arm-none-eabi/6.3.1/../../../../arm-none-eabi/lib/thumb/v6-m\libc_nano.a(lib_a-puts.o)
 .ARM.attributes
                0x00000578       0x2c c:/program files (x86)/atmel/studio/7.0/toolchain/arm/arm-gnu-toolchain/bin/../lib/gcc/arm-none-eabi/6.3.1/../../../../arm-none-eabi/lib/thumb/v6-m\libc_nano.a(lib_a-setbuf.o)
 .ARM.attributes
                0x000005a4       0x2c c:/program files (x86)/atmel/studio/7.0/toolchain/arm/arm-gnu-toolchain/bin/../lib/gcc/arm-none-eabi/6.3.1/../../../../arm-none-eabi/lib/thumb/v6-m\libc_nano.a(lib_a-setvbuf.o)
 .ARM.attributes
                0x000005d0       0x2c c:/program files (x86)/atmel/studio/7.0/toolchain/arm/arm-gnu-toolchain/bin/../lib/gcc/arm-none-eabi/6.3.1/../../../../arm-none-eabi/lib/thumb/v6-m\libc_nano.a(lib_a-wbuf.o)
 .ARM.attributes
                0x000005fc       0x2c c:/program files (x86)/atmel/studio/7.0/toolchain/arm/arm-gnu-toolchain/bin/../lib/gcc/arm-none-eabi/6.3.1/../../../../arm-none-eabi/lib/thumb/v6-m\libc_nano.a(lib_a-wsetup.o)
 .ARM.attributes
                0x00000628       0x2c c:/program files (x86)/atmel/studio/7.0/toolchain/arm/arm-gnu-toolchain/bin/../lib/gcc/arm-none-eabi/6.3.1/../../../../arm-none-eabi/lib/thumb/v6-m\libc_nano.a(lib_a-fflush.o)
 .ARM.attributes
                0x00000654       0x2c c:/program files (x86)/atmel/studio/7.0/toolchain/arm/arm-gnu-toolchain/bin/../lib/gcc/arm-none-eabi/6.3.1/../../../../arm-none-eabi/lib/thumb/v6-m\libc_nano.a(lib_a-findfp.o)
 .ARM.attributes
                0x00000680       0x2c c:/program files (x86)/atmel/studio/7.0/toolchain/arm/arm-gnu-toolchain/bin/../lib/gcc/arm-none-eabi/6.3.1/../../../../arm-none-eabi/lib/thumb/v6-m\libc_nano.a(lib_a-fwalk.o)
 .ARM.attributes
                0x000006ac       0x2c c:/program files (x86)/atmel/studio/7.0/toolchain/arm/arm-gnu-toolchain/bin/../lib/gcc/arm-none-eabi/6.3.1/../../../../arm-none-eabi/lib/thumb/v6-m\libc_nano.a(lib_a-makebuf.o)
 .ARM.attributes
                0x000006d8       0x2c c:/program files (x86)/atmel/studio/7.0/toolchain/arm/arm-gnu-toolchain/bin/../lib/gcc/arm-none-eabi/6.3.1/../../../../arm-none-eabi/lib/thumb/v6-m\libc_nano.a(lib_a-malloc.o)
 .ARM.attributes
                0x00000704       0x2c c:/program files (x86)/atmel/studio/7.0/toolchain/arm/arm-gnu-toolchain/bin/../lib/gcc/arm-none-eabi/6.3.1/../../../../arm-none-eabi/lib/thumb/v6-m\libc_nano.a(lib_a-nano-freer.o)
 .ARM.attributes
                0x00000730       0x2c c:/program files (x86)/atmel/studio/7.0/toolchain/arm/arm-gnu-toolchain/bin/../lib/gcc/arm-none-eabi/6.3.1/../../../../arm-none-eabi/lib/thumb/v6-m\libc_nano.a(lib_a-nano-mallocr.o)
 .ARM.attributes
                0x0000075c       0x2c c:/program files (x86)/atmel/studio/7.0/toolchain/arm/arm-gnu-toolchain/bin/../lib/gcc/arm-none-eabi/6.3.1/../../../../arm-none-eabi/lib/thumb/v6-m\libc_nano.a(lib_a-sbrkr.o)
 .ARM.attributes
                0x00000788       0x2c c:/program files (x86)/atmel/studio/7.0/toolchain/arm/arm-gnu-toolchain/bin/../lib/gcc/arm-none-eabi/6.3.1/../../../../arm-none-eabi/lib/thumb/v6-m\libc_nano.a(lib_a-stdio.o)
 .ARM.attributes
                0x000007b4       0x2c c:/program files (x86)/atmel/studio/7.0/toolchain/arm/arm-gnu-toolchain/bin/../lib/gcc/arm-none-eabi/6.3.1/../../../../arm-none-eabi/lib/thumb/v6-m\libc_nano.a(lib_a-writer.o)
 .ARM.attributes
                0x000007e0       0x2c c:/program files (x86)/atmel/studio/7.0/toolchain/arm/arm-gnu-toolchain/bin/../lib/gcc/arm-none-eabi/6.3.1/../../../../arm-none-eabi/lib/thumb/v6-m\libc_nano.a(lib_a-closer.o)
 .ARM.attributes
                0x0000080c       0x2c c:/program files (x86)/atmel/studio/7.0/toolchain/arm/arm-gnu-toolchain/bin/../lib/gcc/arm-none-eabi/6.3.1/../../../../arm-none-eabi/lib/thumb/v6-m\libc_nano.a(lib_a-fstatr.o)
 .ARM.attributes
                0x00000838       0x2c c:/program files (x86)/atmel/studio/7.0/toolchain/arm/arm-gnu-toolchain/bin/../lib/gcc/arm-none-eabi/6.3.1/../../../../arm-none-eabi/lib/thumb/v6-m\libc_nano.a(lib_a-isattyr.o)
 .ARM.attributes
                0x00000864       0x2c c:/program files (x86)/atmel/studio/7.0/toolchain/arm/arm-gnu-toolchain/bin/../lib/gcc/arm-none-eabi/6.3.1/../../../../arm-none-eabi/lib/thumb/v6-m\libc_nano.a(lib_a-lseekr.o)
 .ARM.attributes
                0x00000890       0x2c c:/program files (x86)/atmel/studio/7.0/toolchain/arm/arm-gnu-toolchain/bin/../lib/gcc/arm-none-eabi/6.3.1/../../../../arm-none-eabi/lib/thumb/v6-m\libc_nano.a(lib_a-mlock.o)
 .ARM.attributes
                0x000008bc       0x2c c:/program files (x86)/atmel/studio/7.0/toolchain/arm/arm-gnu-toolchain/bin/../lib/gcc/arm-none-eabi/6.3.1/../../../../arm-none-eabi/lib/thumb/v6-m\libc_nano.a(lib_a-readr.o)
 .ARM.attributes
                0x000008e8       0x2c c:/program files (x86)/atmel/studio/7.0/toolchain/arm/arm-gnu-toolchain/bin/../lib/gcc/arm-none-eabi/6.3.1/../../../../arm-none-eabi/lib/thumb/v6-m\libc_nano.a(lib_a-reent.o)
 .ARM.attributes
                0x00000914       0x1e c:/program files (x86)/atmel/studio/7.0/toolchain/arm/arm-gnu-toolchain/bin/../lib/gcc/arm-none-eabi/6.3.1/thumb/v6-m\libgcc.a(_udivsi3.o)
 .ARM.attributes
                0x00000932       0x1e c:/program files (x86)/atmel/studio/7.0/toolchain/arm/arm-gnu-toolchain/bin/../lib/gcc/arm-none-eabi/6.3.1/thumb/v6-m\libgcc.a(_dvmd_tls.o)
 .ARM.attributes
                0x00000950       0x1e c:/program files (x86)/atmel/studio/7.0/toolchain/arm/arm-gnu-toolchain/bin/../lib/gcc/arm-none-eabi/6.3.1/thumb/v6-m\libgcc.a(_aeabi_uldivmod.o)
 .ARM.attributes
                0x0000096e       0x2c c:/program files (x86)/atmel/studio/7.0/toolchain/arm/arm-gnu-toolchain/bin/../lib/gcc/arm-none-eabi/6.3.1/thumb/v6-m\libgcc.a(_muldi3.o)
 .ARM.attributes
                0x0000099a       0x2c c:/program files (x86)/atmel/studio/7.0/toolchain/arm/arm-gnu-toolchain/bin/../lib/gcc/arm-none-eabi/6.3.1/thumb/v6-m\libgcc.a(_udivmoddi4.o)
 .ARM.attributes
                0x000009c6       0x2c c:/program files (x86)/atmel/studio/7.0/toolchain/arm/arm-gnu-toolchain/bin/../lib/gcc/arm-none-eabi/6.3.1/thumb/v6-m\libgcc.a(adddf3.o)
 .ARM.attributes
                0x000009f2       0x2c c:/program files (x86)/atmel/studio/7.0/toolchain/arm/arm-gnu-toolchain/bin/../lib/gcc/arm-none-eabi/6.3.1/thumb/v6-m\libgcc.a(divdf3.o)
 .ARM.attributes
                0x00000a1e       0x2c c:/program files (x86)/atmel/studio/7.0/toolchain/arm/arm-gnu-toolchain/bin/../lib/gcc/arm-none-eabi/6.3.1/thumb/v6-m\libgcc.a(muldf3.o)
 .ARM.attributes
                0x00000a4a       0x2c c:/program files (x86)/atmel/studio/7.0/toolchain/arm/arm-gnu-toolchain/bin/../lib/gcc/arm-none-eabi/6.3.1/thumb/v6-m\libgcc.a(subdf3.o)
 .ARM.attributes
                0x00000a76       0x2c c:/program files (x86)/atmel/studio/7.0/toolchain/arm/arm-gnu-toolchain/bin/../lib/gcc/arm-none-eabi/6.3.1/thumb/v6-m\libgcc.a(fixdfsi.o)
 .ARM.attributes
                0x00000aa2       0x2c c:/program files (x86)/atmel/studio/7.0/toolchain/arm/arm-gnu-toolchain/bin/../lib/gcc/arm-none-eabi/6.3.1/thumb/v6-m\libgcc.a(floatsidf.o)
 .ARM.attributes
                0x00000ace       0x2c c:/program files (x86)/atmel/studio/7.0/toolchain/arm/arm-gnu-toolchain/bin/../lib/gcc/arm-none-eabi/6.3.1/thumb/v6-m\libgcc.a(floatunsidf.o)
 .ARM.attributes
                0x00000afa       0x2c c:/program files (x86)/atmel/studio/7.0/toolchain/arm/arm-gnu-toolchain/bin/../lib/gcc/arm-none-eabi/6.3.1/thumb/v6-m\libgcc.a(extendsfdf2.o)
 .ARM.attributes
                0x00000b26       0x2c c:/program files (x86)/atmel/studio/7.0/toolchain/arm/arm-gnu-toolchain/bin/../lib/gcc/arm-none-eabi/6.3.1/thumb/v6-m\libgcc.a(truncdfsf2.o)
 .ARM.attributes
                0x00000b52       0x1e c:/program files (x86)/atmel/studio/7.0/toolchain/arm/arm-gnu-toolchain/bin/../lib/gcc/arm-none-eabi/6.3.1/thumb/v6-m\libgcc.a(_clzsi2.o)
 .ARM.attributes
                0x00000b70       0x1e c:/program files (x86)/atmel/studio/7.0/toolchain/arm/arm-gnu-toolchain/bin/../lib/gcc/arm-none-eabi/6.3.1/thumb/v6-m\libgcc.a(_clzdi2.o)
 .ARM.attributes
                0x00000b8e       0x1e c:/program files (x86)/atmel/studio/7.0/toolchain/arm/arm-gnu-toolchain/bin/../lib/gcc/arm-none-eabi/6.3.1/thumb/v6-m/crtn.o

.comment        0x00000000       0x59
 .comment       0x00000000       0x59 src/ADXL345.o
                                 0x5a (size before relaxing)
 .comment       0x00000059       0x5a src/ASF/sam0/drivers/sercom/i2c/i2c_sam0/i2c_master.o
 .comment       0x00000059       0x5a src/ASF/sam0/drivers/tcc/tcc.o
 .comment       0x00000059       0x5a src/ASF/sam0/drivers/tcc/tcc_callback.o
 .comment       0x00000059       0x5a src/ASF/sam0/utils/stdio/read.o
 .comment       0x00000059       0x5a src/ASF/sam0/utils/stdio/write.o
 .comment       0x00000059       0x5a src/ASF/sam0/drivers/sercom/usart/usart.o
 .comment       0x00000059       0x5a src/ASF/sam0/drivers/sercom/usart/usart_interrupt.o
 .comment       0x00000059       0x5a src/ASF/sam0/drivers/sercom/sercom.o
 .comment       0x00000059       0x5a src/ASF/sam0/drivers/sercom/sercom_interrupt.o
 .comment       0x00000059       0x5a src/ASF/common2/services/delay/sam0/cycle_counter.o
 .comment       0x00000059       0x5a src/FIR_Filter.o
 .comment       0x00000059       0x5a src/Printf.o
 .comment       0x00000059       0x5a src/ASF/common/utils/interrupt/interrupt_sam_nvic.o
 .comment       0x00000059       0x5a src/ASF/sam0/boards/samw25_xplained_pro/board_init.o
 .comment       0x00000059       0x5a src/ASF/sam0/drivers/port/port.o
 .comment       0x00000059       0x5a src/ASF/sam0/drivers/system/clock/clock_samd21_r21_da_ha1/clock.o
 .comment       0x00000059       0x5a src/ASF/sam0/drivers/system/clock/clock_samd21_r21_da_ha1/gclk.o
 .comment       0x00000059       0x5a src/ASF/sam0/drivers/system/pinmux/pinmux.o
 .comment       0x00000059       0x5a src/ASF/sam0/drivers/system/system.o
 .comment       0x00000059       0x5a src/ASF/sam0/utils/cmsis/samd21/source/gcc/startup_samd21.o
 .comment       0x00000059       0x5a src/ASF/sam0/utils/syscalls/gcc/syscalls.o
 .comment       0x00000059       0x5a src/main.o

.debug_info     0x00000000    0x37795
 .debug_info    0x00000000     0x2eb9 src/ADXL345.o
 .debug_info    0x00002eb9     0x4bb9 src/ASF/sam0/drivers/sercom/i2c/i2c_sam0/i2c_master.o
 .debug_info    0x00007a72     0x4cea src/ASF/sam0/drivers/tcc/tcc.o
 .debug_info    0x0000c75c     0x3153 src/ASF/sam0/drivers/tcc/tcc_callback.o
 .debug_info    0x0000f8af      0xacf src/ASF/sam0/utils/stdio/read.o
 .debug_info    0x0001037e      0xacc src/ASF/sam0/utils/stdio/write.o
 .debug_info    0x00010e4a     0x499e src/ASF/sam0/drivers/sercom/usart/usart.o
 .debug_info    0x000157e8     0x3048 src/ASF/sam0/drivers/sercom/usart/usart_interrupt.o
 .debug_info    0x00018830     0x2dd3 src/ASF/sam0/drivers/sercom/sercom.o
 .debug_info    0x0001b603     0x2bcf src/ASF/sam0/drivers/sercom/sercom_interrupt.o
 .debug_info    0x0001e1d2      0xa64 src/ASF/common2/services/delay/sam0/cycle_counter.o
 .debug_info    0x0001ec36      0xdfa src/FIR_Filter.o
 .debug_info    0x0001fa30     0x3589 src/Printf.o
 .debug_info    0x00022fb9      0xb05 src/ASF/common/utils/interrupt/interrupt_sam_nvic.o
 .debug_info    0x00023abe     0x12ad src/ASF/sam0/boards/samw25_xplained_pro/board_init.o
 .debug_info    0x00024d6b     0x12b6 src/ASF/sam0/drivers/port/port.o
 .debug_info    0x00026021     0x39d4 src/ASF/sam0/drivers/system/clock/clock_samd21_r21_da_ha1/clock.o
 .debug_info    0x000299f5     0x1ec7 src/ASF/sam0/drivers/system/clock/clock_samd21_r21_da_ha1/gclk.o
 .debug_info    0x0002b8bc     0x13f3 src/ASF/sam0/drivers/system/pinmux/pinmux.o
 .debug_info    0x0002ccaf      0xa73 src/ASF/sam0/drivers/system/system.o
 .debug_info    0x0002d722     0x3a3f src/ASF/sam0/utils/cmsis/samd21/source/gcc/startup_samd21.o
 .debug_info    0x00031161      0xd98 src/ASF/sam0/utils/syscalls/gcc/syscalls.o
 .debug_info    0x00031ef9     0x589c src/main.o

.debug_abbrev   0x00000000     0x48d2
 .debug_abbrev  0x00000000      0x2d4 src/ADXL345.o
 .debug_abbrev  0x000002d4      0x4f4 src/ASF/sam0/drivers/sercom/i2c/i2c_sam0/i2c_master.o
 .debug_abbrev  0x000007c8      0x479 src/ASF/sam0/drivers/tcc/tcc.o
 .debug_abbrev  0x00000c41      0x3aa src/ASF/sam0/drivers/tcc/tcc_callback.o
 .debug_abbrev  0x00000feb      0x218 src/ASF/sam0/utils/stdio/read.o
 .debug_abbrev  0x00001203      0x203 src/ASF/sam0/utils/stdio/write.o
 .debug_abbrev  0x00001406      0x467 src/ASF/sam0/drivers/sercom/usart/usart.o
 .debug_abbrev  0x0000186d      0x416 src/ASF/sam0/drivers/sercom/usart/usart_interrupt.o
 .debug_abbrev  0x00001c83      0x378 src/ASF/sam0/drivers/sercom/sercom.o
 .debug_abbrev  0x00001ffb      0x2d8 src/ASF/sam0/drivers/sercom/sercom_interrupt.o
 .debug_abbrev  0x000022d3      0x1e7 src/ASF/common2/services/delay/sam0/cycle_counter.o
 .debug_abbrev  0x000024ba      0x254 src/FIR_Filter.o
 .debug_abbrev  0x0000270e      0x3dc src/Printf.o
 .debug_abbrev  0x00002aea      0x23b src/ASF/common/utils/interrupt/interrupt_sam_nvic.o
 .debug_abbrev  0x00002d25      0x2dc src/ASF/sam0/boards/samw25_xplained_pro/board_init.o
 .debug_abbrev  0x00003001      0x298 src/ASF/sam0/drivers/port/port.o
 .debug_abbrev  0x00003299      0x493 src/ASF/sam0/drivers/system/clock/clock_samd21_r21_da_ha1/clock.o
 .debug_abbrev  0x0000372c      0x40d src/ASF/sam0/drivers/system/clock/clock_samd21_r21_da_ha1/gclk.o
 .debug_abbrev  0x00003b39      0x361 src/ASF/sam0/drivers/system/pinmux/pinmux.o
 .debug_abbrev  0x00003e9a      0x1e1 src/ASF/sam0/drivers/system/system.o
 .debug_abbrev  0x0000407b      0x234 src/ASF/sam0/utils/cmsis/samd21/source/gcc/startup_samd21.o
 .debug_abbrev  0x000042af      0x257 src/ASF/sam0/utils/syscalls/gcc/syscalls.o
 .debug_abbrev  0x00004506      0x3cc src/main.o

.debug_loc      0x00000000     0x6d0f
 .debug_loc     0x00000000      0x51a src/ADXL345.o
 .debug_loc     0x0000051a      0xed9 src/ASF/sam0/drivers/sercom/i2c/i2c_sam0/i2c_master.o
 .debug_loc     0x000013f3     0x15d2 src/ASF/sam0/drivers/tcc/tcc.o
 .debug_loc     0x000029c5      0x245 src/ASF/sam0/drivers/tcc/tcc_callback.o
 .debug_loc     0x00002c0a       0xca src/ASF/sam0/utils/stdio/read.o
 .debug_loc     0x00002cd4      0x130 src/ASF/sam0/utils/stdio/write.o
 .debug_loc     0x00002e04      0xd40 src/ASF/sam0/drivers/sercom/usart/usart.o
 .debug_loc     0x00003b44      0x711 src/ASF/sam0/drivers/sercom/usart/usart_interrupt.o
 .debug_loc     0x00004255      0x9d5 src/ASF/sam0/drivers/sercom/sercom.o
 .debug_loc     0x00004c2a      0x161 src/ASF/sam0/drivers/sercom/sercom_interrupt.o
 .debug_loc     0x00004d8b       0xd8 src/FIR_Filter.o
 .debug_loc     0x00004e63      0x224 src/Printf.o
 .debug_loc     0x00005087       0x8a src/ASF/sam0/boards/samw25_xplained_pro/board_init.o
 .debug_loc     0x00005111      0x13d src/ASF/sam0/drivers/port/port.o
 .debug_loc     0x0000524e      0xf7d src/ASF/sam0/drivers/system/clock/clock_samd21_r21_da_ha1/clock.o
 .debug_loc     0x000061cb      0x504 src/ASF/sam0/drivers/system/clock/clock_samd21_r21_da_ha1/gclk.o
 .debug_loc     0x000066cf      0x36d src/ASF/sam0/drivers/system/pinmux/pinmux.o
 .debug_loc     0x00006a3c       0x20 src/ASF/sam0/drivers/system/system.o
 .debug_loc     0x00006a5c       0x40 src/ASF/sam0/utils/cmsis/samd21/source/gcc/startup_samd21.o
 .debug_loc     0x00006a9c       0xef src/ASF/sam0/utils/syscalls/gcc/syscalls.o
 .debug_loc     0x00006b8b      0x184 src/main.o

.debug_aranges  0x00000000      0x678
 .debug_aranges
                0x00000000       0x38 src/ADXL345.o
 .debug_aranges
                0x00000038       0xa0 src/ASF/sam0/drivers/sercom/i2c/i2c_sam0/i2c_master.o
 .debug_aranges
                0x000000d8       0xb0 src/ASF/sam0/drivers/tcc/tcc.o
 .debug_aranges
                0x00000188       0x58 src/ASF/sam0/drivers/tcc/tcc_callback.o
 .debug_aranges
                0x000001e0       0x20 src/ASF/sam0/utils/stdio/read.o
 .debug_aranges
                0x00000200       0x20 src/ASF/sam0/utils/stdio/write.o
 .debug_aranges
                0x00000220       0x40 src/ASF/sam0/drivers/sercom/usart/usart.o
 .debug_aranges
                0x00000260       0x70 src/ASF/sam0/drivers/sercom/usart/usart_interrupt.o
 .debug_aranges
                0x000002d0       0x48 src/ASF/sam0/drivers/sercom/sercom.o
 .debug_aranges
                0x00000318       0x60 src/ASF/sam0/drivers/sercom/sercom_interrupt.o
 .debug_aranges
                0x00000378       0x28 src/ASF/common2/services/delay/sam0/cycle_counter.o
 .debug_aranges
                0x000003a0       0x28 src/FIR_Filter.o
 .debug_aranges
                0x000003c8       0x30 src/Printf.o
 .debug_aranges
                0x000003f8       0x28 src/ASF/common/utils/interrupt/interrupt_sam_nvic.o
 .debug_aranges
                0x00000420       0x20 src/ASF/sam0/boards/samw25_xplained_pro/board_init.o
 .debug_aranges
                0x00000440       0x28 src/ASF/sam0/drivers/port/port.o
 .debug_aranges
                0x00000468       0x78 src/ASF/sam0/drivers/system/clock/clock_samd21_r21_da_ha1/clock.o
 .debug_aranges
                0x000004e0       0x80 src/ASF/sam0/drivers/system/clock/clock_samd21_r21_da_ha1/gclk.o
 .debug_aranges
                0x00000560       0x40 src/ASF/sam0/drivers/system/pinmux/pinmux.o
 .debug_aranges
                0x000005a0       0x28 src/ASF/sam0/drivers/system/system.o
 .debug_aranges
                0x000005c8       0x28 src/ASF/sam0/utils/cmsis/samd21/source/gcc/startup_samd21.o
 .debug_aranges
                0x000005f0       0x60 src/ASF/sam0/utils/syscalls/gcc/syscalls.o
 .debug_aranges
                0x00000650       0x28 src/main.o

.debug_ranges   0x00000000      0x760
 .debug_ranges  0x00000000       0x28 src/ADXL345.o
 .debug_ranges  0x00000028       0xa8 src/ASF/sam0/drivers/sercom/i2c/i2c_sam0/i2c_master.o
 .debug_ranges  0x000000d0      0x188 src/ASF/sam0/drivers/tcc/tcc.o
 .debug_ranges  0x00000258       0x48 src/ASF/sam0/drivers/tcc/tcc_callback.o
 .debug_ranges  0x000002a0       0x10 src/ASF/sam0/utils/stdio/read.o
 .debug_ranges  0x000002b0       0x10 src/ASF/sam0/utils/stdio/write.o
 .debug_ranges  0x000002c0      0x140 src/ASF/sam0/drivers/sercom/usart/usart.o
 .debug_ranges  0x00000400       0x60 src/ASF/sam0/drivers/sercom/usart/usart_interrupt.o
 .debug_ranges  0x00000460       0x50 src/ASF/sam0/drivers/sercom/sercom.o
 .debug_ranges  0x000004b0       0x50 src/ASF/sam0/drivers/sercom/sercom_interrupt.o
 .debug_ranges  0x00000500       0x18 src/ASF/common2/services/delay/sam0/cycle_counter.o
 .debug_ranges  0x00000518       0x30 src/FIR_Filter.o
 .debug_ranges  0x00000548       0x20 src/Printf.o
 .debug_ranges  0x00000568       0x18 src/ASF/common/utils/interrupt/interrupt_sam_nvic.o
 .debug_ranges  0x00000580       0x10 src/ASF/sam0/boards/samw25_xplained_pro/board_init.o
 .debug_ranges  0x00000590       0x18 src/ASF/sam0/drivers/port/port.o
 .debug_ranges  0x000005a8       0x68 src/ASF/sam0/drivers/system/clock/clock_samd21_r21_da_ha1/clock.o
 .debug_ranges  0x00000610       0x88 src/ASF/sam0/drivers/system/clock/clock_samd21_r21_da_ha1/gclk.o
 .debug_ranges  0x00000698       0x30 src/ASF/sam0/drivers/system/pinmux/pinmux.o
 .debug_ranges  0x000006c8       0x18 src/ASF/sam0/drivers/system/system.o
 .debug_ranges  0x000006e0       0x18 src/ASF/sam0/utils/cmsis/samd21/source/gcc/startup_samd21.o
 .debug_ranges  0x000006f8       0x50 src/ASF/sam0/utils/syscalls/gcc/syscalls.o
 .debug_ranges  0x00000748       0x18 src/main.o

.debug_macro    0x00000000    0x1c981
 .debug_macro   0x00000000      0x668 src/ADXL345.o
 .debug_macro   0x00000668      0x8c8 src/ADXL345.o
 .debug_macro   0x00000f30      0x16d src/ADXL345.o
 .debug_macro   0x0000109d      0x71d src/ADXL345.o
 .debug_macro   0x000017ba       0x22 src/ADXL345.o
 .debug_macro   0x000017dc       0x87 src/ADXL345.o
 .debug_macro   0x00001863       0x51 src/ADXL345.o
 .debug_macro   0x000018b4       0xef src/ADXL345.o
 .debug_macro   0x000019a3       0x6a src/ADXL345.o
 .debug_macro   0x00001a0d      0x1df src/ADXL345.o
 .debug_macro   0x00001bec       0x10 src/ADXL345.o
 .debug_macro   0x00001bfc       0x76 src/ADXL345.o
 .debug_macro   0x00001c72       0x16 src/ADXL345.o
 .debug_macro   0x00001c88      0x6db src/ADXL345.o
 .debug_macro   0x00002363      0xdd8 src/ADXL345.o
 .debug_macro   0x0000313b       0x22 src/ADXL345.o
 .debug_macro   0x0000315d       0x40 src/ADXL345.o
 .debug_macro   0x0000319d       0x1c src/ADXL345.o
 .debug_macro   0x000031b9       0x22 src/ADXL345.o
 .debug_macro   0x000031db       0xb5 src/ADXL345.o
 .debug_macro   0x00003290      0x3ad src/ADXL345.o
 .debug_macro   0x0000363d      0x681 src/ADXL345.o
 .debug_macro   0x00003cbe      0x8b5 src/ADXL345.o
 .debug_macro   0x00004573      0x230 src/ADXL345.o
 .debug_macro   0x000047a3      0xd60 src/ADXL345.o
 .debug_macro   0x00005503      0x4cb src/ADXL345.o
 .debug_macro   0x000059ce      0x9f8 src/ADXL345.o
 .debug_macro   0x000063c6      0x82b src/ADXL345.o
 .debug_macro   0x00006bf1      0x455 src/ADXL345.o
 .debug_macro   0x00007046       0x5e src/ADXL345.o
 .debug_macro   0x000070a4      0x8fd src/ADXL345.o
 .debug_macro   0x000079a1      0x21c src/ADXL345.o
 .debug_macro   0x00007bbd      0x95b src/ADXL345.o
 .debug_macro   0x00008518       0x5e src/ADXL345.o
 .debug_macro   0x00008576      0x667 src/ADXL345.o
 .debug_macro   0x00008bdd      0x3af src/ADXL345.o
 .debug_macro   0x00008f8c      0xc7a src/ADXL345.o
 .debug_macro   0x00009c06     0x1092 src/ADXL345.o
 .debug_macro   0x0000ac98      0xc4a src/ADXL345.o
 .debug_macro   0x0000b8e2      0x6ba src/ADXL345.o
 .debug_macro   0x0000bf9c     0x1bbf src/ADXL345.o
 .debug_macro   0x0000db5b     0x1440 src/ADXL345.o
 .debug_macro   0x0000ef9b      0x344 src/ADXL345.o
 .debug_macro   0x0000f2df       0x7c src/ADXL345.o
 .debug_macro   0x0000f35b       0xa0 src/ADXL345.o
 .debug_macro   0x0000f3fb       0x4c src/ADXL345.o
 .debug_macro   0x0000f447       0xca src/ADXL345.o
 .debug_macro   0x0000f511       0x94 src/ADXL345.o
 .debug_macro   0x0000f5a5       0x58 src/ADXL345.o
 .debug_macro   0x0000f5fd      0x37d src/ADXL345.o
 .debug_macro   0x0000f97a       0x82 src/ADXL345.o
 .debug_macro   0x0000f9fc      0x18d src/ADXL345.o
 .debug_macro   0x0000fb89       0xb8 src/ADXL345.o
 .debug_macro   0x0000fc41       0xa0 src/ADXL345.o
 .debug_macro   0x0000fce1       0xb8 src/ADXL345.o
 .debug_macro   0x0000fd99       0x1c src/ADXL345.o
 .debug_macro   0x0000fdb5       0x1c src/ADXL345.o
 .debug_macro   0x0000fdd1       0x1c src/ADXL345.o
 .debug_macro   0x0000fded       0x82 src/ADXL345.o
 .debug_macro   0x0000fe6f      0x15a src/ADXL345.o
 .debug_macro   0x0000ffc9       0xdc src/ADXL345.o
 .debug_macro   0x000100a5      0x128 src/ADXL345.o
 .debug_macro   0x000101cd      0x128 src/ADXL345.o
 .debug_macro   0x000102f5      0x128 src/ADXL345.o
 .debug_macro   0x0001041d      0x128 src/ADXL345.o
 .debug_macro   0x00010545      0x128 src/ADXL345.o
 .debug_macro   0x0001066d      0x128 src/ADXL345.o
 .debug_macro   0x00010795      0x124 src/ADXL345.o
 .debug_macro   0x000108b9       0xe2 src/ADXL345.o
 .debug_macro   0x0001099b       0xe2 src/ADXL345.o
 .debug_macro   0x00010a7d       0xe2 src/ADXL345.o
 .debug_macro   0x00010b5f      0x130 src/ADXL345.o
 .debug_macro   0x00010c8f      0x106 src/ADXL345.o
 .debug_macro   0x00010d95       0xfa src/ADXL345.o
 .debug_macro   0x00010e8f      0x40f src/ADXL345.o
 .debug_macro   0x0001129e       0x40 src/ADXL345.o
 .debug_macro   0x000112de      0x361 src/ADXL345.o
 .debug_macro   0x0001163f     0x16e3 src/ADXL345.o
 .debug_macro   0x00012d22       0x6d src/ADXL345.o
 .debug_macro   0x00012d8f       0x58 src/ADXL345.o
 .debug_macro   0x00012de7       0x35 src/ADXL345.o
 .debug_macro   0x00012e1c       0x9c src/ADXL345.o
 .debug_macro   0x00012eb8       0x16 src/ADXL345.o
 .debug_macro   0x00012ece       0x35 src/ADXL345.o
 .debug_macro   0x00012f03      0x34d src/ADXL345.o
 .debug_macro   0x00013250       0x10 src/ADXL345.o
 .debug_macro   0x00013260       0x58 src/ADXL345.o
 .debug_macro   0x000132b8       0x1f src/ADXL345.o
 .debug_macro   0x000132d7       0x43 src/ADXL345.o
 .debug_macro   0x0001331a       0x20 src/ADXL345.o
 .debug_macro   0x0001333a      0x187 src/ADXL345.o
 .debug_macro   0x000134c1       0x10 src/ADXL345.o
 .debug_macro   0x000134d1       0x1c src/ADXL345.o
 .debug_macro   0x000134ed       0x52 src/ADXL345.o
 .debug_macro   0x0001353f       0x40 src/ADXL345.o
 .debug_macro   0x0001357f       0x10 src/ADXL345.o
 .debug_macro   0x0001358f       0x40 src/ADXL345.o
 .debug_macro   0x000135cf       0xd7 src/ADXL345.o
 .debug_macro   0x000136a6       0x16 src/ADXL345.o
 .debug_macro   0x000136bc      0x18b src/ADXL345.o
 .debug_macro   0x00013847       0x16 src/ADXL345.o
 .debug_macro   0x0001385d       0x16 src/ADXL345.o
 .debug_macro   0x00013873       0x29 src/ADXL345.o
 .debug_macro   0x0001389c       0x51 src/ADXL345.o
 .debug_macro   0x000138ed       0x3e src/ADXL345.o
 .debug_macro   0x0001392b      0x3df src/ADXL345.o
 .debug_macro   0x00013d0a       0x11 src/ADXL345.o
 .debug_macro   0x00013d1b       0x2e src/ADXL345.o
 .debug_macro   0x00013d49       0x16 src/ADXL345.o
 .debug_macro   0x00013d5f      0x2df src/ADXL345.o
 .debug_macro   0x0001403e      0x6ce src/ADXL345.o
 .debug_macro   0x0001470c       0x18 src/ADXL345.o
 .debug_macro   0x00014724       0x12 src/ADXL345.o
 .debug_macro   0x00014736       0x16 src/ADXL345.o
 .debug_macro   0x0001474c       0x2e src/ADXL345.o
 .debug_macro   0x0001477a       0xb2 src/ADXL345.o
 .debug_macro   0x0001482c       0x10 src/ADXL345.o
 .debug_macro   0x0001483c       0x2d src/ADXL345.o
 .debug_macro   0x00014869       0x50 src/ADXL345.o
 .debug_macro   0x000148b9       0x8f src/ADXL345.o
 .debug_macro   0x00014948       0x64 src/ADXL345.o
 .debug_macro   0x000149ac      0x59e src/ASF/sam0/drivers/sercom/i2c/i2c_sam0/i2c_master.o
 .debug_macro   0x00014f4a       0x27 src/ASF/sam0/drivers/sercom/i2c/i2c_sam0/i2c_master.o
 .debug_macro   0x00014f71      0x652 src/ASF/sam0/drivers/tcc/tcc.o
 .debug_macro   0x000155c3       0x19 src/ASF/sam0/drivers/tcc/tcc.o
 .debug_macro   0x000155dc       0x74 src/ASF/sam0/drivers/tcc/tcc.o
 .debug_macro   0x00015650      0x585 src/ASF/sam0/drivers/tcc/tcc_callback.o
 .debug_macro   0x00015bd5      0x50b src/ASF/sam0/utils/stdio/read.o
 .debug_macro   0x000160e0      0x50b src/ASF/sam0/utils/stdio/write.o
 .debug_macro   0x000165eb      0x5a9 src/ASF/sam0/drivers/sercom/usart/usart.o
 .debug_macro   0x00016b94       0x51 src/ASF/sam0/drivers/sercom/usart/usart.o
 .debug_macro   0x00016be5      0x5a9 src/ASF/sam0/drivers/sercom/usart/usart_interrupt.o
 .debug_macro   0x0001718e      0x598 src/ASF/sam0/drivers/sercom/sercom.o
 .debug_macro   0x00017726      0x595 src/ASF/sam0/drivers/sercom/sercom_interrupt.o
 .debug_macro   0x00017cbb      0x546 src/ASF/common2/services/delay/sam0/cycle_counter.o
 .debug_macro   0x00018201      0x667 src/FIR_Filter.o
 .debug_macro   0x00018868      0x662 src/Printf.o
 .debug_macro   0x00018eca      0x50b src/ASF/common/utils/interrupt/interrupt_sam_nvic.o
 .debug_macro   0x000193d5      0x547 src/ASF/sam0/boards/samw25_xplained_pro/board_init.o
 .debug_macro   0x0001991c      0x525 src/ASF/sam0/drivers/port/port.o
 .debug_macro   0x00019e41      0x58a src/ASF/sam0/drivers/system/clock/clock_samd21_r21_da_ha1/clock.o
 .debug_macro   0x0001a3cb      0x291 src/ASF/sam0/drivers/system/clock/clock_samd21_r21_da_ha1/clock.o
 .debug_macro   0x0001a65c      0x541 src/ASF/sam0/drivers/system/clock/clock_samd21_r21_da_ha1/gclk.o
 .debug_macro   0x0001ab9d      0x51b src/ASF/sam0/drivers/system/pinmux/pinmux.o
 .debug_macro   0x0001b0b8       0x12 src/ASF/sam0/drivers/system/pinmux/pinmux.o
 .debug_macro   0x0001b0ca      0x54e src/ASF/sam0/drivers/system/system.o
 .debug_macro   0x0001b618      0x2f2 src/ASF/sam0/utils/cmsis/samd21/source/gcc/startup_samd21.o
 .debug_macro   0x0001b90a       0x3a src/ASF/sam0/utils/cmsis/samd21/source/gcc/startup_samd21.o
 .debug_macro   0x0001b944      0x1d6 src/ASF/sam0/utils/syscalls/gcc/syscalls.o
 .debug_macro   0x0001bb1a       0x52 src/ASF/sam0/utils/syscalls/gcc/syscalls.o
 .debug_macro   0x0001bb6c       0x8d src/ASF/sam0/utils/syscalls/gcc/syscalls.o
 .debug_macro   0x0001bbf9       0x57 src/ASF/sam0/utils/syscalls/gcc/syscalls.o
 .debug_macro   0x0001bc50       0x97 src/ASF/sam0/utils/syscalls/gcc/syscalls.o
 .debug_macro   0x0001bce7      0x353 src/ASF/sam0/utils/syscalls/gcc/syscalls.o
 .debug_macro   0x0001c03a       0xf6 src/ASF/sam0/utils/syscalls/gcc/syscalls.o
 .debug_macro   0x0001c130       0x4c src/ASF/sam0/utils/syscalls/gcc/syscalls.o
 .debug_macro   0x0001c17c       0x16 src/ASF/sam0/utils/syscalls/gcc/syscalls.o
 .debug_macro   0x0001c192       0x10 src/ASF/sam0/utils/syscalls/gcc/syscalls.o
 .debug_macro   0x0001c1a2       0x10 src/ASF/sam0/utils/syscalls/gcc/syscalls.o
 .debug_macro   0x0001c1b2       0x35 src/ASF/sam0/utils/syscalls/gcc/syscalls.o
 .debug_macro   0x0001c1e7      0x122 src/ASF/sam0/utils/syscalls/gcc/syscalls.o
 .debug_macro   0x0001c309      0x678 src/main.o

.debug_line     0x00000000     0xfd5c
 .debug_line    0x00000000      0xe00 src/ADXL345.o
 .debug_line    0x00000e00      0xdf9 src/ASF/sam0/drivers/sercom/i2c/i2c_sam0/i2c_master.o
 .debug_line    0x00001bf9      0xe5f src/ASF/sam0/drivers/tcc/tcc.o
 .debug_line    0x00002a58      0xac2 src/ASF/sam0/drivers/tcc/tcc_callback.o
 .debug_line    0x0000351a      0x8b6 src/ASF/sam0/utils/stdio/read.o
 .debug_line    0x00003dd0      0x8aa src/ASF/sam0/utils/stdio/write.o
 .debug_line    0x0000467a      0xd15 src/ASF/sam0/drivers/sercom/usart/usart.o
 .debug_line    0x0000538f      0xcd8 src/ASF/sam0/drivers/sercom/usart/usart_interrupt.o
 .debug_line    0x00006067      0xbde src/ASF/sam0/drivers/sercom/sercom.o
 .debug_line    0x00006c45      0xb82 src/ASF/sam0/drivers/sercom/sercom_interrupt.o
 .debug_line    0x000077c7      0x98a src/ASF/common2/services/delay/sam0/cycle_counter.o
 .debug_line    0x00008151      0xdb8 src/FIR_Filter.o
 .debug_line    0x00008f09      0xe00 src/Printf.o
 .debug_line    0x00009d09      0x8d3 src/ASF/common/utils/interrupt/interrupt_sam_nvic.o
 .debug_line    0x0000a5dc      0x97e src/ASF/sam0/boards/samw25_xplained_pro/board_init.o
 .debug_line    0x0000af5a      0x905 src/ASF/sam0/drivers/port/port.o
 .debug_line    0x0000b85f      0xcc8 src/ASF/sam0/drivers/system/clock/clock_samd21_r21_da_ha1/clock.o
 .debug_line    0x0000c527      0xc81 src/ASF/sam0/drivers/system/clock/clock_samd21_r21_da_ha1/gclk.o
 .debug_line    0x0000d1a8      0x952 src/ASF/sam0/drivers/system/pinmux/pinmux.o
 .debug_line    0x0000dafa      0x9fc src/ASF/sam0/drivers/system/system.o
 .debug_line    0x0000e4f6      0x657 src/ASF/sam0/utils/cmsis/samd21/source/gcc/startup_samd21.o
 .debug_line    0x0000eb4d      0x409 src/ASF/sam0/utils/syscalls/gcc/syscalls.o
 .debug_line    0x0000ef56      0xe06 src/main.o

.debug_str      0x00000000    0x8d946
 .debug_str     0x00000000    0x8483d src/ADXL345.o
                              0x85228 (size before relaxing)
 .debug_str     0x0008483d      0xdb2 src/ASF/sam0/drivers/sercom/i2c/i2c_sam0/i2c_master.o
                              0x82d56 (size before relaxing)
 .debug_str     0x000855ef     0x2535 src/ASF/sam0/drivers/tcc/tcc.o
                              0x84196 (size before relaxing)
 .debug_str     0x00087b24      0x5d9 src/ASF/sam0/drivers/tcc/tcc_callback.o
                              0x8263d (size before relaxing)
 .debug_str     0x000880fd       0x2a src/ASF/sam0/utils/stdio/read.o
                              0x80c6f (size before relaxing)
 .debug_str     0x00088127       0x24 src/ASF/sam0/utils/stdio/write.o
                              0x80c70 (size before relaxing)
 .debug_str     0x0008814b      0x952 src/ASF/sam0/drivers/sercom/usart/usart.o
                              0x83174 (size before relaxing)
 .debug_str     0x00088a9d      0x1fa src/ASF/sam0/drivers/sercom/usart/usart_interrupt.o
                              0x823ba (size before relaxing)
 .debug_str     0x00088c97      0x230 src/ASF/sam0/drivers/sercom/sercom.o
                              0x823a9 (size before relaxing)
 .debug_str     0x00088ec7      0x175 src/ASF/sam0/drivers/sercom/sercom_interrupt.o
                              0x8220c (size before relaxing)
 .debug_str     0x0008903c       0x42 src/ASF/common2/services/delay/sam0/cycle_counter.o
                              0x80f97 (size before relaxing)
 .debug_str     0x0008907e       0x73 src/FIR_Filter.o
                              0x84b94 (size before relaxing)
 .debug_str     0x000890f1       0xca src/Printf.o
                              0x8610c (size before relaxing)
 .debug_str     0x000891bb       0x66 src/ASF/common/utils/interrupt/interrupt_sam_nvic.o
                              0x80cc8 (size before relaxing)
 .debug_str     0x00089221      0x301 src/ASF/sam0/boards/samw25_xplained_pro/board_init.o
                              0x83886 (size before relaxing)
 .debug_str     0x00089522       0x5e src/ASF/sam0/drivers/port/port.o
                              0x810f4 (size before relaxing)
 .debug_str     0x00089580     0x284d src/ASF/sam0/drivers/system/clock/clock_samd21_r21_da_ha1/clock.o
                              0x83f1f (size before relaxing)
 .debug_str     0x0008bdcd      0x1db src/ASF/sam0/drivers/system/clock/clock_samd21_r21_da_ha1/gclk.o
                              0x8198b (size before relaxing)
 .debug_str     0x0008bfa8      0x179 src/ASF/sam0/drivers/system/pinmux/pinmux.o
                              0x8116a (size before relaxing)
 .debug_str     0x0008c121       0x47 src/ASF/sam0/drivers/system/system.o
                              0x80da5 (size before relaxing)
 .debug_str     0x0008c168      0xf1a src/ASF/sam0/utils/cmsis/samd21/source/gcc/startup_samd21.o
                              0x6bd58 (size before relaxing)
 .debug_str     0x0008d082      0x77a src/ASF/sam0/utils/syscalls/gcc/syscalls.o
                               0x73b2 (size before relaxing)
 .debug_str     0x0008d7fc      0x14a src/main.o
                              0x86943 (size before relaxing)

.debug_frame    0x00000000     0x183c
 .debug_frame   0x00000000       0xa4 src/ADXL345.o
 .debug_frame   0x000000a4      0x1e8 src/ASF/sam0/drivers/sercom/i2c/i2c_sam0/i2c_master.o
 .debug_frame   0x0000028c      0x21c src/ASF/sam0/drivers/tcc/tcc.o
 .debug_frame   0x000004a8       0xd4 src/ASF/sam0/drivers/tcc/tcc_callback.o
 .debug_frame   0x0000057c       0x34 src/ASF/sam0/utils/stdio/read.o
 .debug_frame   0x000005b0       0x34 src/ASF/sam0/utils/stdio/write.o
 .debug_frame   0x000005e4       0xac src/ASF/sam0/drivers/sercom/usart/usart.o
 .debug_frame   0x00000690      0x110 src/ASF/sam0/drivers/sercom/usart/usart_interrupt.o
 .debug_frame   0x000007a0       0xbc src/ASF/sam0/drivers/sercom/sercom.o
 .debug_frame   0x0000085c       0xe8 src/ASF/sam0/drivers/sercom/sercom_interrupt.o
 .debug_frame   0x00000944       0x30 src/ASF/common2/services/delay/sam0/cycle_counter.o
 .debug_frame   0x00000974       0x4c src/FIR_Filter.o
 .debug_frame   0x000009c0       0x6c src/Printf.o
 .debug_frame   0x00000a2c       0x30 src/ASF/common/utils/interrupt/interrupt_sam_nvic.o
 .debug_frame   0x00000a5c       0x30 src/ASF/sam0/boards/samw25_xplained_pro/board_init.o
 .debug_frame   0x00000a8c       0x44 src/ASF/sam0/drivers/port/port.o
 .debug_frame   0x00000ad0      0x150 src/ASF/sam0/drivers/system/clock/clock_samd21_r21_da_ha1/clock.o
 .debug_frame   0x00000c20      0x148 src/ASF/sam0/drivers/system/clock/clock_samd21_r21_da_ha1/gclk.o
 .debug_frame   0x00000d68       0x98 src/ASF/sam0/drivers/system/pinmux/pinmux.o
 .debug_frame   0x00000e00       0x38 src/ASF/sam0/drivers/system/system.o
 .debug_frame   0x00000e38       0x40 src/ASF/sam0/utils/cmsis/samd21/source/gcc/startup_samd21.o
 .debug_frame   0x00000e78       0xa0 src/ASF/sam0/utils/syscalls/gcc/syscalls.o
 .debug_frame   0x00000f18       0x48 src/main.o
 .debug_frame   0x00000f60       0x2c c:/program files (x86)/atmel/studio/7.0/toolchain/arm/arm-gnu-toolchain/bin/../lib/gcc/arm-none-eabi/6.3.1/../../../../arm-none-eabi/lib/thumb/v6-m\libc_nano.a(lib_a-init.o)
 .debug_frame   0x00000f8c       0x20 c:/program files (x86)/atmel/studio/7.0/toolchain/arm/arm-gnu-toolchain/bin/../lib/gcc/arm-none-eabi/6.3.1/../../../../arm-none-eabi/lib/thumb/v6-m\libc_nano.a(lib_a-memset.o)
 .debug_frame   0x00000fac       0x44 c:/program files (x86)/atmel/studio/7.0/toolchain/arm/arm-gnu-toolchain/bin/../lib/gcc/arm-none-eabi/6.3.1/../../../../arm-none-eabi/lib/thumb/v6-m\libc_nano.a(lib_a-puts.o)
 .debug_frame   0x00000ff0       0x28 c:/program files (x86)/atmel/studio/7.0/toolchain/arm/arm-gnu-toolchain/bin/../lib/gcc/arm-none-eabi/6.3.1/../../../../arm-none-eabi/lib/thumb/v6-m\libc_nano.a(lib_a-setbuf.o)
 .debug_frame   0x00001018       0x30 c:/program files (x86)/atmel/studio/7.0/toolchain/arm/arm-gnu-toolchain/bin/../lib/gcc/arm-none-eabi/6.3.1/../../../../arm-none-eabi/lib/thumb/v6-m\libc_nano.a(lib_a-setvbuf.o)
 .debug_frame   0x00001048       0x48 c:/program files (x86)/atmel/studio/7.0/toolchain/arm/arm-gnu-toolchain/bin/../lib/gcc/arm-none-eabi/6.3.1/../../../../arm-none-eabi/lib/thumb/v6-m\libc_nano.a(lib_a-wbuf.o)
 .debug_frame   0x00001090       0x2c c:/program files (x86)/atmel/studio/7.0/toolchain/arm/arm-gnu-toolchain/bin/../lib/gcc/arm-none-eabi/6.3.1/../../../../arm-none-eabi/lib/thumb/v6-m\libc_nano.a(lib_a-wsetup.o)
 .debug_frame   0x000010bc       0x68 c:/program files (x86)/atmel/studio/7.0/toolchain/arm/arm-gnu-toolchain/bin/../lib/gcc/arm-none-eabi/6.3.1/../../../../arm-none-eabi/lib/thumb/v6-m\libc_nano.a(lib_a-fflush.o)
 .debug_frame   0x00001124      0x140 c:/program files (x86)/atmel/studio/7.0/toolchain/arm/arm-gnu-toolchain/bin/../lib/gcc/arm-none-eabi/6.3.1/../../../../arm-none-eabi/lib/thumb/v6-m\libc_nano.a(lib_a-findfp.o)
 .debug_frame   0x00001264       0x58 c:/program files (x86)/atmel/studio/7.0/toolchain/arm/arm-gnu-toolchain/bin/../lib/gcc/arm-none-eabi/6.3.1/../../../../arm-none-eabi/lib/thumb/v6-m\libc_nano.a(lib_a-fwalk.o)
 .debug_frame   0x000012bc       0x54 c:/program files (x86)/atmel/studio/7.0/toolchain/arm/arm-gnu-toolchain/bin/../lib/gcc/arm-none-eabi/6.3.1/../../../../arm-none-eabi/lib/thumb/v6-m\libc_nano.a(lib_a-makebuf.o)
 .debug_frame   0x00001310       0x40 c:/program files (x86)/atmel/studio/7.0/toolchain/arm/arm-gnu-toolchain/bin/../lib/gcc/arm-none-eabi/6.3.1/../../../../arm-none-eabi/lib/thumb/v6-m\libc_nano.a(lib_a-malloc.o)
 .debug_frame   0x00001350       0x2c c:/program files (x86)/atmel/studio/7.0/toolchain/arm/arm-gnu-toolchain/bin/../lib/gcc/arm-none-eabi/6.3.1/../../../../arm-none-eabi/lib/thumb/v6-m\libc_nano.a(lib_a-nano-freer.o)
 .debug_frame   0x0000137c       0x2c c:/program files (x86)/atmel/studio/7.0/toolchain/arm/arm-gnu-toolchain/bin/../lib/gcc/arm-none-eabi/6.3.1/../../../../arm-none-eabi/lib/thumb/v6-m\libc_nano.a(lib_a-nano-mallocr.o)
 .debug_frame   0x000013a8       0x2c c:/program files (x86)/atmel/studio/7.0/toolchain/arm/arm-gnu-toolchain/bin/../lib/gcc/arm-none-eabi/6.3.1/../../../../arm-none-eabi/lib/thumb/v6-m\libc_nano.a(lib_a-sbrkr.o)
 .debug_frame   0x000013d4       0x90 c:/program files (x86)/atmel/studio/7.0/toolchain/arm/arm-gnu-toolchain/bin/../lib/gcc/arm-none-eabi/6.3.1/../../../../arm-none-eabi/lib/thumb/v6-m\libc_nano.a(lib_a-stdio.o)
 .debug_frame   0x00001464       0x2c c:/program files (x86)/atmel/studio/7.0/toolchain/arm/arm-gnu-toolchain/bin/../lib/gcc/arm-none-eabi/6.3.1/../../../../arm-none-eabi/lib/thumb/v6-m\libc_nano.a(lib_a-writer.o)
 .debug_frame   0x00001490       0x2c c:/program files (x86)/atmel/studio/7.0/toolchain/arm/arm-gnu-toolchain/bin/../lib/gcc/arm-none-eabi/6.3.1/../../../../arm-none-eabi/lib/thumb/v6-m\libc_nano.a(lib_a-closer.o)
 .debug_frame   0x000014bc       0x2c c:/program files (x86)/atmel/studio/7.0/toolchain/arm/arm-gnu-toolchain/bin/../lib/gcc/arm-none-eabi/6.3.1/../../../../arm-none-eabi/lib/thumb/v6-m\libc_nano.a(lib_a-fstatr.o)
 .debug_frame   0x000014e8       0x2c c:/program files (x86)/atmel/studio/7.0/toolchain/arm/arm-gnu-toolchain/bin/../lib/gcc/arm-none-eabi/6.3.1/../../../../arm-none-eabi/lib/thumb/v6-m\libc_nano.a(lib_a-isattyr.o)
 .debug_frame   0x00001514       0x2c c:/program files (x86)/atmel/studio/7.0/toolchain/arm/arm-gnu-toolchain/bin/../lib/gcc/arm-none-eabi/6.3.1/../../../../arm-none-eabi/lib/thumb/v6-m\libc_nano.a(lib_a-lseekr.o)
 .debug_frame   0x00001540       0x30 c:/program files (x86)/atmel/studio/7.0/toolchain/arm/arm-gnu-toolchain/bin/../lib/gcc/arm-none-eabi/6.3.1/../../../../arm-none-eabi/lib/thumb/v6-m\libc_nano.a(lib_a-mlock.o)
 .debug_frame   0x00001570       0x2c c:/program files (x86)/atmel/studio/7.0/toolchain/arm/arm-gnu-toolchain/bin/../lib/gcc/arm-none-eabi/6.3.1/../../../../arm-none-eabi/lib/thumb/v6-m\libc_nano.a(lib_a-readr.o)
 .debug_frame   0x0000159c       0x48 c:/program files (x86)/atmel/studio/7.0/toolchain/arm/arm-gnu-toolchain/bin/../lib/gcc/arm-none-eabi/6.3.1/../../../../arm-none-eabi/lib/thumb/v6-m\libc_nano.a(lib_a-reent.o)
 .debug_frame   0x000015e4       0x20 c:/program files (x86)/atmel/studio/7.0/toolchain/arm/arm-gnu-toolchain/bin/../lib/gcc/arm-none-eabi/6.3.1/thumb/v6-m\libgcc.a(_udivsi3.o)
 .debug_frame   0x00001604       0x34 c:/program files (x86)/atmel/studio/7.0/toolchain/arm/arm-gnu-toolchain/bin/../lib/gcc/arm-none-eabi/6.3.1/thumb/v6-m\libgcc.a(_muldi3.o)
 .debug_frame   0x00001638       0x3c c:/program files (x86)/atmel/studio/7.0/toolchain/arm/arm-gnu-toolchain/bin/../lib/gcc/arm-none-eabi/6.3.1/thumb/v6-m\libgcc.a(_udivmoddi4.o)
 .debug_frame   0x00001674       0x3c c:/program files (x86)/atmel/studio/7.0/toolchain/arm/arm-gnu-toolchain/bin/../lib/gcc/arm-none-eabi/6.3.1/thumb/v6-m\libgcc.a(adddf3.o)
 .debug_frame   0x000016b0       0x3c c:/program files (x86)/atmel/studio/7.0/toolchain/arm/arm-gnu-toolchain/bin/../lib/gcc/arm-none-eabi/6.3.1/thumb/v6-m\libgcc.a(divdf3.o)
 .debug_frame   0x000016ec       0x3c c:/program files (x86)/atmel/studio/7.0/toolchain/arm/arm-gnu-toolchain/bin/../lib/gcc/arm-none-eabi/6.3.1/thumb/v6-m\libgcc.a(muldf3.o)
 .debug_frame   0x00001728       0x38 c:/program files (x86)/atmel/studio/7.0/toolchain/arm/arm-gnu-toolchain/bin/../lib/gcc/arm-none-eabi/6.3.1/thumb/v6-m\libgcc.a(subdf3.o)
 .debug_frame   0x00001760       0x2c c:/program files (x86)/atmel/studio/7.0/toolchain/arm/arm-gnu-toolchain/bin/../lib/gcc/arm-none-eabi/6.3.1/thumb/v6-m\libgcc.a(fixdfsi.o)
 .debug_frame   0x0000178c       0x2c c:/program files (x86)/atmel/studio/7.0/toolchain/arm/arm-gnu-toolchain/bin/../lib/gcc/arm-none-eabi/6.3.1/thumb/v6-m\libgcc.a(floatsidf.o)
 .debug_frame   0x000017b8       0x28 c:/program files (x86)/atmel/studio/7.0/toolchain/arm/arm-gnu-toolchain/bin/../lib/gcc/arm-none-eabi/6.3.1/thumb/v6-m\libgcc.a(floatunsidf.o)
 .debug_frame   0x000017e0       0x2c c:/program files (x86)/atmel/studio/7.0/toolchain/arm/arm-gnu-toolchain/bin/../lib/gcc/arm-none-eabi/6.3.1/thumb/v6-m\libgcc.a(extendsfdf2.o)
 .debug_frame   0x0000180c       0x30 c:/program files (x86)/atmel/studio/7.0/toolchain/arm/arm-gnu-toolchain/bin/../lib/gcc/arm-none-eabi/6.3.1/thumb/v6-m\libgcc.a(truncdfsf2.o)

Cross Reference Table

Symbol                                            File
AC_Handler                                        src/ASF/sam0/utils/cmsis/samd21/source/gcc/startup_samd21.o
ADC_Handler                                       src/ASF/sam0/utils/cmsis/samd21/source/gcc/startup_samd21.o
ADXL345_ReadRegister                              src/ADXL345.o
ADXL345_WriteRegister                             src/ADXL345.o
ADXL345_get_data                                  src/ADXL345.o
                                                  src/main.o
ADXL345_init                                      src/ADXL345.o
                                                  src/main.o
DAC_Handler                                       src/ASF/sam0/utils/cmsis/samd21/source/gcc/startup_samd21.o
DMAC_Handler                                      src/ASF/sam0/utils/cmsis/samd21/source/gcc/startup_samd21.o
Dummy_Handler                                     src/ASF/sam0/utils/cmsis/samd21/source/gcc/startup_samd21.o
EIC_Handler                                       src/ASF/sam0/utils/cmsis/samd21/source/gcc/startup_samd21.o
EVSYS_Handler                                     src/ASF/sam0/utils/cmsis/samd21/source/gcc/startup_samd21.o
FIR_filter_init                                   src/FIR_Filter.o
                                                  src/main.o
FIR_update                                        src/FIR_Filter.o
                                                  src/main.o
HardFault_Handler                                 src/ASF/sam0/utils/cmsis/samd21/source/gcc/startup_samd21.o
I2S_Handler                                       src/ASF/sam0/utils/cmsis/samd21/source/gcc/startup_samd21.o
LowPass_z                                         src/main.o
NMI_Handler                                       src/ASF/sam0/utils/cmsis/samd21/source/gcc/startup_samd21.o
NVMCTRL_Handler                                   src/ASF/sam0/utils/cmsis/samd21/source/gcc/startup_samd21.o
PM_Handler                                        src/ASF/sam0/utils/cmsis/samd21/source/gcc/startup_samd21.o